MPLINK 4.40, Linker
Linker Map File - Created Tue Jan 24 15:16:12 2012

                                 Section Info
                  Section       Type    Address   Location Size(Bytes)
                ---------  ---------  ---------  ---------  ---------
               _entry_scn       code   0x000000    program   0x000006
               highVector       code   0x000008    program   0x000006
                   .cinit    romdata   0x00002a    program   0x000032
         .code_vscpmain.o       code   0x00005c    program   0x0034c4
              .code_mac.o       code   0x003520    program   0x001342
.code_vscp_firmware_level2.o       code   0x004862    program   0x00118a
          .code_helpers.o       code   0x0059ec    program   0x000c92
           .code_appcfg.o       code   0x00667e    program   0x0006e2
          .code_xeeprom.o       code   0x006d60    program   0x000356
             .code_main.o       code   0x0070b6    program   0x000244
           .code_serint.o       code   0x0072fa    program   0x0001f2
         .code_stacktsk.o       code   0x0074ec    program   0x0001a6
.code_vscp_raw_ethernet.o       code   0x007692    program   0x000172
                   STRING       code   0x007804    program   0x0000dc
              .code_i2c.o       code   0x0078e0    program   0x0000d6
               _cinit_scn       code   0x0079b6    program   0x00009e
           .code_eeprom.o       code   0x007a54    program   0x000088
            .code_delay.o       code   0x007adc    program   0x00005e
       .romdata_helpers.o    romdata   0x007b3a    program   0x000041
.idata_vscp_firmware_level2.o_i    romdata   0x007b7b    program   0x000000
.romdata_vscp_raw_ethernet.o    romdata   0x007b7b    program   0x000000
           .romdata_i2c.o    romdata   0x007b7b    program   0x000000
        .idata_eeprom.o_i    romdata   0x007b7b    program   0x000000
      .idata_stacktsk.o_i    romdata   0x007b7b    program   0x000000
       .idata_xeeprom.o_i    romdata   0x007b7b    program   0x000000
          .romdata_tick.o    romdata   0x007b7b    program   0x000000
         .idata_c018i.o_i    romdata   0x007b7b    program   0x000000
           .idata_mac.o_i    romdata   0x007b7b    program   0x000000
          .romdata_main.o    romdata   0x007b7b    program   0x000000
        .romdata_appcfg.o    romdata   0x007b7b    program   0x000000
             .stringtable    romdata   0x007b7b    program   0x000000
         .romdata_delay.o    romdata   0x007b7b    program   0x000000
                    .code       code   0x007b7c    program   0x000038
            .code_c018i.o       code   0x007b7c    program   0x000000
      .romdata_vscpmain.o    romdata   0x007bb4    program   0x000027
           .romdata_mac.o    romdata   0x007bdb    program   0x000000
.idata_vscp_raw_ethernet.o_i    romdata   0x007bdb    program   0x000000
.romdata_vscp_firmware_level2.o    romdata   0x007bdb    program   0x000000
         .idata_delay.o_i    romdata   0x007bdb    program   0x000000
        .romdata_eeprom.o    romdata   0x007bdb    program   0x000000
       .romdata_xeeprom.o    romdata   0x007bdb    program   0x000000
        .idata___init.o_i    romdata   0x007bdb    program   0x000000
        .romdata___init.o    romdata   0x007bdb    program   0x000000
         .romdata_c018i.o    romdata   0x007bdb    program   0x000000
           .idata_i2c.o_i    romdata   0x007bdb    program   0x000000
        .romdata_serint.o    romdata   0x007bdb    program   0x000000
        .idata_serint.o_i    romdata   0x007bdb    program   0x000000
          .idata_tick.o_i    romdata   0x007bdb    program   0x000000
             .code_tick.o       code   0x007bdc    program   0x000022
              D1KTCYXCODE       code   0x007bfe    program   0x000020
             _startup_scn       code   0x007c1e    program   0x00001c
      .romdata_stacktsk.o    romdata   0x007c3a    program   0x000006
           .code___init.o       code   0x007c40    program   0x000002
      .idata_vscpmain.o_i    romdata   0x007c42    program   0x000007
          .idata_main.o_i    romdata   0x007c49    program   0x000003
       .idata_helpers.o_i    romdata   0x007c4c    program   0x000051
        .idata_appcfg.o_i    romdata   0x007c9d    program   0x000006
    .config_300001_main.o    romdata   0x300001    program   0x000001
    .config_300002_main.o    romdata   0x300002    program   0x000001
    .config_300003_main.o    romdata   0x300003    program   0x000001
    .config_300005_main.o    romdata   0x300005    program   0x000001
    .config_300006_main.o    romdata   0x300006    program   0x000001
    .config_300008_main.o    romdata   0x300008    program   0x000001
    .config_300009_main.o    romdata   0x300009    program   0x000001
    .config_30000a_main.o    romdata   0x30000a    program   0x000001
    .config_30000b_main.o    romdata   0x30000b    program   0x000001
    .config_30000c_main.o    romdata   0x30000c    program   0x000001
    .config_30000d_main.o    romdata   0x30000d    program   0x000001
                   EESECT    romdata   0xf00000    program   0x000100
                 .tmpdata      udata   0x000000       data   0x00001c
                MATH_DATA      udata   0x00001c       data   0x00000b
                accessram      udata   0x000027       data   0x000004
                DELAYDAT1      udata   0x00002b       data   0x000001
         .idata_helpers.o      idata   0x000060       data   0x000051
          .udata_serint.o      udata   0x0000b1       data   0x000045
        .udata_stacktsk.o      udata   0x0000f6       data   0x00000a
          .udata_appcfg.o      udata   0x000100       data   0x00001e
             .udata_mac.o      udata   0x00011e       data   0x00000e
           .udata_c018i.o      udata   0x00012c       data   0x00000a
.udata_vscp_firmware_level2.o      udata   0x000136       data   0x000007
            .udata_tick.o      udata   0x00013d       data   0x000007
        .idata_vscpmain.o      idata   0x000144       data   0x000007
          .idata_appcfg.o      idata   0x00014b       data   0x000006
            .udata_main.o      udata   0x000151       data   0x000004
            .idata_main.o      idata   0x000155       data   0x000003
        .udata_vscpmain.o      udata   0x000158       data   0x000002
         .udata_xeeprom.o      udata   0x00015a       data   0x000000
         .idata_xeeprom.o      idata   0x00015a       data   0x000000
          .udata___init.o      udata   0x00015a       data   0x000000
          .idata_eeprom.o      idata   0x00015a       data   0x000000
          .udata_eeprom.o      udata   0x00015a       data   0x000000
.idata_vscp_firmware_level2.o      idata   0x00015a       data   0x000000
          .idata___init.o      idata   0x00015a       data   0x000000
.idata_vscp_raw_ethernet.o      idata   0x00015a       data   0x000000
.udata_vscp_raw_ethernet.o      udata   0x00015a       data   0x000000
             .idata_i2c.o      idata   0x00015a       data   0x000000
             .udata_i2c.o      udata   0x00015a       data   0x000000
        .idata_stacktsk.o      idata   0x00015a       data   0x000000
          .idata_serint.o      idata   0x00015a       data   0x000000
            .idata_tick.o      idata   0x00015a       data   0x000000
             .idata_mac.o      idata   0x00015a       data   0x000000
         .udata_helpers.o      udata   0x00015a       data   0x000000
           .idata_c018i.o      idata   0x00015a       data   0x000000
           .udata_delay.o      udata   0x00015a       data   0x000000
           .idata_delay.o      idata   0x00015a       data   0x000000
          outeventSection      udata   0x000800       data   0x000200
                   .stack      udata   0x000c00       data   0x000100
              SFR_BANKED0      udata   0x000d60       data   0x00000c
              SFR_BANKED1      udata   0x000d70       data   0x00000c
              SFR_BANKED2      udata   0x000d80       data   0x00000c
              SFR_BANKED3      udata   0x000d90       data   0x000004
              SFR_BANKED4      udata   0x000dd4       data   0x000002
              SFR_BANKED5      udata   0x000dd8       data   0x000001
              SFR_BANKED6      udata   0x000de0       data   0x000008
              SFR_BANKED7      udata   0x000df0       data   0x000004
              SFR_BANKED8      udata   0x000df8       data   0x000001
              SFR_BANKED9      udata   0x000dfa       data   0x000001
             SFR_BANKED10      udata   0x000dfc       data   0x000001
             SFR_BANKED11      udata   0x000e20       data   0x000060
             SFR_BANKED12      udata   0x000f00       data   0x000060
            SFR_UNBANKED0      udata   0x000f60       data   0x0000a0



                              Program Memory Usage 
                               Start         End      
                           ---------   ---------      
                            0x000000    0x000005      
                            0x000008    0x00000d      
                            0x00002a    0x007b7a      
                            0x007b7c    0x007bda      
                            0x007bdc    0x007ca2      
                            0x300001    0x300003      
                            0x300005    0x300006      
                            0x300008    0x30000d      
                            0xf00000    0xf000ff      
            32142 out of 66584 program addresses used, program memory utilization is 48%



                              Symbols - Sorted by Name
                     Name    Address   Location    Storage File                     
                ---------  ---------  ---------  --------- ---------                
     CalcIPBufferChecksum   0x005d4c    program     extern C:\Users\akhe\Documents\development\m2m\firmware\pic\modtronix\websrvr68_v310_rawEthernet\helpers.c
           CalcIPChecksum   0x005be2    program     extern C:\Users\akhe\Documents\development\m2m\firmware\pic\modtronix\websrvr68_v310_rawEthernet\helpers.c
                    D1K_1   0x007c0a    program     static C:\MCC18\v3_39\src\traditional\delays\d1ktcyx.asm
                     D1Kx   0x007c08    program     static C:\MCC18\v3_39\src\traditional\delays\d1ktcyx.asm
                Delay10us   0x007adc    program     extern C:\Users\akhe\Documents\development\m2m\firmware\pic\modtronix\websrvr68_v310_rawEthernet\delay.c
              Delay1KTCYx   0x007bfe    program     extern C:\MCC18\v3_39\src\traditional\delays\d1ktcyx.asm
                  DelayMs   0x007b0c    program     extern C:\Users\akhe\Documents\development\m2m\firmware\pic\modtronix\websrvr68_v310_rawEthernet\delay.c
                  HighISR   0x0070b6    program     extern C:\Users\akhe\Documents\development\m2m\firmware\pic\modtronix\websrvr68_v310_rawEthernet\main.c
               HighVector   0x000008    program     extern C:\Users\akhe\Documents\development\m2m\firmware\pic\modtronix\websrvr68_v310_rawEthernet\main.c
          InitializeBoard   0x0072ea    program     static C:\Users\akhe\Documents\development\m2m\firmware\pic\modtronix\websrvr68_v310_rawEthernet\main.c
             MACDiscardRx   0x003fda    program     extern C:\Users\akhe\Documents\development\m2m\firmware\pic\modtronix\websrvr68_v310_rawEthernet\mac.c
             MACDiscardTx   0x003f8e    program     extern C:\Users\akhe\Documents\development\m2m\firmware\pic\modtronix\websrvr68_v310_rawEthernet\mac.c
                 MACFlush   0x0045da    program     extern C:\Users\akhe\Documents\development\m2m\firmware\pic\modtronix\websrvr68_v310_rawEthernet\mac.c
                   MACGet   0x003c08    program     extern C:\Users\akhe\Documents\development\m2m\firmware\pic\modtronix\websrvr68_v310_rawEthernet\mac.c
              MACGetArray   0x003cfc    program     extern C:\Users\akhe\Documents\development\m2m\firmware\pic\modtronix\websrvr68_v310_rawEthernet\mac.c
           MACGetArrayChr   0x003dec    program     extern C:\Users\akhe\Documents\development\m2m\firmware\pic\modtronix\websrvr68_v310_rawEthernet\mac.c
         MACGetFreeRxSize   0x00402a    program     extern C:\Users\akhe\Documents\development\m2m\firmware\pic\modtronix\websrvr68_v310_rawEthernet\mac.c
             MACGetHeader   0x004122    program     extern C:\Users\akhe\Documents\development\m2m\firmware\pic\modtronix\websrvr68_v310_rawEthernet\mac.c
            MACGetNICAddr   0x004754    program     extern C:\Users\akhe\Documents\development\m2m\firmware\pic\modtronix\websrvr68_v310_rawEthernet\mac.c
           MACGetTxBuffer   0x0038b0    program     extern C:\Users\akhe\Documents\development\m2m\firmware\pic\modtronix\websrvr68_v310_rawEthernet\mac.c
                  MACInit   0x003520    program     extern C:\Users\akhe\Documents\development\m2m\firmware\pic\modtronix\websrvr68_v310_rawEthernet\mac.c
             MACIsTxReady   0x003820    program     extern C:\Users\akhe\Documents\development\m2m\firmware\pic\modtronix\websrvr68_v310_rawEthernet\mac.c
                   MACPut   0x00395e    program     extern C:\Users\akhe\Documents\development\m2m\firmware\pic\modtronix\websrvr68_v310_rawEthernet\mac.c
              MACPutArray   0x0039c6    program     extern C:\Users\akhe\Documents\development\m2m\firmware\pic\modtronix\websrvr68_v310_rawEthernet\mac.c
             MACPutHeader   0x004450    program     extern C:\Users\akhe\Documents\development\m2m\firmware\pic\modtronix\websrvr68_v310_rawEthernet\mac.c
       MACReserveTxBuffer   0x003f66    program     extern C:\Users\akhe\Documents\development\m2m\firmware\pic\modtronix\websrvr68_v310_rawEthernet\mac.c
           MACSetRxBuffer   0x0047a0    program     extern C:\Users\akhe\Documents\development\m2m\firmware\pic\modtronix\websrvr68_v310_rawEthernet\mac.c
           MACSetTxBuffer   0x0047f4    program     extern C:\Users\akhe\Documents\development\m2m\firmware\pic\modtronix\websrvr68_v310_rawEthernet\mac.c
                  MACTask   0x0037d6    program     extern C:\Users\akhe\Documents\development\m2m\firmware\pic\modtronix\websrvr68_v310_rawEthernet\mac.c
                   NICGet   0x0046ea    program     extern C:\Users\akhe\Documents\development\m2m\firmware\pic\modtronix\websrvr68_v310_rawEthernet\mac.c
                   NICPut   0x0046c2    program     extern C:\Users\akhe\Documents\development\m2m\firmware\pic\modtronix\websrvr68_v310_rawEthernet\mac.c
                 NICReset   0x00469c    program     extern C:\Users\akhe\Documents\development\m2m\firmware\pic\modtronix\websrvr68_v310_rawEthernet\mac.c
               NICSetAddr   0x004718    program     extern C:\Users\akhe\Documents\development\m2m\firmware\pic\modtronix\websrvr68_v310_rawEthernet\mac.c
                ProcessIO   0x007246    program     static C:\Users\akhe\Documents\development\m2m\firmware\pic\modtronix\websrvr68_v310_rawEthernet\main.c
            STACK_VER_STR   0x007c3a    program     extern C:\Users\akhe\Documents\development\m2m\firmware\pic\modtronix\websrvr68_v310_rawEthernet\stacktsk.c
       SendTestVSCPPacket   0x0076a6    program     extern C:\Users\akhe\Documents\development\m2m\firmware\pic\modtronix\websrvr68_v310_rawEthernet\vscp_raw_ethernet.c
                StackInit   0x0074ec    program     extern C:\Users\akhe\Documents\development\m2m\firmware\pic\modtronix\websrvr68_v310_rawEthernet\stacktsk.c
                StackTask   0x0074f4    program     extern C:\Users\akhe\Documents\development\m2m\firmware\pic\modtronix\websrvr68_v310_rawEthernet\stacktsk.c
                 TickInit   0x007bdc    program     extern C:\Users\akhe\Documents\development\m2m\firmware\pic\modtronix\websrvr68_v310_rawEthernet\tick.c
             XEEBeginRead   0x006e62    program     extern C:\Users\akhe\Documents\development\m2m\firmware\pic\modtronix\websrvr68_v310_rawEthernet\xeeprom.c
                 XEEClose   0x007008    program     extern C:\Users\akhe\Documents\development\m2m\firmware\pic\modtronix\websrvr68_v310_rawEthernet\xeeprom.c
               XEEEndRead   0x006f84    program     extern C:\Users\akhe\Documents\development\m2m\firmware\pic\modtronix\websrvr68_v310_rawEthernet\xeeprom.c
              XEEEndWrite   0x006f54    program     extern C:\Users\akhe\Documents\development\m2m\firmware\pic\modtronix\websrvr68_v310_rawEthernet\xeeprom.c
                  XEEInit   0x006d60    program     extern C:\Users\akhe\Documents\development\m2m\firmware\pic\modtronix\websrvr68_v310_rawEthernet\xeeprom.c
                XEEIsBusy   0x007030    program     extern C:\Users\akhe\Documents\development\m2m\firmware\pic\modtronix\websrvr68_v310_rawEthernet\xeeprom.c
                  XEERead   0x006f74    program     extern C:\Users\akhe\Documents\development\m2m\firmware\pic\modtronix\websrvr68_v310_rawEthernet\xeeprom.c
             XEEReadArray   0x006f98    program     extern C:\Users\akhe\Documents\development\m2m\firmware\pic\modtronix\websrvr68_v310_rawEthernet\xeeprom.c
               XEESetAddr   0x006d86    program     extern C:\Users\akhe\Documents\development\m2m\firmware\pic\modtronix\websrvr68_v310_rawEthernet\xeeprom.c
                 XEEWrite   0x006efc    program     extern C:\Users\akhe\Documents\development\m2m\firmware\pic\modtronix\websrvr68_v310_rawEthernet\xeeprom.c
              _2jContinue   0x0078cc    program     static C:\MCC18\v3_39\src\traditional\stdclib\memset.asm
                   _3jEnd   0x0078d6    program     static C:\MCC18\v3_39\src\traditional\stdclib\memset.asm
              _4jContinue   0x00788a    program     static C:\MCC18\v3_39\src\traditional\stdclib\memcpy.asm
              _4jContinue   0x007830    program     static C:\MCC18\v3_39\src\traditional\stdclib\memcmp.asm
                   _5jEnd   0x00783a    program     static C:\MCC18\v3_39\src\traditional\stdclib\memcmp.asm
                   _5jEnd   0x007894    program     static C:\MCC18\v3_39\src\traditional\stdclib\memcpy.asm
        _D1KTCYXCODE_0010   0x007c0e    program     static C:\MCC18\v3_39\src\traditional\delays\d1ktcyx.asm
        _D1KTCYXCODE_0016   0x007c14    program     static C:\MCC18\v3_39\src\traditional\delays\d1ktcyx.asm
           ___do_lbl00043   0x006076    program     static                          
           ___do_lbl00044   0x00607a    program     static                          
           ___do_lbl00048   0x006010    program     static                          
         ___else_lbl00013   0x0071c8    program     static                          
           ___if_lbl00010   0x00675a    program     static                          
           ___if_lbl00010   0x0071c6    program     static                          
           ___if_lbl00011   0x0071c6    program     static                          
           ___if_lbl00012   0x0071ce    program     static                          
           ___if_lbl00014   0x0071d6    program     static                          
           ___if_lbl00045   0x006034    program     static                          
       ___return_lbl00000   0x000004    program     static                          
       ___return_lbl00001   0x007c38    program     static                          
       ___return_lbl00002   0x007a52    program     static                          
       ___return_lbl00007   0x00000c    program     static                          
       ___return_lbl00007   0x00677e    program     static                          
       ___return_lbl00008   0x0071d6    program     static                          
       ___return_lbl00040   0x006080    program     static                          
        ___while_lbl00008   0x006742    program     static                          
        ___while_lbl00009   0x00674c    program     static                          
        ___while_lbl00011   0x006770    program     static                          
        ___while_lbl00012   0x00677a    program     static                          
        ___while_lbl00041   0x006000    program     static                          
        ___while_lbl00042   0x00600a    program     static                          
        ___while_lbl00046   0x00606c    program     static                          
        ___while_lbl00047   0x006076    program     static                          
               __config_0   0x300001    program     static C:\Users\akhe\Documents\development\m2m\firmware\pic\modtronix\websrvr68_v310_rawEthernet\main.c
               __config_1   0x300002    program     static C:\Users\akhe\Documents\development\m2m\firmware\pic\modtronix\websrvr68_v310_rawEthernet\main.c
              __config_10   0x30000d    program     static C:\Users\akhe\Documents\development\m2m\firmware\pic\modtronix\websrvr68_v310_rawEthernet\main.c
               __config_2   0x300003    program     static C:\Users\akhe\Documents\development\m2m\firmware\pic\modtronix\websrvr68_v310_rawEthernet\main.c
               __config_3   0x300005    program     static C:\Users\akhe\Documents\development\m2m\firmware\pic\modtronix\websrvr68_v310_rawEthernet\main.c
               __config_4   0x300006    program     static C:\Users\akhe\Documents\development\m2m\firmware\pic\modtronix\websrvr68_v310_rawEthernet\main.c
               __config_5   0x300008    program     static C:\Users\akhe\Documents\development\m2m\firmware\pic\modtronix\websrvr68_v310_rawEthernet\main.c
               __config_6   0x300009    program     static C:\Users\akhe\Documents\development\m2m\firmware\pic\modtronix\websrvr68_v310_rawEthernet\main.c
               __config_7   0x30000a    program     static C:\Users\akhe\Documents\development\m2m\firmware\pic\modtronix\websrvr68_v310_rawEthernet\main.c
               __config_8   0x30000b    program     static C:\Users\akhe\Documents\development\m2m\firmware\pic\modtronix\websrvr68_v310_rawEthernet\main.c
               __config_9   0x30000c    program     static C:\Users\akhe\Documents\development\m2m\firmware\pic\modtronix\websrvr68_v310_rawEthernet\main.c
                   __init   0x007c40    program     extern C:\MCC18\v3_39\src\traditional\stdclib\__init.c
             __tmplbl_255   0x001b18    program     static                          
             __tmplbl_256   0x001902    program     static                          
             __tmplbl_257   0x0018ba    program     static                          
             __tmplbl_258   0x0018ba    program     static                          
             __tmplbl_259   0x0018ba    program     static                          
             __tmplbl_260   0x0018ba    program     static                          
             __tmplbl_261   0x0018ba    program     static                          
             __tmplbl_262   0x0018ba    program     static                          
             __tmplbl_263   0x0018ba    program     static                          
             __tmplbl_264   0x0018ba    program     static                          
             __tmplbl_265   0x0018ba    program     static                          
             __tmplbl_266   0x0018ba    program     static                          
             __tmplbl_267   0x0018ba    program     static                          
             __tmplbl_268   0x0018ba    program     static                          
             __tmplbl_269   0x0018ba    program     static                          
             __tmplbl_270   0x0018ba    program     static                          
             __tmplbl_271   0x0018ba    program     static                          
             __tmplbl_272   0x001876    program     static                          
             __tmplbl_273   0x001876    program     static                          
             __tmplbl_274   0x001876    program     static                          
             __tmplbl_275   0x001876    program     static                          
             __tmplbl_276   0x001876    program     static                          
             __tmplbl_277   0x001876    program     static                          
             __tmplbl_278   0x001876    program     static                          
             __tmplbl_279   0x001876    program     static                          
             __tmplbl_280   0x001864    program     static                          
             __tmplbl_281   0x001852    program     static                          
             __tmplbl_282   0x00180e    program     static                          
             __tmplbl_283   0x00180e    program     static                          
             __tmplbl_284   0x00180e    program     static                          
             __tmplbl_285   0x00180e    program     static                          
             __tmplbl_286   0x00180e    program     static                          
             __tmplbl_287   0x00180e    program     static                          
             __tmplbl_288   0x00180e    program     static                          
             __tmplbl_289   0x00180e    program     static                          
             __tmplbl_290   0x00180e    program     static                          
             __tmplbl_291   0x00180e    program     static                          
             __tmplbl_292   0x00180e    program     static                          
             __tmplbl_293   0x00180e    program     static                          
             __tmplbl_294   0x00180e    program     static                          
             __tmplbl_295   0x00180e    program     static                          
             __tmplbl_296   0x00180e    program     static                          
             __tmplbl_297   0x00180e    program     static                          
             __tmplbl_298   0x00180e    program     static                          
             __tmplbl_299   0x00180e    program     static                          
             __tmplbl_300   0x00180e    program     static                          
             __tmplbl_301   0x00180e    program     static                          
             __tmplbl_302   0x00180e    program     static                          
             __tmplbl_303   0x00180e    program     static                          
             __tmplbl_304   0x00180e    program     static                          
             __tmplbl_305   0x00180e    program     static                          
             __tmplbl_306   0x00180e    program     static                          
             __tmplbl_307   0x00180e    program     static                          
             __tmplbl_367   0x002c16    program     static                          
             __tmplbl_368   0x002af0    program     static                          
             __tmplbl_369   0x002a5e    program     static                          
             __tmplbl_370   0x002a5e    program     static                          
             __tmplbl_371   0x002a5e    program     static                          
             __tmplbl_372   0x002a5e    program     static                          
             __tmplbl_373   0x002a5e    program     static                          
             __tmplbl_374   0x002a5e    program     static                          
             __tmplbl_375   0x002a5e    program     static                          
             __tmplbl_376   0x002a5e    program     static                          
             __tmplbl_377   0x002a5e    program     static                          
             __tmplbl_378   0x002a5e    program     static                          
             __tmplbl_379   0x002a5e    program     static                          
             __tmplbl_380   0x002a5e    program     static                          
             __tmplbl_381   0x002a5e    program     static                          
             __tmplbl_382   0x002a5e    program     static                          
             __tmplbl_383   0x002a5e    program     static                          
             __tmplbl_384   0x0029d4    program     static                          
             __tmplbl_385   0x0029d4    program     static                          
             __tmplbl_386   0x0029d4    program     static                          
             __tmplbl_387   0x0029d4    program     static                          
             __tmplbl_388   0x0029d4    program     static                          
             __tmplbl_389   0x0029d4    program     static                          
             __tmplbl_390   0x0029d4    program     static                          
             __tmplbl_391   0x0029d4    program     static                          
             __tmplbl_392   0x002996    program     static                          
             __tmplbl_393   0x002970    program     static                          
             __tmplbl_394   0x0028e6    program     static                          
             __tmplbl_395   0x0028e6    program     static                          
             __tmplbl_396   0x0028e6    program     static                          
             __tmplbl_397   0x0028e6    program     static                          
             __tmplbl_398   0x0028e6    program     static                          
             __tmplbl_399   0x0028e6    program     static                          
               __tmplbl_4   0x0071c2    program     static                          
             __tmplbl_400   0x0028e6    program     static                          
             __tmplbl_401   0x0028e6    program     static                          
             __tmplbl_402   0x0028e6    program     static                          
             __tmplbl_403   0x0028e6    program     static                          
             __tmplbl_404   0x0028e6    program     static                          
             __tmplbl_405   0x0028e6    program     static                          
             __tmplbl_406   0x0028e6    program     static                          
             __tmplbl_407   0x0028e6    program     static                          
             __tmplbl_408   0x0028e6    program     static                          
             __tmplbl_409   0x0028e6    program     static                          
             __tmplbl_410   0x0028e6    program     static                          
             __tmplbl_411   0x0028e6    program     static                          
             __tmplbl_412   0x0028e6    program     static                          
             __tmplbl_413   0x0028e6    program     static                          
             __tmplbl_414   0x0028e6    program     static                          
             __tmplbl_415   0x0028e6    program     static                          
             __tmplbl_416   0x0028e6    program     static                          
             __tmplbl_417   0x0028e6    program     static                          
             __tmplbl_418   0x0028e6    program     static                          
             __tmplbl_419   0x0028e6    program     static                          
             __tmplbl_420   0x0028e6    program     static                          
             __tmplbl_421   0x0028e6    program     static                          
             __tmplbl_422   0x0028e6    program     static                          
             __tmplbl_423   0x0028e6    program     static                          
             __tmplbl_424   0x0028e6    program     static                          
             __tmplbl_425   0x0028e6    program     static                          
             __tmplbl_426   0x0028c0    program     static                          
               __tmplbl_5   0x0071bc    program     static                          
            __zero_memory   0x007b7c    program     extern C:\MCC18\v3_39\src\traditional\proc\p18F6680.asm
              _appcfgPutc   0x006718    program     extern C:\Users\akhe\Documents\development\m2m\firmware\pic\modtronix\websrvr68_v310_rawEthernet\appcfg.c
                _do_cinit   0x0079b6    program     extern C:\MCC18\v3_39\src\traditional\startup\c018i.c
                   _entry   0x000000    program     extern C:\MCC18\v3_39\src\traditional\startup\c018i.c
                 _startup   0x007c1e    program     extern C:\MCC18\v3_39\src\traditional\startup\c018i.c
                appcfgADC   0x006954    program     extern C:\Users\akhe\Documents\development\m2m\firmware\pic\modtronix\websrvr68_v310_rawEthernet\appcfg.c
              appcfgCpuIO   0x006890    program     extern C:\Users\akhe\Documents\development\m2m\firmware\pic\modtronix\websrvr68_v310_rawEthernet\appcfg.c
        appcfgCpuIOValues   0x0068f6    program     extern C:\Users\akhe\Documents\development\m2m\firmware\pic\modtronix\websrvr68_v310_rawEthernet\appcfg.c
               appcfgGetc   0x0066d8    program     extern C:\Users\akhe\Documents\development\m2m\firmware\pic\modtronix\websrvr68_v310_rawEthernet\appcfg.c
               appcfgInit   0x00667e    program     extern C:\Users\akhe\Documents\development\m2m\firmware\pic\modtronix\websrvr68_v310_rawEthernet\appcfg.c
                appcfgPWM   0x006c74    program     extern C:\Users\akhe\Documents\development\m2m\firmware\pic\modtronix\websrvr68_v310_rawEthernet\appcfg.c
               appcfgSave   0x006788    program     extern C:\Users\akhe\Documents\development\m2m\firmware\pic\modtronix\websrvr68_v310_rawEthernet\appcfg.c
              appcfgUSART   0x00678a    program     extern C:\Users\akhe\Documents\development\m2m\firmware\pic\modtronix\websrvr68_v310_rawEthernet\appcfg.c
             appcfgUSART2   0x006872    program     extern C:\Users\akhe\Documents\development\m2m\firmware\pic\modtronix\websrvr68_v310_rawEthernet\appcfg.c
             base64Decode   0x006282    program     extern C:\Users\akhe\Documents\development\m2m\firmware\pic\modtronix\websrvr68_v310_rawEthernet\helpers.c
             base64EncStr   0x007b3a    program     static C:\Users\akhe\Documents\development\m2m\firmware\pic\modtronix\websrvr68_v310_rawEthernet\helpers.c
             base64Encode   0x006292    program     extern C:\Users\akhe\Documents\development\m2m\firmware\pic\modtronix\websrvr68_v310_rawEthernet\helpers.c
             btohexa_high   0x005a20    program     extern C:\Users\akhe\Documents\development\m2m\firmware\pic\modtronix\websrvr68_v310_rawEthernet\helpers.c
              btohexa_low   0x0059ec    program     extern C:\Users\akhe\Documents\development\m2m\firmware\pic\modtronix\websrvr68_v310_rawEthernet\helpers.c
                compare_l   0x007baa    program     static C:\MCC18\v3_39\src\traditional\proc\p18F6680.asm
                copy_loop   0x007a28    program     static                          
            copy_one_byte   0x007a2e    program     static                          
                 doAction   0x00331a    program     extern C:\Users\akhe\Documents\development\m2m\firmware\pic\modtronix\websrvr68_v310_rawEthernet\vscpmain.c
                     done   0x007a52    program     static                          
             done_copying   0x007a3c    program     static                          
            eeConfigArray   0xf00000    program     extern C:\Users\akhe\Documents\development\m2m\firmware\pic\modtronix\websrvr68_v310_rawEthernet\appcfg.c
        eeconfigArrayFill   0xf00051    program     extern C:\Users\akhe\Documents\development\m2m\firmware\pic\modtronix\websrvr68_v310_rawEthernet\appcfg.c
          fastUserProcess   0x0071a4    program     extern C:\Users\akhe\Documents\development\m2m\firmware\pic\modtronix\websrvr68_v310_rawEthernet\main.c
                 feedVSCP   0x00005c    program     extern C:\Users\akhe\Documents\development\m2m\firmware\pic\modtronix\websrvr68_v310_rawEthernet\vscpmain.c
                 fillGUID   0x005990    program     extern C:\Users\akhe\Documents\development\m2m\firmware\common\vscp_firmware_level2.c
             getHexNibble   0x005ee8    program     extern C:\Users\akhe\Documents\development\m2m\firmware\pic\modtronix\websrvr68_v310_rawEthernet\helpers.c
            getInputState   0x00341e    program     extern C:\Users\akhe\Documents\development\m2m\firmware\pic\modtronix\websrvr68_v310_rawEthernet\vscpmain.c
              getPWMValue   0x00345c    program     extern C:\Users\akhe\Documents\development\m2m\firmware\pic\modtronix\websrvr68_v310_rawEthernet\vscpmain.c
    getVSCPBootloaderCode   0x000914    program     extern C:\Users\akhe\Documents\development\m2m\firmware\pic\modtronix\websrvr68_v310_rawEthernet\vscpmain.c
        getVSCP_DeviceURL   0x00091a    program     extern C:\Users\akhe\Documents\development\m2m\firmware\pic\modtronix\websrvr68_v310_rawEthernet\vscpmain.c
                   hextob   0x005f60    program     extern C:\Users\akhe\Documents\development\m2m\firmware\pic\modtronix\websrvr68_v310_rawEthernet\helpers.c
               i2cGetByte   0x007916    program     extern C:\Users\akhe\Documents\development\m2m\firmware\pic\modtronix\websrvr68_v310_rawEthernet\i2c.c
                  i2cOpen   0x0078e6    program     extern C:\Users\akhe\Documents\development\m2m\firmware\pic\modtronix\websrvr68_v310_rawEthernet\i2c.c
               i2cPutByte   0x007954    program     extern C:\Users\akhe\Documents\development\m2m\firmware\pic\modtronix\websrvr68_v310_rawEthernet\i2c.c
        i2cPutByteAndWait   0x00797c    program     extern C:\Users\akhe\Documents\development\m2m\firmware\pic\modtronix\websrvr68_v310_rawEthernet\i2c.c
                  i2cTask   0x0078e0    program     extern C:\Users\akhe\Documents\development\m2m\firmware\pic\modtronix\websrvr68_v310_rawEthernet\i2c.c
                     jEnd   0x00789a    program     static C:\MCC18\v3_39\src\traditional\stdclib\memcpy.asm
                     jEnd   0x007840    program     static C:\MCC18\v3_39\src\traditional\stdclib\memcmp.asm
                     jEnd   0x0078de    program     static C:\MCC18\v3_39\src\traditional\stdclib\memset.asm
                    jLoop   0x0078c0    program     static C:\MCC18\v3_39\src\traditional\stdclib\memset.asm
                    jLoop   0x007824    program     static C:\MCC18\v3_39\src\traditional\stdclib\memcmp.asm
                    jLoop   0x00787e    program     static C:\MCC18\v3_39\src\traditional\stdclib\memcpy.asm
                     loop   0x007c2e    program     static                          
                   loop_h   0x007ba2    program     static C:\MCC18\v3_39\src\traditional\proc\p18F6680.asm
                   loop_l   0x007bac    program     static C:\MCC18\v3_39\src\traditional\proc\p18F6680.asm
                     main   0x0071d8    program     extern C:\Users\akhe\Documents\development\m2m\firmware\pic\modtronix\websrvr68_v310_rawEthernet\main.c
                   memclr   0x00620a    program     extern C:\Users\akhe\Documents\development\m2m\firmware\pic\modtronix\websrvr68_v310_rawEthernet\helpers.c
                   memcmp   0x007804    program     extern C:\MCC18\v3_39\src\traditional\stdclib\memcmp.asm
                   memcpy   0x007856    program     extern C:\MCC18\v3_39\src\traditional\stdclib\memcpy.asm
                   memset   0x0078ac    program     extern C:\MCC18\v3_39\src\traditional\stdclib\memset.asm
         periodicVSCPWork   0x0005b8    program     extern C:\Users\akhe\Documents\development\m2m\firmware\pic\modtronix\websrvr68_v310_rawEthernet\vscpmain.c
                pwmEnable   0x006c20    program     extern C:\Users\akhe\Documents\development\m2m\firmware\pic\modtronix\websrvr68_v310_rawEthernet\appcfg.c
               pwmGetFreq   0x006bde    program     extern C:\Users\akhe\Documents\development\m2m\firmware\pic\modtronix\websrvr68_v310_rawEthernet\appcfg.c
              pwmGetValue   0x006a7a    program     extern C:\Users\akhe\Documents\development\m2m\firmware\pic\modtronix\websrvr68_v310_rawEthernet\appcfg.c
               pwmSetFreq   0x006b58    program     extern C:\Users\akhe\Documents\development\m2m\firmware\pic\modtronix\websrvr68_v310_rawEthernet\appcfg.c
              pwmSetValue   0x006974    program     extern C:\Users\akhe\Documents\development\m2m\firmware\pic\modtronix\websrvr68_v310_rawEthernet\appcfg.c
               readEEPROM   0x007aa0    program     extern C:\Users\akhe\Documents\development\m2m\firmware\pic\common\eeprom.c
            sendHeartBeat   0x00076e    program     extern C:\Users\akhe\Documents\development\m2m\firmware\pic\modtronix\websrvr68_v310_rawEthernet\vscpmain.c
     sendPeriodicADEvents   0x000834    program     extern C:\Users\akhe\Documents\development\m2m\firmware\pic\modtronix\websrvr68_v310_rawEthernet\vscpmain.c
  sendPeriodicInputEvents   0x000800    program     extern C:\Users\akhe\Documents\development\m2m\firmware\pic\modtronix\websrvr68_v310_rawEthernet\vscpmain.c
 sendPeriodicOutputEvents   0x0007d0    program     extern C:\Users\akhe\Documents\development\m2m\firmware\pic\modtronix\websrvr68_v310_rawEthernet\vscpmain.c
                serEnable   0x00731c    program     extern C:\Users\akhe\Documents\development\m2m\firmware\pic\modtronix\websrvr68_v310_rawEthernet\serint.c
               serGetByte   0x00738e    program     extern C:\Users\akhe\Documents\development\m2m\firmware\pic\modtronix\websrvr68_v310_rawEthernet\serint.c
               serGetStat   0x007386    program     extern C:\Users\akhe\Documents\development\m2m\firmware\pic\modtronix\websrvr68_v310_rawEthernet\serint.c
                  serInit   0x0072fa    program     extern C:\Users\akhe\Documents\development\m2m\firmware\pic\modtronix\websrvr68_v310_rawEthernet\serint.c
               serPutByte   0x0073c0    program     extern C:\Users\akhe\Documents\development\m2m\firmware\pic\modtronix\websrvr68_v310_rawEthernet\serint.c
            serPutByteHex   0x00740e    program     extern C:\Users\akhe\Documents\development\m2m\firmware\pic\modtronix\websrvr68_v310_rawEthernet\serint.c
          serPutRomString   0x0074a0    program     extern C:\Users\akhe\Documents\development\m2m\firmware\pic\modtronix\websrvr68_v310_rawEthernet\serint.c
             serPutString   0x007464    program     extern C:\Users\akhe\Documents\development\m2m\firmware\pic\modtronix\websrvr68_v310_rawEthernet\serint.c
                 serReset   0x007322    program     extern C:\Users\akhe\Documents\development\m2m\firmware\pic\modtronix\websrvr68_v310_rawEthernet\serint.c
                 serRxIsr   0x007332    program     extern C:\Users\akhe\Documents\development\m2m\firmware\pic\modtronix\websrvr68_v310_rawEthernet\serint.c
               serService   0x007384    program     extern C:\Users\akhe\Documents\development\m2m\firmware\pic\modtronix\websrvr68_v310_rawEthernet\serint.c
                 serTxIsr   0x00735e    program     extern C:\Users\akhe\Documents\development\m2m\firmware\pic\modtronix\websrvr68_v310_rawEthernet\serint.c
              setPWMValue   0x0034b8    program     extern C:\Users\akhe\Documents\development\m2m\firmware\pic\modtronix\websrvr68_v310_rawEthernet\vscpmain.c
          strBeginsWithIC   0x00617e    program     extern C:\Users\akhe\Documents\development\m2m\firmware\pic\modtronix\websrvr68_v310_rawEthernet\helpers.c
             strcmpee2ram   0x006114    program     extern C:\Users\akhe\Documents\development\m2m\firmware\pic\modtronix\websrvr68_v310_rawEthernet\helpers.c
             strcpyee2ram   0x00608a    program     extern C:\Users\akhe\Documents\development\m2m\firmware\pic\modtronix\websrvr68_v310_rawEthernet\helpers.c
             strcpyram2ee   0x005ff4    program     extern C:\Users\akhe\Documents\development\m2m\firmware\pic\modtronix\websrvr68_v310_rawEthernet\helpers.c
                    swapl   0x005aaa    program     extern C:\Users\akhe\Documents\development\m2m\firmware\pic\modtronix\websrvr68_v310_rawEthernet\helpers.c
                    swaps   0x005a56    program     extern C:\Users\akhe\Documents\development\m2m\firmware\pic\modtronix\websrvr68_v310_rawEthernet\helpers.c
                     test   0x0079d0    program     static                          
           vscp_deviceURL   0x007bbc    program     extern C:\Users\akhe\Documents\development\m2m\firmware\pic\modtronix\websrvr68_v310_rawEthernet\vscpmain.c
              vscp_feedDM   0x002f6e    program     extern C:\Users\akhe\Documents\development\m2m\firmware\pic\modtronix\websrvr68_v310_rawEthernet\vscpmain.c
vscp_getBootLoaderAlgorithm   0x000b02    program     extern C:\Users\akhe\Documents\development\m2m\firmware\pic\modtronix\websrvr68_v310_rawEthernet\vscpmain.c
       vscp_getBufferSize   0x000b08    program     extern C:\Users\akhe\Documents\development\m2m\firmware\pic\modtronix\websrvr68_v310_rawEthernet\vscpmain.c
      vscp_getControlByte   0x000974    program     extern C:\Users\akhe\Documents\development\m2m\firmware\pic\modtronix\websrvr68_v310_rawEthernet\vscpmain.c
            vscp_getEvent   0x0048a6    program     extern C:\Users\akhe\Documents\development\m2m\firmware\common\vscp_firmware_level2.c
vscp_getFirmwareMajorVersion   0x000902    program     extern C:\Users\akhe\Documents\development\m2m\firmware\pic\modtronix\websrvr68_v310_rawEthernet\vscpmain.c
vscp_getFirmwareMinorVersion   0x000908    program     extern C:\Users\akhe\Documents\development\m2m\firmware\pic\modtronix\websrvr68_v310_rawEthernet\vscpmain.c
vscp_getFirmwareSubMinorVersion   0x00090e    program     extern C:\Users\akhe\Documents\development\m2m\firmware\pic\modtronix\websrvr68_v310_rawEthernet\vscpmain.c
             vscp_getGUID   0x000a64    program     extern C:\Users\akhe\Documents\development\m2m\firmware\pic\modtronix\websrvr68_v310_rawEthernet\vscpmain.c
          vscp_getMDF_URL   0x000b0e    program     extern C:\Users\akhe\Documents\development\m2m\firmware\pic\modtronix\websrvr68_v310_rawEthernet\vscpmain.c
   vscp_getManufacturerId   0x0009f6    program     extern C:\Users\akhe\Documents\development\m2m\firmware\pic\modtronix\websrvr68_v310_rawEthernet\vscpmain.c
           vscp_getUserID   0x0009aa    program     extern C:\Users\akhe\Documents\development\m2m\firmware\pic\modtronix\websrvr68_v310_rawEthernet\vscpmain.c
                vscp_init   0x004862    program     extern C:\Users\akhe\Documents\development\m2m\firmware\common\vscp_firmware_level2.c
     vscp_manufacturer_id   0x007bb4    program     extern C:\Users\akhe\Documents\development\m2m\firmware\pic\modtronix\websrvr68_v310_rawEthernet\vscpmain.c
          vscp_readAppReg   0x000b54    program     extern C:\Users\akhe\Documents\development\m2m\firmware\pic\modtronix\websrvr68_v310_rawEthernet\vscpmain.c
        vscp_readRegister   0x0048b6    program     extern C:\Users\akhe\Documents\development\m2m\firmware\common\vscp_firmware_level2.c
          vscp_readStdReg   0x0054b0    program     extern C:\Users\akhe\Documents\development\m2m\firmware\common\vscp_firmware_level2.c
           vscp_sendEvent   0x00486e    program     extern C:\Users\akhe\Documents\development\m2m\firmware\common\vscp_firmware_level2.c
       vscp_sendRawPacket   0x007692    program     extern C:\Users\akhe\Documents\development\m2m\firmware\pic\modtronix\websrvr68_v310_rawEthernet\vscp_raw_ethernet.c
      vscp_setControlByte   0x000986    program     extern C:\Users\akhe\Documents\development\m2m\firmware\pic\modtronix\websrvr68_v310_rawEthernet\vscpmain.c
   vscp_setManufacturerId   0x000a3c    program     extern C:\Users\akhe\Documents\development\m2m\firmware\pic\modtronix\websrvr68_v310_rawEthernet\vscpmain.c
           vscp_setUserID   0x0009ce    program     extern C:\Users\akhe\Documents\development\m2m\firmware\pic\modtronix\websrvr68_v310_rawEthernet\vscpmain.c
         vscp_writeAppReg   0x001b34    program     extern C:\Users\akhe\Documents\development\m2m\firmware\pic\modtronix\websrvr68_v310_rawEthernet\vscpmain.c
       vscp_writeRegister   0x004ea2    program     extern C:\Users\akhe\Documents\development\m2m\firmware\common\vscp_firmware_level2.c
         vscp_writeStdReg   0x005830    program     extern C:\Users\akhe\Documents\development\m2m\firmware\common\vscp_firmware_level2.c
vscp_writeUserRegister_Level2   0x002e22    program     extern C:\Users\akhe\Documents\development\m2m\firmware\pic\modtronix\websrvr68_v310_rawEthernet\vscpmain.c
              writeEEPROM   0x007a54    program     extern C:\Users\akhe\Documents\development\m2m\firmware\pic\common\eeprom.c
               zero_block   0x007ba2    program     static C:\MCC18\v3_39\src\traditional\proc\p18F6680.asm
                   ADCON0   0x000fc2       data     extern C:\MCC18\v3_39\src\traditional\proc\p18F6680.asm
               ADCON0bits   0x000fc2       data     extern C:\MCC18\v3_39\src\traditional\proc\p18F6680.asm
                   ADCON1   0x000fc1       data     extern C:\MCC18\v3_39\src\traditional\proc\p18F6680.asm
               ADCON1bits   0x000fc1       data     extern C:\MCC18\v3_39\src\traditional\proc\p18F6680.asm
                   ADCON2   0x000fc0       data     extern C:\MCC18\v3_39\src\traditional\proc\p18F6680.asm
               ADCON2bits   0x000fc0       data     extern C:\MCC18\v3_39\src\traditional\proc\p18F6680.asm
                 ADC_Wait   0x000157       data     static C:\Users\akhe\Documents\development\m2m\firmware\pic\modtronix\websrvr68_v310_rawEthernet\main.c
                    ADRES   0x000fc3       data     extern C:\MCC18\v3_39\src\traditional\proc\p18F6680.asm
                   ADRESH   0x000fc4       data     extern C:\MCC18\v3_39\src\traditional\proc\p18F6680.asm
                   ADRESL   0x000fc3       data     extern C:\MCC18\v3_39\src\traditional\proc\p18F6680.asm
                AdcValues   0x000106       data     extern C:\Users\akhe\Documents\development\m2m\firmware\pic\modtronix\websrvr68_v310_rawEthernet\appcfg.c
                AppConfig   0x000100       data     extern C:\Users\akhe\Documents\development\m2m\firmware\pic\modtronix\websrvr68_v310_rawEthernet\appcfg.c
                    B0CON   0x000e20       data     extern C:\MCC18\v3_39\src\traditional\proc\p18F6680.asm
                B0CONbits   0x000e20       data     extern C:\MCC18\v3_39\src\traditional\proc\p18F6680.asm
                     B0D0   0x000e26       data     extern C:\MCC18\v3_39\src\traditional\proc\p18F6680.asm
                 B0D0bits   0x000e26       data     extern C:\MCC18\v3_39\src\traditional\proc\p18F6680.asm
                     B0D1   0x000e27       data     extern C:\MCC18\v3_39\src\traditional\proc\p18F6680.asm
                 B0D1bits   0x000e27       data     extern C:\MCC18\v3_39\src\traditional\proc\p18F6680.asm
                     B0D2   0x000e28       data     extern C:\MCC18\v3_39\src\traditional\proc\p18F6680.asm
                 B0D2bits   0x000e28       data     extern C:\MCC18\v3_39\src\traditional\proc\p18F6680.asm
                     B0D3   0x000e29       data     extern C:\MCC18\v3_39\src\traditional\proc\p18F6680.asm
                 B0D3bits   0x000e29       data     extern C:\MCC18\v3_39\src\traditional\proc\p18F6680.asm
                     B0D4   0x000e2a       data     extern C:\MCC18\v3_39\src\traditional\proc\p18F6680.asm
                 B0D4bits   0x000e2a       data     extern C:\MCC18\v3_39\src\traditional\proc\p18F6680.asm
                     B0D5   0x000e2b       data     extern C:\MCC18\v3_39\src\traditional\proc\p18F6680.asm
                 B0D5bits   0x000e2b       data     extern C:\MCC18\v3_39\src\traditional\proc\p18F6680.asm
                     B0D6   0x000e2c       data     extern C:\MCC18\v3_39\src\traditional\proc\p18F6680.asm
                 B0D6bits   0x000e2c       data     extern C:\MCC18\v3_39\src\traditional\proc\p18F6680.asm
                     B0D7   0x000e2d       data     extern C:\MCC18\v3_39\src\traditional\proc\p18F6680.asm
                 B0D7bits   0x000e2d       data     extern C:\MCC18\v3_39\src\traditional\proc\p18F6680.asm
                    B0DLC   0x000e25       data     extern C:\MCC18\v3_39\src\traditional\proc\p18F6680.asm
                B0DLCbits   0x000e25       data     extern C:\MCC18\v3_39\src\traditional\proc\p18F6680.asm
                   B0EIDH   0x000e23       data     extern C:\MCC18\v3_39\src\traditional\proc\p18F6680.asm
               B0EIDHbits   0x000e23       data     extern C:\MCC18\v3_39\src\traditional\proc\p18F6680.asm
                   B0EIDL   0x000e24       data     extern C:\MCC18\v3_39\src\traditional\proc\p18F6680.asm
               B0EIDLbits   0x000e24       data     extern C:\MCC18\v3_39\src\traditional\proc\p18F6680.asm
                   B0SIDH   0x000e21       data     extern C:\MCC18\v3_39\src\traditional\proc\p18F6680.asm
               B0SIDHbits   0x000e21       data     extern C:\MCC18\v3_39\src\traditional\proc\p18F6680.asm
                   B0SIDL   0x000e22       data     extern C:\MCC18\v3_39\src\traditional\proc\p18F6680.asm
               B0SIDLbits   0x000e22       data     extern C:\MCC18\v3_39\src\traditional\proc\p18F6680.asm
                    B1CON   0x000e30       data     extern C:\MCC18\v3_39\src\traditional\proc\p18F6680.asm
                B1CONbits   0x000e30       data     extern C:\MCC18\v3_39\src\traditional\proc\p18F6680.asm
                     B1D0   0x000e36       data     extern C:\MCC18\v3_39\src\traditional\proc\p18F6680.asm
                 B1D0bits   0x000e36       data     extern C:\MCC18\v3_39\src\traditional\proc\p18F6680.asm
                     B1D1   0x000e37       data     extern C:\MCC18\v3_39\src\traditional\proc\p18F6680.asm
                 B1D1bits   0x000e37       data     extern C:\MCC18\v3_39\src\traditional\proc\p18F6680.asm
                     B1D2   0x000e38       data     extern C:\MCC18\v3_39\src\traditional\proc\p18F6680.asm
                 B1D2bits   0x000e38       data     extern C:\MCC18\v3_39\src\traditional\proc\p18F6680.asm
                     B1D3   0x000e39       data     extern C:\MCC18\v3_39\src\traditional\proc\p18F6680.asm
                 B1D3bits   0x000e39       data     extern C:\MCC18\v3_39\src\traditional\proc\p18F6680.asm
                     B1D4   0x000e3a       data     extern C:\MCC18\v3_39\src\traditional\proc\p18F6680.asm
                 B1D4bits   0x000e3a       data     extern C:\MCC18\v3_39\src\traditional\proc\p18F6680.asm
                     B1D5   0x000e3b       data     extern C:\MCC18\v3_39\src\traditional\proc\p18F6680.asm
                 B1D5bits   0x000e3b       data     extern C:\MCC18\v3_39\src\traditional\proc\p18F6680.asm
                     B1D6   0x000e3c       data     extern C:\MCC18\v3_39\src\traditional\proc\p18F6680.asm
                 B1D6bits   0x000e3c       data     extern C:\MCC18\v3_39\src\traditional\proc\p18F6680.asm
                     B1D7   0x000e3d       data     extern C:\MCC18\v3_39\src\traditional\proc\p18F6680.asm
                 B1D7bits   0x000e3d       data     extern C:\MCC18\v3_39\src\traditional\proc\p18F6680.asm
                    B1DLC   0x000e35       data     extern C:\MCC18\v3_39\src\traditional\proc\p18F6680.asm
                B1DLCbits   0x000e35       data     extern C:\MCC18\v3_39\src\traditional\proc\p18F6680.asm
                   B1EIDH   0x000e33       data     extern C:\MCC18\v3_39\src\traditional\proc\p18F6680.asm
               B1EIDHbits   0x000e33       data     extern C:\MCC18\v3_39\src\traditional\proc\p18F6680.asm
                   B1EIDL   0x000e34       data     extern C:\MCC18\v3_39\src\traditional\proc\p18F6680.asm
               B1EIDLbits   0x000e34       data     extern C:\MCC18\v3_39\src\traditional\proc\p18F6680.asm
                   B1SIDH   0x000e31       data     extern C:\MCC18\v3_39\src\traditional\proc\p18F6680.asm
               B1SIDHbits   0x000e31       data     extern C:\MCC18\v3_39\src\traditional\proc\p18F6680.asm
                   B1SIDL   0x000e32       data     extern C:\MCC18\v3_39\src\traditional\proc\p18F6680.asm
               B1SIDLbits   0x000e32       data     extern C:\MCC18\v3_39\src\traditional\proc\p18F6680.asm
                    B2CON   0x000e40       data     extern C:\MCC18\v3_39\src\traditional\proc\p18F6680.asm
                B2CONbits   0x000e40       data     extern C:\MCC18\v3_39\src\traditional\proc\p18F6680.asm
                     B2D0   0x000e46       data     extern C:\MCC18\v3_39\src\traditional\proc\p18F6680.asm
                 B2D0bits   0x000e46       data     extern C:\MCC18\v3_39\src\traditional\proc\p18F6680.asm
                     B2D1   0x000e47       data     extern C:\MCC18\v3_39\src\traditional\proc\p18F6680.asm
                 B2D1bits   0x000e47       data     extern C:\MCC18\v3_39\src\traditional\proc\p18F6680.asm
                     B2D2   0x000e48       data     extern C:\MCC18\v3_39\src\traditional\proc\p18F6680.asm
                 B2D2bits   0x000e48       data     extern C:\MCC18\v3_39\src\traditional\proc\p18F6680.asm
                     B2D3   0x000e49       data     extern C:\MCC18\v3_39\src\traditional\proc\p18F6680.asm
                 B2D3bits   0x000e49       data     extern C:\MCC18\v3_39\src\traditional\proc\p18F6680.asm
                     B2D4   0x000e4a       data     extern C:\MCC18\v3_39\src\traditional\proc\p18F6680.asm
                 B2D4bits   0x000e4a       data     extern C:\MCC18\v3_39\src\traditional\proc\p18F6680.asm
                     B2D5   0x000e4b       data     extern C:\MCC18\v3_39\src\traditional\proc\p18F6680.asm
                 B2D5bits   0x000e4b       data     extern C:\MCC18\v3_39\src\traditional\proc\p18F6680.asm
                     B2D6   0x000e4c       data     extern C:\MCC18\v3_39\src\traditional\proc\p18F6680.asm
                 B2D6bits   0x000e4c       data     extern C:\MCC18\v3_39\src\traditional\proc\p18F6680.asm
                     B2D7   0x000e4d       data     extern C:\MCC18\v3_39\src\traditional\proc\p18F6680.asm
                 B2D7bits   0x000e4d       data     extern C:\MCC18\v3_39\src\traditional\proc\p18F6680.asm
                    B2DLC   0x000e45       data     extern C:\MCC18\v3_39\src\traditional\proc\p18F6680.asm
                B2DLCbits   0x000e45       data     extern C:\MCC18\v3_39\src\traditional\proc\p18F6680.asm
                   B2EIDH   0x000e43       data     extern C:\MCC18\v3_39\src\traditional\proc\p18F6680.asm
               B2EIDHbits   0x000e43       data     extern C:\MCC18\v3_39\src\traditional\proc\p18F6680.asm
                   B2EIDL   0x000e44       data     extern C:\MCC18\v3_39\src\traditional\proc\p18F6680.asm
               B2EIDLbits   0x000e44       data     extern C:\MCC18\v3_39\src\traditional\proc\p18F6680.asm
                   B2SIDH   0x000e41       data     extern C:\MCC18\v3_39\src\traditional\proc\p18F6680.asm
               B2SIDHbits   0x000e41       data     extern C:\MCC18\v3_39\src\traditional\proc\p18F6680.asm
                   B2SIDL   0x000e42       data     extern C:\MCC18\v3_39\src\traditional\proc\p18F6680.asm
               B2SIDLbits   0x000e42       data     extern C:\MCC18\v3_39\src\traditional\proc\p18F6680.asm
                    B3CON   0x000e50       data     extern C:\MCC18\v3_39\src\traditional\proc\p18F6680.asm
                B3CONbits   0x000e50       data     extern C:\MCC18\v3_39\src\traditional\proc\p18F6680.asm
                     B3D0   0x000e56       data     extern C:\MCC18\v3_39\src\traditional\proc\p18F6680.asm
                 B3D0bits   0x000e56       data     extern C:\MCC18\v3_39\src\traditional\proc\p18F6680.asm
                     B3D1   0x000e57       data     extern C:\MCC18\v3_39\src\traditional\proc\p18F6680.asm
                 B3D1bits   0x000e57       data     extern C:\MCC18\v3_39\src\traditional\proc\p18F6680.asm
                     B3D2   0x000e58       data     extern C:\MCC18\v3_39\src\traditional\proc\p18F6680.asm
                 B3D2bits   0x000e58       data     extern C:\MCC18\v3_39\src\traditional\proc\p18F6680.asm
                     B3D3   0x000e59       data     extern C:\MCC18\v3_39\src\traditional\proc\p18F6680.asm
                 B3D3bits   0x000e59       data     extern C:\MCC18\v3_39\src\traditional\proc\p18F6680.asm
                     B3D4   0x000e5a       data     extern C:\MCC18\v3_39\src\traditional\proc\p18F6680.asm
                 B3D4bits   0x000e5a       data     extern C:\MCC18\v3_39\src\traditional\proc\p18F6680.asm
                     B3D5   0x000e5b       data     extern C:\MCC18\v3_39\src\traditional\proc\p18F6680.asm
                 B3D5bits   0x000e5b       data     extern C:\MCC18\v3_39\src\traditional\proc\p18F6680.asm
                     B3D6   0x000e5c       data     extern C:\MCC18\v3_39\src\traditional\proc\p18F6680.asm
                 B3D6bits   0x000e5c       data     extern C:\MCC18\v3_39\src\traditional\proc\p18F6680.asm
                     B3D7   0x000e5d       data     extern C:\MCC18\v3_39\src\traditional\proc\p18F6680.asm
                 B3D7bits   0x000e5d       data     extern C:\MCC18\v3_39\src\traditional\proc\p18F6680.asm
                    B3DLC   0x000e55       data     extern C:\MCC18\v3_39\src\traditional\proc\p18F6680.asm
                B3DLCbits   0x000e55       data     extern C:\MCC18\v3_39\src\traditional\proc\p18F6680.asm
                   B3EIDH   0x000e53       data     extern C:\MCC18\v3_39\src\traditional\proc\p18F6680.asm
               B3EIDHbits   0x000e53       data     extern C:\MCC18\v3_39\src\traditional\proc\p18F6680.asm
                   B3EIDL   0x000e54       data     extern C:\MCC18\v3_39\src\traditional\proc\p18F6680.asm
               B3EIDLbits   0x000e54       data     extern C:\MCC18\v3_39\src\traditional\proc\p18F6680.asm
                   B3SIDH   0x000e51       data     extern C:\MCC18\v3_39\src\traditional\proc\p18F6680.asm
               B3SIDHbits   0x000e51       data     extern C:\MCC18\v3_39\src\traditional\proc\p18F6680.asm
                   B3SIDL   0x000e52       data     extern C:\MCC18\v3_39\src\traditional\proc\p18F6680.asm
               B3SIDLbits   0x000e52       data     extern C:\MCC18\v3_39\src\traditional\proc\p18F6680.asm
                    B4CON   0x000e60       data     extern C:\MCC18\v3_39\src\traditional\proc\p18F6680.asm
                B4CONbits   0x000e60       data     extern C:\MCC18\v3_39\src\traditional\proc\p18F6680.asm
                     B4D0   0x000e66       data     extern C:\MCC18\v3_39\src\traditional\proc\p18F6680.asm
                 B4D0bits   0x000e66       data     extern C:\MCC18\v3_39\src\traditional\proc\p18F6680.asm
                     B4D1   0x000e67       data     extern C:\MCC18\v3_39\src\traditional\proc\p18F6680.asm
                 B4D1bits   0x000e67       data     extern C:\MCC18\v3_39\src\traditional\proc\p18F6680.asm
                     B4D2   0x000e68       data     extern C:\MCC18\v3_39\src\traditional\proc\p18F6680.asm
                 B4D2bits   0x000e68       data     extern C:\MCC18\v3_39\src\traditional\proc\p18F6680.asm
                     B4D3   0x000e69       data     extern C:\MCC18\v3_39\src\traditional\proc\p18F6680.asm
                 B4D3bits   0x000e69       data     extern C:\MCC18\v3_39\src\traditional\proc\p18F6680.asm
                     B4D4   0x000e6a       data     extern C:\MCC18\v3_39\src\traditional\proc\p18F6680.asm
                 B4D4bits   0x000e6a       data     extern C:\MCC18\v3_39\src\traditional\proc\p18F6680.asm
                     B4D5   0x000e6b       data     extern C:\MCC18\v3_39\src\traditional\proc\p18F6680.asm
                 B4D5bits   0x000e6b       data     extern C:\MCC18\v3_39\src\traditional\proc\p18F6680.asm
                     B4D6   0x000e6c       data     extern C:\MCC18\v3_39\src\traditional\proc\p18F6680.asm
                 B4D6bits   0x000e6c       data     extern C:\MCC18\v3_39\src\traditional\proc\p18F6680.asm
                     B4D7   0x000e6d       data     extern C:\MCC18\v3_39\src\traditional\proc\p18F6680.asm
                 B4D7bits   0x000e6d       data     extern C:\MCC18\v3_39\src\traditional\proc\p18F6680.asm
                    B4DLC   0x000e65       data     extern C:\MCC18\v3_39\src\traditional\proc\p18F6680.asm
                B4DLCbits   0x000e65       data     extern C:\MCC18\v3_39\src\traditional\proc\p18F6680.asm
                   B4EIDH   0x000e63       data     extern C:\MCC18\v3_39\src\traditional\proc\p18F6680.asm
               B4EIDHbits   0x000e63       data     extern C:\MCC18\v3_39\src\traditional\proc\p18F6680.asm
                   B4EIDL   0x000e64       data     extern C:\MCC18\v3_39\src\traditional\proc\p18F6680.asm
               B4EIDLbits   0x000e64       data     extern C:\MCC18\v3_39\src\traditional\proc\p18F6680.asm
                   B4SIDH   0x000e61       data     extern C:\MCC18\v3_39\src\traditional\proc\p18F6680.asm
               B4SIDHbits   0x000e61       data     extern C:\MCC18\v3_39\src\traditional\proc\p18F6680.asm
                   B4SIDL   0x000e62       data     extern C:\MCC18\v3_39\src\traditional\proc\p18F6680.asm
               B4SIDLbits   0x000e62       data     extern C:\MCC18\v3_39\src\traditional\proc\p18F6680.asm
                    B5CON   0x000e70       data     extern C:\MCC18\v3_39\src\traditional\proc\p18F6680.asm
                B5CONbits   0x000e70       data     extern C:\MCC18\v3_39\src\traditional\proc\p18F6680.asm
                     B5D0   0x000e76       data     extern C:\MCC18\v3_39\src\traditional\proc\p18F6680.asm
                 B5D0bits   0x000e76       data     extern C:\MCC18\v3_39\src\traditional\proc\p18F6680.asm
                     B5D1   0x000e77       data     extern C:\MCC18\v3_39\src\traditional\proc\p18F6680.asm
                 B5D1bits   0x000e77       data     extern C:\MCC18\v3_39\src\traditional\proc\p18F6680.asm
                     B5D2   0x000e78       data     extern C:\MCC18\v3_39\src\traditional\proc\p18F6680.asm
                 B5D2bits   0x000e78       data     extern C:\MCC18\v3_39\src\traditional\proc\p18F6680.asm
                     B5D3   0x000e79       data     extern C:\MCC18\v3_39\src\traditional\proc\p18F6680.asm
                 B5D3bits   0x000e79       data     extern C:\MCC18\v3_39\src\traditional\proc\p18F6680.asm
                     B5D4   0x000e7a       data     extern C:\MCC18\v3_39\src\traditional\proc\p18F6680.asm
                 B5D4bits   0x000e7a       data     extern C:\MCC18\v3_39\src\traditional\proc\p18F6680.asm
                     B5D5   0x000e7b       data     extern C:\MCC18\v3_39\src\traditional\proc\p18F6680.asm
                 B5D5bits   0x000e7b       data     extern C:\MCC18\v3_39\src\traditional\proc\p18F6680.asm
                     B5D6   0x000e7c       data     extern C:\MCC18\v3_39\src\traditional\proc\p18F6680.asm
                 B5D6bits   0x000e7c       data     extern C:\MCC18\v3_39\src\traditional\proc\p18F6680.asm
                     B5D7   0x000e7d       data     extern C:\MCC18\v3_39\src\traditional\proc\p18F6680.asm
                 B5D7bits   0x000e7d       data     extern C:\MCC18\v3_39\src\traditional\proc\p18F6680.asm
                    B5DLC   0x000e75       data     extern C:\MCC18\v3_39\src\traditional\proc\p18F6680.asm
                B5DLCbits   0x000e75       data     extern C:\MCC18\v3_39\src\traditional\proc\p18F6680.asm
                   B5EIDH   0x000e73       data     extern C:\MCC18\v3_39\src\traditional\proc\p18F6680.asm
               B5EIDHbits   0x000e73       data     extern C:\MCC18\v3_39\src\traditional\proc\p18F6680.asm
                   B5EIDL   0x000e74       data     extern C:\MCC18\v3_39\src\traditional\proc\p18F6680.asm
               B5EIDLbits   0x000e74       data     extern C:\MCC18\v3_39\src\traditional\proc\p18F6680.asm
                   B5SIDH   0x000e71       data     extern C:\MCC18\v3_39\src\traditional\proc\p18F6680.asm
               B5SIDHbits   0x000e71       data     extern C:\MCC18\v3_39\src\traditional\proc\p18F6680.asm
                   B5SIDL   0x000e72       data     extern C:\MCC18\v3_39\src\traditional\proc\p18F6680.asm
               B5SIDLbits   0x000e72       data     extern C:\MCC18\v3_39\src\traditional\proc\p18F6680.asm
                  BAUDCON   0x000f7e       data     extern C:\MCC18\v3_39\src\traditional\proc\p18F6680.asm
              BAUDCONbits   0x000f7e       data     extern C:\MCC18\v3_39\src\traditional\proc\p18F6680.asm
                     BIE0   0x000dfa       data     extern C:\MCC18\v3_39\src\traditional\proc\p18F6680.asm
                 BIE0bits   0x000dfa       data     extern C:\MCC18\v3_39\src\traditional\proc\p18F6680.asm
                  BRGCON1   0x000f70       data     extern C:\MCC18\v3_39\src\traditional\proc\p18F6680.asm
              BRGCON1bits   0x000f70       data     extern C:\MCC18\v3_39\src\traditional\proc\p18F6680.asm
                  BRGCON2   0x000f71       data     extern C:\MCC18\v3_39\src\traditional\proc\p18F6680.asm
              BRGCON2bits   0x000f71       data     extern C:\MCC18\v3_39\src\traditional\proc\p18F6680.asm
                  BRGCON3   0x000f72       data     extern C:\MCC18\v3_39\src\traditional\proc\p18F6680.asm
              BRGCON3bits   0x000f72       data     extern C:\MCC18\v3_39\src\traditional\proc\p18F6680.asm
                    BSEL0   0x000df8       data     extern C:\MCC18\v3_39\src\traditional\proc\p18F6680.asm
                BSEL0bits   0x000df8       data     extern C:\MCC18\v3_39\src\traditional\proc\p18F6680.asm
                      BSR   0x000fe0       data     extern C:\MCC18\v3_39\src\traditional\proc\p18F6680.asm
                   CANCON   0x000f6f       data     extern C:\MCC18\v3_39\src\traditional\proc\p18F6680.asm
               CANCON_RO0   0x000f5f       data     extern C:\MCC18\v3_39\src\traditional\proc\p18F6680.asm
           CANCON_RO0bits   0x000f5f       data     extern C:\MCC18\v3_39\src\traditional\proc\p18F6680.asm
               CANCON_RO1   0x000f4f       data     extern C:\MCC18\v3_39\src\traditional\proc\p18F6680.asm
           CANCON_RO1bits   0x000f4f       data     extern C:\MCC18\v3_39\src\traditional\proc\p18F6680.asm
               CANCON_RO2   0x000f3f       data     extern C:\MCC18\v3_39\src\traditional\proc\p18F6680.asm
           CANCON_RO2bits   0x000f3f       data     extern C:\MCC18\v3_39\src\traditional\proc\p18F6680.asm
               CANCON_RO3   0x000f2f       data     extern C:\MCC18\v3_39\src\traditional\proc\p18F6680.asm
           CANCON_RO3bits   0x000f2f       data     extern C:\MCC18\v3_39\src\traditional\proc\p18F6680.asm
               CANCON_RO4   0x000e7f       data     extern C:\MCC18\v3_39\src\traditional\proc\p18F6680.asm
           CANCON_RO4bits   0x000e7f       data     extern C:\MCC18\v3_39\src\traditional\proc\p18F6680.asm
               CANCON_RO5   0x000e6f       data     extern C:\MCC18\v3_39\src\traditional\proc\p18F6680.asm
           CANCON_RO5bits   0x000e6f       data     extern C:\MCC18\v3_39\src\traditional\proc\p18F6680.asm
               CANCON_RO6   0x000e5f       data     extern C:\MCC18\v3_39\src\traditional\proc\p18F6680.asm
           CANCON_RO6bits   0x000e5f       data     extern C:\MCC18\v3_39\src\traditional\proc\p18F6680.asm
               CANCON_RO7   0x000e4f       data     extern C:\MCC18\v3_39\src\traditional\proc\p18F6680.asm
           CANCON_RO7bits   0x000e4f       data     extern C:\MCC18\v3_39\src\traditional\proc\p18F6680.asm
               CANCON_RO8   0x000e3f       data     extern C:\MCC18\v3_39\src\traditional\proc\p18F6680.asm
           CANCON_RO8bits   0x000e3f       data     extern C:\MCC18\v3_39\src\traditional\proc\p18F6680.asm
               CANCON_RO9   0x000e2f       data     extern C:\MCC18\v3_39\src\traditional\proc\p18F6680.asm
           CANCON_RO9bits   0x000e2f       data     extern C:\MCC18\v3_39\src\traditional\proc\p18F6680.asm
               CANCONbits   0x000f6f       data     extern C:\MCC18\v3_39\src\traditional\proc\p18F6680.asm
                  CANSTAT   0x000f6e       data     extern C:\MCC18\v3_39\src\traditional\proc\p18F6680.asm
              CANSTAT_RO0   0x000f5e       data     extern C:\MCC18\v3_39\src\traditional\proc\p18F6680.asm
          CANSTAT_RO0bits   0x000f5e       data     extern C:\MCC18\v3_39\src\traditional\proc\p18F6680.asm
              CANSTAT_RO1   0x000f4e       data     extern C:\MCC18\v3_39\src\traditional\proc\p18F6680.asm
          CANSTAT_RO1bits   0x000f4e       data     extern C:\MCC18\v3_39\src\traditional\proc\p18F6680.asm
              CANSTAT_RO2   0x000f3e       data     extern C:\MCC18\v3_39\src\traditional\proc\p18F6680.asm
          CANSTAT_RO2bits   0x000f3e       data     extern C:\MCC18\v3_39\src\traditional\proc\p18F6680.asm
              CANSTAT_RO3   0x000f2e       data     extern C:\MCC18\v3_39\src\traditional\proc\p18F6680.asm
          CANSTAT_RO3bits   0x000f2e       data     extern C:\MCC18\v3_39\src\traditional\proc\p18F6680.asm
              CANSTAT_RO4   0x000e7e       data     extern C:\MCC18\v3_39\src\traditional\proc\p18F6680.asm
          CANSTAT_RO4bits   0x000e7e       data     extern C:\MCC18\v3_39\src\traditional\proc\p18F6680.asm
              CANSTAT_RO5   0x000e6e       data     extern C:\MCC18\v3_39\src\traditional\proc\p18F6680.asm
          CANSTAT_RO5bits   0x000e6e       data     extern C:\MCC18\v3_39\src\traditional\proc\p18F6680.asm
              CANSTAT_RO6   0x000e5e       data     extern C:\MCC18\v3_39\src\traditional\proc\p18F6680.asm
          CANSTAT_RO6bits   0x000e5e       data     extern C:\MCC18\v3_39\src\traditional\proc\p18F6680.asm
              CANSTAT_RO7   0x000e4e       data     extern C:\MCC18\v3_39\src\traditional\proc\p18F6680.asm
          CANSTAT_RO7bits   0x000e4e       data     extern C:\MCC18\v3_39\src\traditional\proc\p18F6680.asm
              CANSTAT_RO8   0x000e3e       data     extern C:\MCC18\v3_39\src\traditional\proc\p18F6680.asm
          CANSTAT_RO8bits   0x000e3e       data     extern C:\MCC18\v3_39\src\traditional\proc\p18F6680.asm
              CANSTAT_RO9   0x000e2e       data     extern C:\MCC18\v3_39\src\traditional\proc\p18F6680.asm
          CANSTAT_RO9bits   0x000e2e       data     extern C:\MCC18\v3_39\src\traditional\proc\p18F6680.asm
              CANSTATbits   0x000f6e       data     extern C:\MCC18\v3_39\src\traditional\proc\p18F6680.asm
                  CCP1CON   0x000fbd       data     extern C:\MCC18\v3_39\src\traditional\proc\p18F6680.asm
              CCP1CONbits   0x000fbd       data     extern C:\MCC18\v3_39\src\traditional\proc\p18F6680.asm
                  CCP2CON   0x000fba       data     extern C:\MCC18\v3_39\src\traditional\proc\p18F6680.asm
              CCP2CONbits   0x000fba       data     extern C:\MCC18\v3_39\src\traditional\proc\p18F6680.asm
                    CCPR1   0x000fbe       data     extern C:\MCC18\v3_39\src\traditional\proc\p18F6680.asm
                   CCPR1H   0x000fbf       data     extern C:\MCC18\v3_39\src\traditional\proc\p18F6680.asm
                   CCPR1L   0x000fbe       data     extern C:\MCC18\v3_39\src\traditional\proc\p18F6680.asm
                    CCPR2   0x000fbb       data     extern C:\MCC18\v3_39\src\traditional\proc\p18F6680.asm
                   CCPR2H   0x000fbc       data     extern C:\MCC18\v3_39\src\traditional\proc\p18F6680.asm
                   CCPR2L   0x000fbb       data     extern C:\MCC18\v3_39\src\traditional\proc\p18F6680.asm
                   CIOCON   0x000f73       data     extern C:\MCC18\v3_39\src\traditional\proc\p18F6680.asm
               CIOCONbits   0x000f73       data     extern C:\MCC18\v3_39\src\traditional\proc\p18F6680.asm
                    CMCON   0x000fb4       data     extern C:\MCC18\v3_39\src\traditional\proc\p18F6680.asm
                CMCONbits   0x000fb4       data     extern C:\MCC18\v3_39\src\traditional\proc\p18F6680.asm
                  COMSTAT   0x000f74       data     extern C:\MCC18\v3_39\src\traditional\proc\p18F6680.asm
              COMSTATbits   0x000f74       data     extern C:\MCC18\v3_39\src\traditional\proc\p18F6680.asm
                   CVRCON   0x000fb5       data     extern C:\MCC18\v3_39\src\traditional\proc\p18F6680.asm
               CVRCONbits   0x000fb5       data     extern C:\MCC18\v3_39\src\traditional\proc\p18F6680.asm
          CurrentTxBuffer   0x00002a       data     extern C:\Users\akhe\Documents\development\m2m\firmware\pic\modtronix\websrvr68_v310_rawEthernet\mac.c
                     DDRA   0x000f92       data     extern C:\MCC18\v3_39\src\traditional\proc\p18F6680.asm
                 DDRAbits   0x000f92       data     extern C:\MCC18\v3_39\src\traditional\proc\p18F6680.asm
                     DDRB   0x000f93       data     extern C:\MCC18\v3_39\src\traditional\proc\p18F6680.asm
                 DDRBbits   0x000f93       data     extern C:\MCC18\v3_39\src\traditional\proc\p18F6680.asm
                     DDRC   0x000f94       data     extern C:\MCC18\v3_39\src\traditional\proc\p18F6680.asm
                 DDRCbits   0x000f94       data     extern C:\MCC18\v3_39\src\traditional\proc\p18F6680.asm
                     DDRD   0x000f95       data     extern C:\MCC18\v3_39\src\traditional\proc\p18F6680.asm
                 DDRDbits   0x000f95       data     extern C:\MCC18\v3_39\src\traditional\proc\p18F6680.asm
                     DDRE   0x000f96       data     extern C:\MCC18\v3_39\src\traditional\proc\p18F6680.asm
                 DDREbits   0x000f96       data     extern C:\MCC18\v3_39\src\traditional\proc\p18F6680.asm
                     DDRF   0x000f97       data     extern C:\MCC18\v3_39\src\traditional\proc\p18F6680.asm
                 DDRFbits   0x000f97       data     extern C:\MCC18\v3_39\src\traditional\proc\p18F6680.asm
                     DDRG   0x000f98       data     extern C:\MCC18\v3_39\src\traditional\proc\p18F6680.asm
                 DDRGbits   0x000f98       data     extern C:\MCC18\v3_39\src\traditional\proc\p18F6680.asm
                  DMAAddr   0x000028       data     extern C:\Users\akhe\Documents\development\m2m\firmware\pic\modtronix\websrvr68_v310_rawEthernet\mac.c
            DelayCounter1   0x00002b       data     extern C:\MCC18\v3_39\src\traditional\delays\delayd1.asm
                  ECANCON   0x000f77       data     extern C:\MCC18\v3_39\src\traditional\proc\p18F6680.asm
              ECANCONbits   0x000f77       data     extern C:\MCC18\v3_39\src\traditional\proc\p18F6680.asm
                  ECCP1AS   0x000fb6       data     extern C:\MCC18\v3_39\src\traditional\proc\p18F6680.asm
              ECCP1ASbits   0x000fb6       data     extern C:\MCC18\v3_39\src\traditional\proc\p18F6680.asm
                 ECCP1DEL   0x000f79       data     extern C:\MCC18\v3_39\src\traditional\proc\p18F6680.asm
             ECCP1DELbits   0x000f79       data     extern C:\MCC18\v3_39\src\traditional\proc\p18F6680.asm
                    EEADR   0x000fa9       data     extern C:\MCC18\v3_39\src\traditional\proc\p18F6680.asm
                   EEADRH   0x000faa       data     extern C:\MCC18\v3_39\src\traditional\proc\p18F6680.asm
                   EECON1   0x000fa6       data     extern C:\MCC18\v3_39\src\traditional\proc\p18F6680.asm
               EECON1bits   0x000fa6       data     extern C:\MCC18\v3_39\src\traditional\proc\p18F6680.asm
                   EECON2   0x000fa7       data     extern C:\MCC18\v3_39\src\traditional\proc\p18F6680.asm
                   EEDATA   0x000fa8       data     extern C:\MCC18\v3_39\src\traditional\proc\p18F6680.asm
                     FSR0   0x000fe9       data     extern C:\MCC18\v3_39\src\traditional\proc\p18F6680.asm
                    FSR0H   0x000fea       data     extern C:\MCC18\v3_39\src\traditional\proc\p18F6680.asm
                    FSR0L   0x000fe9       data     extern C:\MCC18\v3_39\src\traditional\proc\p18F6680.asm
                     FSR1   0x000fe1       data     extern C:\MCC18\v3_39\src\traditional\proc\p18F6680.asm
[...]
                     LATD   0x000f8c       data     extern C:\MCC18\v3_39\src\traditional\proc\p18F6680.asm
                 LATDbits   0x000f8c       data     extern C:\MCC18\v3_39\src\traditional\proc\p18F6680.asm
                 LATEbits   0x000f8d       data     extern C:\MCC18\v3_39\src\traditional\proc\p18F6680.asm
                     LATE   0x000f8d       data     extern C:\MCC18\v3_39\src\traditional\proc\p18F6680.asm
                 LATFbits   0x000f8e       data     extern C:\MCC18\v3_39\src\traditional\proc\p18F6680.asm
                     LATF   0x000f8e       data     extern C:\MCC18\v3_39\src\traditional\proc\p18F6680.asm
                     LATG   0x000f8f       data     extern C:\MCC18\v3_39\src\traditional\proc\p18F6680.asm
                 LATGbits   0x000f8f       data     extern C:\MCC18\v3_39\src\traditional\proc\p18F6680.asm
                    TRISA   0x000f92       data     extern C:\MCC18\v3_39\src\traditional\proc\p18F6680.asm
                TRISAbits   0x000f92       data     extern C:\MCC18\v3_39\src\traditional\proc\p18F6680.asm
                 DDRAbits   0x000f92       data     extern C:\MCC18\v3_39\src\traditional\proc\p18F6680.asm
                     DDRA   0x000f92       data     extern C:\MCC18\v3_39\src\traditional\proc\p18F6680.asm
                     DDRB   0x000f93       data     extern C:\MCC18\v3_39\src\traditional\proc\p18F6680.asm
                 DDRBbits   0x000f93       data     extern C:\MCC18\v3_39\src\traditional\proc\p18F6680.asm
                TRISBbits   0x000f93       data     extern C:\MCC18\v3_39\src\traditional\proc\p18F6680.asm
                    TRISB   0x000f93       data     extern C:\MCC18\v3_39\src\traditional\proc\p18F6680.asm
                TRISCbits   0x000f94       data     extern C:\MCC18\v3_39\src\traditional\proc\p18F6680.asm
                    TRISC   0x000f94       data     extern C:\MCC18\v3_39\src\traditional\proc\p18F6680.asm
                     DDRC   0x000f94       data     extern C:\MCC18\v3_39\src\traditional\proc\p18F6680.asm
                 DDRCbits   0x000f94       data     extern C:\MCC18\v3_39\src\traditional\proc\p18F6680.asm
                TRISDbits   0x000f95       data     extern C:\MCC18\v3_39\src\traditional\proc\p18F6680.asm
                    TRISD   0x000f95       data     extern C:\MCC18\v3_39\src\traditional\proc\p18F6680.asm
                     DDRD   0x000f95       data     extern C:\MCC18\v3_39\src\traditional\proc\p18F6680.asm
                 DDRDbits   0x000f95       data     extern C:\MCC18\v3_39\src\traditional\proc\p18F6680.asm
                TRISEbits   0x000f96       data     extern C:\MCC18\v3_39\src\traditional\proc\p18F6680.asm
                    TRISE   0x000f96       data     extern C:\MCC18\v3_39\src\traditional\proc\p18F6680.asm
                     DDRE   0x000f96       data     extern C:\MCC18\v3_39\src\traditional\proc\p18F6680.asm
                 DDREbits   0x000f96       data     extern C:\MCC18\v3_39\src\traditional\proc\p18F6680.asm
                TRISFbits   0x000f97       data     extern C:\MCC18\v3_39\src\traditional\proc\p18F6680.asm
                    TRISF   0x000f97       data     extern C:\MCC18\v3_39\src\traditional\proc\p18F6680.asm
                 DDRFbits   0x000f97       data     extern C:\MCC18\v3_39\src\traditional\proc\p18F6680.asm
                     DDRF   0x000f97       data     extern C:\MCC18\v3_39\src\traditional\proc\p18F6680.asm
                TRISGbits   0x000f98       data     extern C:\MCC18\v3_39\src\traditional\proc\p18F6680.asm
                    TRISG   0x000f98       data     extern C:\MCC18\v3_39\src\traditional\proc\p18F6680.asm
                 DDRGbits   0x000f98       data     extern C:\MCC18\v3_39\src\traditional\proc\p18F6680.asm
                     DDRG   0x000f98       data     extern C:\MCC18\v3_39\src\traditional\proc\p18F6680.asm
                 PIE1bits   0x000f9d       data     extern C:\MCC18\v3_39\src\traditional\proc\p18F6680.asm
                     PIE1   0x000f9d       data     extern C:\MCC18\v3_39\src\traditional\proc\p18F6680.asm
                     PIR1   0x000f9e       data     extern C:\MCC18\v3_39\src\traditional\proc\p18F6680.asm
                 PIR1bits   0x000f9e       data     extern C:\MCC18\v3_39\src\traditional\proc\p18F6680.asm
                 IPR1bits   0x000f9f       data     extern C:\MCC18\v3_39\src\traditional\proc\p18F6680.asm
                     IPR1   0x000f9f       data     extern C:\MCC18\v3_39\src\traditional\proc\p18F6680.asm
                 PIE2bits   0x000fa0       data     extern C:\MCC18\v3_39\src\traditional\proc\p18F6680.asm
                     PIE2   0x000fa0       data     extern C:\MCC18\v3_39\src\traditional\proc\p18F6680.asm
                 PIR2bits   0x000fa1       data     extern C:\MCC18\v3_39\src\traditional\proc\p18F6680.asm
                     PIR2   0x000fa1       data     extern C:\MCC18\v3_39\src\traditional\proc\p18F6680.asm
                 IPR2bits   0x000fa2       data     extern C:\MCC18\v3_39\src\traditional\proc\p18F6680.asm
                     IPR2   0x000fa2       data     extern C:\MCC18\v3_39\src\traditional\proc\p18F6680.asm
                 PIE3bits   0x000fa3       data     extern C:\MCC18\v3_39\src\traditional\proc\p18F6680.asm
                     PIE3   0x000fa3       data     extern C:\MCC18\v3_39\src\traditional\proc\p18F6680.asm
                 PIR3bits   0x000fa4       data     extern C:\MCC18\v3_39\src\traditional\proc\p18F6680.asm
                     PIR3   0x000fa4       data     extern C:\MCC18\v3_39\src\traditional\proc\p18F6680.asm
                 IPR3bits   0x000fa5       data     extern C:\MCC18\v3_39\src\traditional\proc\p18F6680.asm
                     IPR3   0x000fa5       data     extern C:\MCC18\v3_39\src\traditional\proc\p18F6680.asm
                   EECON1   0x000fa6       data     extern C:\MCC18\v3_39\src\traditional\proc\p18F6680.asm
               EECON1bits   0x000fa6       data     extern C:\MCC18\v3_39\src\traditional\proc\p18F6680.asm
                   EECON2   0x000fa7       data     extern C:\MCC18\v3_39\src\traditional\proc\p18F6680.asm
                   EEDATA   0x000fa8       data     extern C:\MCC18\v3_39\src\traditional\proc\p18F6680.asm
                    EEADR   0x000fa9       data     extern C:\MCC18\v3_39\src\traditional\proc\p18F6680.asm
                   EEADRH   0x000faa       data     extern C:\MCC18\v3_39\src\traditional\proc\p18F6680.asm
                    RCSTA   0x000fab       data     extern C:\MCC18\v3_39\src\traditional\proc\p18F6680.asm
                   RCSTA1   0x000fab       data     extern C:\MCC18\v3_39\src\traditional\proc\p18F6680.asm
                RCSTAbits   0x000fab       data     extern C:\MCC18\v3_39\src\traditional\proc\p18F6680.asm
               RCSTA1bits   0x000fab       data     extern C:\MCC18\v3_39\src\traditional\proc\p18F6680.asm
                TXSTAbits   0x000fac       data     extern C:\MCC18\v3_39\src\traditional\proc\p18F6680.asm
               TXSTA1bits   0x000fac       data     extern C:\MCC18\v3_39\src\traditional\proc\p18F6680.asm
                   TXSTA1   0x000fac       data     extern C:\MCC18\v3_39\src\traditional\proc\p18F6680.asm
                    TXSTA   0x000fac       data     extern C:\MCC18\v3_39\src\traditional\proc\p18F6680.asm
                    TXREG   0x000fad       data     extern C:\MCC18\v3_39\src\traditional\proc\p18F6680.asm
                   TXREG1   0x000fad       data     extern C:\MCC18\v3_39\src\traditional\proc\p18F6680.asm
                    RCREG   0x000fae       data     extern C:\MCC18\v3_39\src\traditional\proc\p18F6680.asm
                   RCREG1   0x000fae       data     extern C:\MCC18\v3_39\src\traditional\proc\p18F6680.asm
                    SPBRG   0x000faf       data     extern C:\MCC18\v3_39\src\traditional\proc\p18F6680.asm
                   SPBRG1   0x000faf       data     extern C:\MCC18\v3_39\src\traditional\proc\p18F6680.asm
               PSPCONbits   0x000fb0       data     extern C:\MCC18\v3_39\src\traditional\proc\p18F6680.asm
                   PSPCON   0x000fb0       data     extern C:\MCC18\v3_39\src\traditional\proc\p18F6680.asm
                    T3CON   0x000fb1       data     extern C:\MCC18\v3_39\src\traditional\proc\p18F6680.asm
                T3CONbits   0x000fb1       data     extern C:\MCC18\v3_39\src\traditional\proc\p18F6680.asm
                    TMR3L   0x000fb2       data     extern C:\MCC18\v3_39\src\traditional\proc\p18F6680.asm
                    TMR3H   0x000fb3       data     extern C:\MCC18\v3_39\src\traditional\proc\p18F6680.asm
                    CMCON   0x000fb4       data     extern C:\MCC18\v3_39\src\traditional\proc\p18F6680.asm
                CMCONbits   0x000fb4       data     extern C:\MCC18\v3_39\src\traditional\proc\p18F6680.asm
                   CVRCON   0x000fb5       data     extern C:\MCC18\v3_39\src\traditional\proc\p18F6680.asm
               CVRCONbits   0x000fb5       data     extern C:\MCC18\v3_39\src\traditional\proc\p18F6680.asm
                  ECCP1AS   0x000fb6       data     extern C:\MCC18\v3_39\src\traditional\proc\p18F6680.asm
              ECCP1ASbits   0x000fb6       data     extern C:\MCC18\v3_39\src\traditional\proc\p18F6680.asm
              CCP2CONbits   0x000fba       data     extern C:\MCC18\v3_39\src\traditional\proc\p18F6680.asm
                  CCP2CON   0x000fba       data     extern C:\MCC18\v3_39\src\traditional\proc\p18F6680.asm
                   CCPR2L   0x000fbb       data     extern C:\MCC18\v3_39\src\traditional\proc\p18F6680.asm
                    CCPR2   0x000fbb       data     extern C:\MCC18\v3_39\src\traditional\proc\p18F6680.asm
                   CCPR2H   0x000fbc       data     extern C:\MCC18\v3_39\src\traditional\proc\p18F6680.asm
                  CCP1CON   0x000fbd       data     extern C:\MCC18\v3_39\src\traditional\proc\p18F6680.asm
              CCP1CONbits   0x000fbd       data     extern C:\MCC18\v3_39\src\traditional\proc\p18F6680.asm
                    CCPR1   0x000fbe       data     extern C:\MCC18\v3_39\src\traditional\proc\p18F6680.asm
                   CCPR1L   0x000fbe       data     extern C:\MCC18\v3_39\src\traditional\proc\p18F6680.asm
                   CCPR1H   0x000fbf       data     extern C:\MCC18\v3_39\src\traditional\proc\p18F6680.asm
               ADCON2bits   0x000fc0       data     extern C:\MCC18\v3_39\src\traditional\proc\p18F6680.asm
                   ADCON2   0x000fc0       data     extern C:\MCC18\v3_39\src\traditional\proc\p18F6680.asm
                   ADCON1   0x000fc1       data     extern C:\MCC18\v3_39\src\traditional\proc\p18F6680.asm
               ADCON1bits   0x000fc1       data     extern C:\MCC18\v3_39\src\traditional\proc\p18F6680.asm
               ADCON0bits   0x000fc2       data     extern C:\MCC18\v3_39\src\traditional\proc\p18F6680.asm
                   ADCON0   0x000fc2       data     extern C:\MCC18\v3_39\src\traditional\proc\p18F6680.asm
                    ADRES   0x000fc3       data     extern C:\MCC18\v3_39\src\traditional\proc\p18F6680.asm
                   ADRESL   0x000fc3       data     extern C:\MCC18\v3_39\src\traditional\proc\p18F6680.asm
                   ADRESH   0x000fc4       data     extern C:\MCC18\v3_39\src\traditional\proc\p18F6680.asm
              SSPCON2bits   0x000fc5       data     extern C:\MCC18\v3_39\src\traditional\proc\p18F6680.asm
                  SSPCON2   0x000fc5       data     extern C:\MCC18\v3_39\src\traditional\proc\p18F6680.asm
              SSPCON1bits   0x000fc6       data     extern C:\MCC18\v3_39\src\traditional\proc\p18F6680.asm
                  SSPCON1   0x000fc6       data     extern C:\MCC18\v3_39\src\traditional\proc\p18F6680.asm
                  SSPSTAT   0x000fc7       data     extern C:\MCC18\v3_39\src\traditional\proc\p18F6680.asm
              SSPSTATbits   0x000fc7       data     extern C:\MCC18\v3_39\src\traditional\proc\p18F6680.asm
                   SSPADD   0x000fc8       data     extern C:\MCC18\v3_39\src\traditional\proc\p18F6680.asm
                   SSPBUF   0x000fc9       data     extern C:\MCC18\v3_39\src\traditional\proc\p18F6680.asm
                T2CONbits   0x000fca       data     extern C:\MCC18\v3_39\src\traditional\proc\p18F6680.asm
                    T2CON   0x000fca       data     extern C:\MCC18\v3_39\src\traditional\proc\p18F6680.asm
                      PR2   0x000fcb       data     extern C:\MCC18\v3_39\src\traditional\proc\p18F6680.asm
                     TMR2   0x000fcc       data     extern C:\MCC18\v3_39\src\traditional\proc\p18F6680.asm
                    T1CON   0x000fcd       data     extern C:\MCC18\v3_39\src\traditional\proc\p18F6680.asm
                T1CONbits   0x000fcd       data     extern C:\MCC18\v3_39\src\traditional\proc\p18F6680.asm
                    TMR1L   0x000fce       data     extern C:\MCC18\v3_39\src\traditional\proc\p18F6680.asm
                    TMR1H   0x000fcf       data     extern C:\MCC18\v3_39\src\traditional\proc\p18F6680.asm
                 RCONbits   0x000fd0       data     extern C:\MCC18\v3_39\src\traditional\proc\p18F6680.asm
                     RCON   0x000fd0       data     extern C:\MCC18\v3_39\src\traditional\proc\p18F6680.asm
               WDTCONbits   0x000fd1       data     extern C:\MCC18\v3_39\src\traditional\proc\p18F6680.asm
                   WDTCON   0x000fd1       data     extern C:\MCC18\v3_39\src\traditional\proc\p18F6680.asm
               LVDCONbits   0x000fd2       data     extern C:\MCC18\v3_39\src\traditional\proc\p18F6680.asm
                   LVDCON   0x000fd2       data     extern C:\MCC18\v3_39\src\traditional\proc\p18F6680.asm
                   OSCCON   0x000fd3       data     extern C:\MCC18\v3_39\src\traditional\proc\p18F6680.asm
               OSCCONbits   0x000fd3       data     extern C:\MCC18\v3_39\src\traditional\proc\p18F6680.asm
                    T0CON   0x000fd5       data     extern C:\MCC18\v3_39\src\traditional\proc\p18F6680.asm
                T0CONbits   0x000fd5       data     extern C:\MCC18\v3_39\src\traditional\proc\p18F6680.asm
                    TMR0L   0x000fd6       data     extern C:\MCC18\v3_39\src\traditional\proc\p18F6680.asm
                    TMR0H   0x000fd7       data     extern C:\MCC18\v3_39\src\traditional\proc\p18F6680.asm
                   STATUS   0x000fd8       data     extern C:\MCC18\v3_39\src\traditional\proc\p18F6680.asm
               STATUSbits   0x000fd8       data     extern C:\MCC18\v3_39\src\traditional\proc\p18F6680.asm
                     FSR2   0x000fd9       data     extern C:\MCC18\v3_39\src\traditional\proc\p18F6680.asm
                    FSR2L   0x000fd9       data     extern C:\MCC18\v3_39\src\traditional\proc\p18F6680.asm
                    FSR2H   0x000fda       data     extern C:\MCC18\v3_39\src\traditional\proc\p18F6680.asm
                   PLUSW2   0x000fdb       data     extern C:\MCC18\v3_39\src\traditional\proc\p18F6680.asm
                  PREINC2   0x000fdc       data     extern C:\MCC18\v3_39\src\traditional\proc\p18F6680.asm
                 POSTDEC2   0x000fdd       data     extern C:\MCC18\v3_39\src\traditional\proc\p18F6680.asm
                 POSTINC2   0x000fde       data     extern C:\MCC18\v3_39\src\traditional\proc\p18F6680.asm
                    INDF2   0x000fdf       data     extern C:\MCC18\v3_39\src\traditional\proc\p18F6680.asm
                      BSR   0x000fe0       data     extern C:\MCC18\v3_39\src\traditional\proc\p18F6680.asm
                     FSR1   0x000fe1       data     extern C:\MCC18\v3_39\src\traditional\proc\p18F6680.asm
                    FSR1L   0x000fe1       data     extern C:\MCC18\v3_39\src\traditional\proc\p18F6680.asm
                    FSR1H   0x000fe2       data     extern C:\MCC18\v3_39\src\traditional\proc\p18F6680.asm
                   PLUSW1   0x000fe3       data     extern C:\MCC18\v3_39\src\traditional\proc\p18F6680.asm
                  PREINC1   0x000fe4       data     extern C:\MCC18\v3_39\src\traditional\proc\p18F6680.asm
                 POSTDEC1   0x000fe5       data     extern C:\MCC18\v3_39\src\traditional\proc\p18F6680.asm
                 POSTINC1   0x000fe6       data     extern C:\MCC18\v3_39\src\traditional\proc\p18F6680.asm
                    INDF1   0x000fe7       data     extern C:\MCC18\v3_39\src\traditional\proc\p18F6680.asm
                     WREG   0x000fe8       data     extern C:\MCC18\v3_39\src\traditional\proc\p18F6680.asm
                     FSR0   0x000fe9       data     extern C:\MCC18\v3_39\src\traditional\proc\p18F6680.asm
                    FSR0L   0x000fe9       data     extern C:\MCC18\v3_39\src\traditional\proc\p18F6680.asm
                    FSR0H   0x000fea       data     extern C:\MCC18\v3_39\src\traditional\proc\p18F6680.asm
                   PLUSW0   0x000feb       data     extern C:\MCC18\v3_39\src\traditional\proc\p18F6680.asm
                  PREINC0   0x000fec       data     extern C:\MCC18\v3_39\src\traditional\proc\p18F6680.asm
                 POSTDEC0   0x000fed       data     extern C:\MCC18\v3_39\src\traditional\proc\p18F6680.asm
                 POSTINC0   0x000fee       data     extern C:\MCC18\v3_39\src\traditional\proc\p18F6680.asm
                    INDF0   0x000fef       data     extern C:\MCC18\v3_39\src\traditional\proc\p18F6680.asm
              INTCON3bits   0x000ff0       data     extern C:\MCC18\v3_39\src\traditional\proc\p18F6680.asm
                  INTCON3   0x000ff0       data     extern C:\MCC18\v3_39\src\traditional\proc\p18F6680.asm
                  INTCON2   0x000ff1       data     extern C:\MCC18\v3_39\src\traditional\proc\p18F6680.asm
              INTCON2bits   0x000ff1       data     extern C:\MCC18\v3_39\src\traditional\proc\p18F6680.asm
                   INTCON   0x000ff2       data     extern C:\MCC18\v3_39\src\traditional\proc\p18F6680.asm
               INTCONbits   0x000ff2       data     extern C:\MCC18\v3_39\src\traditional\proc\p18F6680.asm
                     PROD   0x000ff3       data     extern C:\MCC18\v3_39\src\traditional\proc\p18F6680.asm
                    PRODL   0x000ff3       data     extern C:\MCC18\v3_39\src\traditional\proc\p18F6680.asm
                    PRODH   0x000ff4       data     extern C:\MCC18\v3_39\src\traditional\proc\p18F6680.asm
                   TABLAT   0x000ff5       data     extern C:\MCC18\v3_39\src\traditional\proc\p18F6680.asm
                  TBLPTRL   0x000ff6       data     extern C:\MCC18\v3_39\src\traditional\proc\p18F6680.asm
                   TBLPTR   0x000ff6       data     extern C:\MCC18\v3_39\src\traditional\proc\p18F6680.asm
                  TBLPTRH   0x000ff7       data     extern C:\MCC18\v3_39\src\traditional\proc\p18F6680.asm
                  TBLPTRU   0x000ff8       data     extern C:\MCC18\v3_39\src\traditional\proc\p18F6680.asm
                       PC   0x000ff9       data     extern C:\MCC18\v3_39\src\traditional\proc\p18F6680.asm
                      PCL   0x000ff9       data     extern C:\MCC18\v3_39\src\traditional\proc\p18F6680.asm
                   PCLATH   0x000ffa       data     extern C:\MCC18\v3_39\src\traditional\proc\p18F6680.asm
                   PCLATU   0x000ffb       data     extern C:\MCC18\v3_39\src\traditional\proc\p18F6680.asm
               STKPTRbits   0x000ffc       data     extern C:\MCC18\v3_39\src\traditional\proc\p18F6680.asm
                   STKPTR   0x000ffc       data     extern C:\MCC18\v3_39\src\traditional\proc\p18F6680.asm
                     TOSL   0x000ffd       data     extern C:\MCC18\v3_39\src\traditional\proc\p18F6680.asm
                      TOS   0x000ffd       data     extern C:\MCC18\v3_39\src\traditional\proc\p18F6680.asm
                     TOSH   0x000ffe       data     extern C:\MCC18\v3_39\src\traditional\proc\p18F6680.asm
                     TOSU   0x000fff       data     extern C:\MCC18\v3_39\src\traditional\proc\p18F6680.asm


