Archive member included because of file (symbol)

C:\aa\dev\Projects-Clean\Microchip\audio\audio_lib_pic32.a(audio.o)
                              Release\audio_demo_speex-rs232.o (AudioSetCallback)
C:\aa\dev\Projects-Clean\Microchip\audio\audio_lib_pic32.a(audio_adpcm.o)
                              C:\aa\dev\Projects-Clean\Microchip\audio\audio_lib_pic32.a(audio.o) (AdpcmDecoderOutSamples)
C:\aa\dev\Projects-Clean\Microchip\audio\audio_lib_pic32.a(audio_io.o)
                              C:\aa\dev\Projects-Clean\Microchip\audio\audio_lib_pic32.a(audio.o) (AudioIOInitPlay)
C:\aa\dev\Projects-Clean\Microchip\audio\audio_lib_pic32.a(audio_pcm.o)
                              C:\aa\dev\Projects-Clean\Microchip\audio\audio_lib_pic32.a(audio.o) (PcmDecoderOutSamples)
C:\aa\dev\Projects-Clean\Microchip\audio\audio_lib_pic32.a(audio_speex.o)
                              C:\aa\dev\Projects-Clean\Microchip\audio\audio_lib_pic32.a(audio.o) (AudioSpxSetPrcptEnh)
C:\aa\dev\Projects-Clean\Microchip\audio\audio_lib_pic32.a(audio_streams.o)
                              C:\aa\dev\Projects-Clean\Microchip\audio\audio_lib_pic32.a(audio.o) (AudioStreamOpen)
C:\aa\dev\Projects-Clean\Microchip\audio\speex\speexno-lib.a(bits.o)
                              C:\aa\dev\Projects-Clean\Microchip\audio\audio_lib_pic32.a(audio_speex.o) (speex_bits_reset)
C:\aa\dev\Projects-Clean\Microchip\audio\speex\speexno-lib.a(modes.o)
                              C:\aa\dev\Projects-Clean\Microchip\audio\audio_lib_pic32.a(audio_speex.o) (speex_nb_mode)
C:\aa\dev\Projects-Clean\Microchip\audio\speex\speexno-lib.a(nb_celp.o)
                              C:\aa\dev\Projects-Clean\Microchip\audio\speex\speexno-lib.a(modes.o) (nb_encoder_init)
C:\aa\dev\Projects-Clean\Microchip\audio\speex\speexno-lib.a(quant_lsp.o)
                              C:\aa\dev\Projects-Clean\Microchip\audio\speex\speexno-lib.a(modes.o) (lsp_quant_nb)
C:\aa\dev\Projects-Clean\Microchip\audio\speex\speexno-lib.a(speex.o)
                              C:\aa\dev\Projects-Clean\Microchip\audio\audio_lib_pic32.a(audio_speex.o) (speex_encoder_init)
C:\aa\dev\Projects-Clean\Microchip\audio\speex\speexno-lib.a(speex_callbacks.o)
                              C:\aa\dev\Projects-Clean\Microchip\audio\speex\speexno-lib.a(nb_celp.o) (speex_inband_handler)
C:\aa\dev\Projects-Clean\Microchip\audio\speex\speexno-lib.a(vq.o)
                              C:\aa\dev\Projects-Clean\Microchip\audio\speex\speexno-lib.a(nb_celp.o) (scal_quant)
C:\aa\dev\Projects-Clean\Microchip\audio\speex\speexno-lib.a(window.o)
                              C:\aa\dev\Projects-Clean\Microchip\audio\speex\speexno-lib.a(nb_celp.o) (lpc_window)
C:\aa\dev\Projects-Clean\Microchip\audio\speex\speexno-lib.a(cb_search.o)
                              C:\aa\dev\Projects-Clean\Microchip\audio\speex\speexno-lib.a(modes.o) (split_cb_search_shape_sign)
C:\aa\dev\Projects-Clean\Microchip\audio\speex\speexno-lib.a(exc_5_64_table.o)
                              C:\aa\dev\Projects-Clean\Microchip\audio\speex\speexno-lib.a(modes.o) (exc_5_64_table)
C:\aa\dev\Projects-Clean\Microchip\audio\speex\speexno-lib.a(exc_5_256_table.o)
                              C:\aa\dev\Projects-Clean\Microchip\audio\speex\speexno-lib.a(modes.o) (exc_5_256_table)
C:\aa\dev\Projects-Clean\Microchip\audio\speex\speexno-lib.a(exc_8_128_table.o)
                              C:\aa\dev\Projects-Clean\Microchip\audio\speex\speexno-lib.a(modes.o) (exc_8_128_table)
C:\aa\dev\Projects-Clean\Microchip\audio\speex\speexno-lib.a(exc_10_16_table.o)
                              C:\aa\dev\Projects-Clean\Microchip\audio\speex\speexno-lib.a(modes.o) (exc_10_16_table)
C:\aa\dev\Projects-Clean\Microchip\audio\speex\speexno-lib.a(exc_10_32_table.o)
                              C:\aa\dev\Projects-Clean\Microchip\audio\speex\speexno-lib.a(modes.o) (exc_10_32_table)
C:\aa\dev\Projects-Clean\Microchip\audio\speex\speexno-lib.a(exc_20_32_table.o)
                              C:\aa\dev\Projects-Clean\Microchip\audio\speex\speexno-lib.a(modes.o) (exc_20_32_table)
C:\aa\dev\Projects-Clean\Microchip\audio\speex\speexno-lib.a(filters.o)
                              C:\aa\dev\Projects-Clean\Microchip\audio\speex\speexno-lib.a(nb_celp.o) (bw_lpc)
C:\aa\dev\Projects-Clean\Microchip\audio\speex\speexno-lib.a(gain_table.o)
                              C:\aa\dev\Projects-Clean\Microchip\audio\speex\speexno-lib.a(modes.o) (gain_cdbk_nb)
C:\aa\dev\Projects-Clean\Microchip\audio\speex\speexno-lib.a(gain_table_lbr.o)
                              C:\aa\dev\Projects-Clean\Microchip\audio\speex\speexno-lib.a(modes.o) (gain_cdbk_lbr)
C:\aa\dev\Projects-Clean\Microchip\audio\speex\speexno-lib.a(high_lsp_tables.o)
                              C:\aa\dev\Projects-Clean\Microchip\audio\speex\speexno-lib.a(quant_lsp.o) (high_lsp_cdbk2)
C:\aa\dev\Projects-Clean\Microchip\audio\speex\speexno-lib.a(lpc.o)
[...]
Memory Configuration

Name             Origin             Length             Attributes
kseg0_program_mem 0x9d000000         0x00080000         xr
kseg0_boot_mem   0x9fc00490         0x00000970
exception_mem    0x9fc01000         0x00001000
kseg1_boot_mem   0xbfc00000         0x00000490
debug_exec_mem   0xbfc02000         0x00000ff0
config3          0xbfc02ff0         0x00000004
config2          0xbfc02ff4         0x00000004
config1          0xbfc02ff8         0x00000004
config0          0xbfc02ffc         0x00000004
kseg1_data_mem   0xa0000000         0x00008000         w !x
sfrs             0xbf800000         0x00100000
*default*        0x00000000         0xffffffff

Linker script and memory map

LOAD C:/Program Files/Microchip/MPLAB C32/bin/../lib/gcc/pic32mx/3.4.4/../../../../pic32mx/lib/speed/crt0.o
LOAD Release\audio_demo_speex-rs232.o
LOAD Release\sdcard_spi.o
LOAD Release\fat.o
LOAD Release\fileio.o
LOAD Release\media.o
LOAD Release\mstimer.o
LOAD C:\aa\dev\Projects-Clean\Microchip\audio\audio_lib_pic32.a
LOAD C:\aa\dev\Projects-Clean\Microchip\audio\speex\speexno-lib.a
                0x00000001                __MPLAB_BUILD = 0x1
                0x00005c00                _min_heap_size = 0x5c00
                0x00001400                _min_stack_size = 0x1400
LOAD C:/Program Files/Microchip/MPLAB C32/bin/../lib/gcc/pic32mx/3.4.4/speed\libgcc.a
START GROUP
LOAD C:/Program Files/Microchip/MPLAB C32/bin/../lib/gcc/pic32mx/3.4.4/../../../../pic32mx/lib/speed\libc.a
LOAD C:/Program Files/Microchip/MPLAB C32/bin/../lib/gcc/pic32mx/3.4.4/../../../../pic32mx/lib/speed\libm.a
LOAD C:/Program Files/Microchip/MPLAB C32/bin/../lib/gcc/pic32mx/3.4.4/../../../../pic32mx/lib/speed\libe.a
LOAD C:/Program Files/Microchip/MPLAB C32/bin/../lib/gcc/pic32mx/3.4.4/../../../../pic32mx/lib/speed\libmchp_peripheral.a
LOAD C:/Program Files/Microchip/MPLAB C32/bin/../lib/gcc/pic32mx/3.4.4/../../../../pic32mx/lib/speed\libmchp_peripheral_32MX360F512L.a
END GROUP
LOAD C:/Program Files/Microchip/MPLAB C32/bin/../lib/gcc/pic32mx/3.4.4/speed\libgcc.a
                0x00000400                PROVIDE (_min_stack_size, 0x400)
                0x00000000                PROVIDE (_min_heap_size, 0x0)
LOAD C:/Program Files/Microchip/MPLAB C32/bin/../lib/gcc/pic32mx/3.4.4/../../../../pic32mx/lib/./proc/32MX360F512L\processor.o
                0x00000001                PROVIDE (_vector_spacing, 0x1)
                0x9fc01000                _ebase_address = 0x9fc01000
                0xbfc00000                _RESET_ADDR = 0xbfc00000
                0xbfc00380                _BEV_EXCPT_ADDR = 0xbfc00380
                0xbfc00480                _DBG_EXCPT_ADDR = 0xbfc00480
                0xbfc02000                _DBG_CODE_ADDR = 0xbfc02000
                0x9fc01180                _GEN_EXCPT_ADDR = (_ebase_address + 0x180)

.config_BFC02FF0
 *(.config_BFC02FF0)

.config_BFC02FF4
                0xbfc02ff4        0x4
 *(.config_BFC02FF4)
 .config_BFC02FF4
                0xbfc02ff4        0x4 Release\audio_demo_speex-rs232.o

.config_BFC02FF8
                0xbfc02ff8        0x4
 *(.config_BFC02FF8)
 .config_BFC02FF8
                0xbfc02ff8        0x4 Release\audio_demo_speex-rs232.o

.config_BFC02FFC
                0xbfc02ffc        0x4
 *(.config_BFC02FFC)
 .config_BFC02FFC
                0xbfc02ffc        0x4 Release\audio_demo_speex-rs232.o

.reset          0xbfc00000       0x10
 *(.reset)
 .reset         0xbfc00000       0x10 C:/Program Files/Microchip/MPLAB C32/bin/../lib/gcc/pic32mx/3.4.4/../../../../pic32mx/lib/speed/crt0.o
                0xbfc00000                _reset

.bev_excpt      0xbfc00380       0x10
 *(.bev_handler)
 .bev_handler   0xbfc00380       0x10 C:/Program Files/Microchip/MPLAB C32/bin/../lib/gcc/pic32mx/3.4.4/../../../../pic32mx/lib/speed/crt0.o

.dbg_excpt      0xbfc00480        0x0
                0xbfc00480                . = (. + DEFINED (_DEBUGGER)?0x8:0x0)

.dbg_code       0xbfc02000        0x0
                0xbfc02000                . = (. + DEFINED (_DEBUGGER)?0xff0:0x0)

.app_excpt      0x9fc01180       0x10
 *(.gen_handler)
 .gen_handler   0x9fc01180       0x10 C:/Program Files/Microchip/MPLAB C32/bin/../lib/gcc/pic32mx/3.4.4/../../../../pic32mx/lib/speed/crt0.o

.vector_0       0x9fc01200        0x0
 *(.vector_0)
                0x00000001                ASSERT (((_vector_spacing == 0x0) || (SIZEOF (.vector_0) < (_vector_spacing << 0x5))), function at exception vector 0 too large)

.vector_1       0x9fc01220        0x0
 *(.vector_1)
                0x00000001                ASSERT (((_vector_spacing == 0x0) || (SIZEOF (.vector_1) < (_vector_spacing << 0x5))), function at exception vector 1 too large)

.vector_2       0x9fc01240        0x0
 *(.vector_2)
                0x00000001                ASSERT (((_vector_spacing == 0x0) || (SIZEOF (.vector_2) < (_vector_spacing << 0x5))), function at exception vector 2 too large)

.vector_3       0x9fc01260        0x0
 *(.vector_3)
                0x00000001                ASSERT (((_vector_spacing == 0x0) || (SIZEOF (.vector_3) < (_vector_spacing << 0x5))), function at exception vector 3 too large)

.vector_4       0x9fc01280        0x0
 *(.vector_4)
                0x00000001                ASSERT (((_vector_spacing == 0x0) || (SIZEOF (.vector_4) < (_vector_spacing << 0x5))), function at exception vector 4 too large)

.vector_5       0x9fc012a0        0x0
 *(.vector_5)
                0x00000001                ASSERT (((_vector_spacing == 0x0) || (SIZEOF (.vector_5) < (_vector_spacing << 0x5))), function at exception vector 5 too large)

.vector_6       0x9fc012c0        0x0
 *(.vector_6)
                0x00000001                ASSERT (((_vector_spacing == 0x0) || (SIZEOF (.vector_6) < (_vector_spacing << 0x5))), function at exception vector 6 too large)

.vector_7       0x9fc012e0        0x0
 *(.vector_7)
                0x00000001                ASSERT (((_vector_spacing == 0x0) || (SIZEOF (.vector_7) < (_vector_spacing << 0x5))), function at exception vector 7 too large)

.vector_8       0x9fc01300        0x8
 *(.vector_8)
 .vector_8      0x9fc01300        0x8 Release\mstimer.o
                0x00000001                ASSERT (((_vector_spacing == 0x0) || (SIZEOF (.vector_8) < (_vector_spacing << 0x5))), function at exception vector 8 too large)

.vector_9       0x9fc01320        0x0
 *(.vector_9)
                0x00000001                ASSERT (((_vector_spacing == 0x0) || (SIZEOF (.vector_9) < (_vector_spacing << 0x5))), function at exception vector 9 too large)

.vector_10      0x9fc01340        0x0
 *(.vector_10)
                0x00000001                ASSERT (((_vector_spacing == 0x0) || (SIZEOF (.vector_10) < (_vector_spacing << 0x5))), function at exception vector 10 too large)

.vector_11      0x9fc01360        0x0
 *(.vector_11)
                0x00000001                ASSERT (((_vector_spacing == 0x0) || (SIZEOF (.vector_11) < (_vector_spacing << 0x5))), function at exception vector 11 too large)

.vector_12      0x9fc01380        0x0
 *(.vector_12)
                0x00000001                ASSERT (((_vector_spacing == 0x0) || (SIZEOF (.vector_12) < (_vector_spacing << 0x5))), function at exception vector 12 too large)

.vector_13      0x9fc013a0        0x0
 *(.vector_13)
                0x00000001                ASSERT (((_vector_spacing == 0x0) || (SIZEOF (.vector_13) < (_vector_spacing << 0x5))), function at exception vector 13 too large)

.vector_14      0x9fc013c0        0x0
 *(.vector_14)
                0x00000001                ASSERT (((_vector_spacing == 0x0) || (SIZEOF (.vector_14) < (_vector_spacing << 0x5))), function at exception vector 14 too large)

.vector_15      0x9fc013e0        0x0
 *(.vector_15)
                0x00000001                ASSERT (((_vector_spacing == 0x0) || (SIZEOF (.vector_15) < (_vector_spacing << 0x5))), function at exception vector 15 too large)

.vector_16      0x9fc01400        0x0
 *(.vector_16)
                0x00000001                ASSERT (((_vector_spacing == 0x0) || (SIZEOF (.vector_16) < (_vector_spacing << 0x5))), function at exception vector 16 too large)

.vector_17      0x9fc01420        0x0
 *(.vector_17)
                0x00000001                ASSERT (((_vector_spacing == 0x0) || (SIZEOF (.vector_17) < (_vector_spacing << 0x5))), function at exception vector 17 too large)

.vector_18      0x9fc01440        0x0
 *(.vector_18)
                0x00000001                ASSERT (((_vector_spacing == 0x0) || (SIZEOF (.vector_18) < (_vector_spacing << 0x5))), function at exception vector 18 too large)

.vector_19      0x9fc01460        0x0
 *(.vector_19)
                0x00000001                ASSERT (((_vector_spacing == 0x0) || (SIZEOF (.vector_19) < (_vector_spacing << 0x5))), function at exception vector 19 too large)

.vector_20      0x9fc01480        0x0
 *(.vector_20)
                0x00000001                ASSERT (((_vector_spacing == 0x0) || (SIZEOF (.vector_20) < (_vector_spacing << 0x5))), function at exception vector 20 too large)

.vector_21      0x9fc014a0        0x0
 *(.vector_21)
                0x00000001                ASSERT (((_vector_spacing == 0x0) || (SIZEOF (.vector_21) < (_vector_spacing << 0x5))), function at exception vector 21 too large)

.vector_22      0x9fc014c0        0x0
 *(.vector_22)
                0x00000001                ASSERT (((_vector_spacing == 0x0) || (SIZEOF (.vector_22) < (_vector_spacing << 0x5))), function at exception vector 22 too large)

.vector_23      0x9fc014e0        0x0
 *(.vector_23)
                0x00000001                ASSERT (((_vector_spacing == 0x0) || (SIZEOF (.vector_23) < (_vector_spacing << 0x5))), function at exception vector 23 too large)

.vector_24      0x9fc01500        0x0
 *(.vector_24)
                0x00000001                ASSERT (((_vector_spacing == 0x0) || (SIZEOF (.vector_24) < (_vector_spacing << 0x5))), function at exception vector 24 too large)

.vector_25      0x9fc01520        0x0
 *(.vector_25)
                0x00000001                ASSERT (((_vector_spacing == 0x0) || (SIZEOF (.vector_25) < (_vector_spacing << 0x5))), function at exception vector 25 too large)

.vector_26      0x9fc01540        0x0
 *(.vector_26)
                0x00000001                ASSERT (((_vector_spacing == 0x0) || (SIZEOF (.vector_26) < (_vector_spacing << 0x5))), function at exception vector 26 too large)

.vector_27      0x9fc01560        0x0
 *(.vector_27)
                0x00000001                ASSERT (((_vector_spacing == 0x0) || (SIZEOF (.vector_27) < (_vector_spacing << 0x5))), function at exception vector 27 too large)

.vector_28      0x9fc01580        0x0
 *(.vector_28)
                0x00000001                ASSERT (((_vector_spacing == 0x0) || (SIZEOF (.vector_28) < (_vector_spacing << 0x5))), function at exception vector 28 too large)

.vector_29      0x9fc015a0        0x0
 *(.vector_29)
                0x00000001                ASSERT (((_vector_spacing == 0x0) || (SIZEOF (.vector_29) < (_vector_spacing << 0x5))), function at exception vector 29 too large)

.vector_30      0x9fc015c0        0x0
 *(.vector_30)
                0x00000001                ASSERT (((_vector_spacing == 0x0) || (SIZEOF (.vector_30) < (_vector_spacing << 0x5))), function at exception vector 30 too large)

.vector_31      0x9fc015e0        0x0
 *(.vector_31)
                0x00000001                ASSERT (((_vector_spacing == 0x0) || (SIZEOF (.vector_31) < (_vector_spacing << 0x5))), function at exception vector 31 too large)

.vector_32      0x9fc01600        0x0
 *(.vector_32)
                0x00000001                ASSERT (((_vector_spacing == 0x0) || (SIZEOF (.vector_32) < (_vector_spacing << 0x5))), function at exception vector 32 too large)

.vector_33      0x9fc01620        0x0
 *(.vector_33)
                0x00000001                ASSERT (((_vector_spacing == 0x0) || (SIZEOF (.vector_33) < (_vector_spacing << 0x5))), function at exception vector 33 too large)

.vector_34      0x9fc01640        0x0
 *(.vector_34)
                0x00000001                ASSERT (((_vector_spacing == 0x0) || (SIZEOF (.vector_34) < (_vector_spacing << 0x5))), function at exception vector 34 too large)

.vector_35      0x9fc01660        0x0
 *(.vector_35)
                0x00000001                ASSERT (((_vector_spacing == 0x0) || (SIZEOF (.vector_35) < (_vector_spacing << 0x5))), function at exception vector 35 too large)

.vector_36      0x9fc01680        0x8
 *(.vector_36)
 .vector_36     0x9fc01680        0x8 Release\audio_demo_speex-rs232.o
                0x00000001                ASSERT (((_vector_spacing == 0x0) || (SIZEOF (.vector_36) < (_vector_spacing << 0x5))), function at exception vector 36 too large)

.vector_37      0x9fc016a0        0x0
 *(.vector_37)
                0x00000001                ASSERT (((_vector_spacing == 0x0) || (SIZEOF (.vector_37) < (_vector_spacing << 0x5))), function at exception vector 37 too large)

.vector_38      0x9fc016c0        0x0
 *(.vector_38)
                0x00000001                ASSERT (((_vector_spacing == 0x0) || (SIZEOF (.vector_38) < (_vector_spacing << 0x5))), function at exception vector 38 too large)

.vector_39      0x9fc016e0        0x0
 *(.vector_39)
                0x00000001                ASSERT (((_vector_spacing == 0x0) || (SIZEOF (.vector_39) < (_vector_spacing << 0x5))), function at exception vector 39 too large)

.vector_40      0x9fc01700        0x0
 *(.vector_40)
                0x00000001                ASSERT (((_vector_spacing == 0x0) || (SIZEOF (.vector_40) < (_vector_spacing << 0x5))), function at exception vector 40 too large)

.vector_41      0x9fc01720        0x0
 *(.vector_41)
                0x00000001                ASSERT (((_vector_spacing == 0x0) || (SIZEOF (.vector_41) < (_vector_spacing << 0x5))), function at exception vector 41 too large)

.vector_42      0x9fc01740        0x0
 *(.vector_42)
                0x00000001                ASSERT (((_vector_spacing == 0x0) || (SIZEOF (.vector_42) < (_vector_spacing << 0x5))), function at exception vector 42 too large)

.vector_43      0x9fc01760        0x0
 *(.vector_43)
                0x00000001                ASSERT (((_vector_spacing == 0x0) || (SIZEOF (.vector_43) < (_vector_spacing << 0x5))), function at exception vector 43 too large)

.vector_44      0x9fc01780        0x0
 *(.vector_44)
                0x00000001                ASSERT (((_vector_spacing == 0x0) || (SIZEOF (.vector_44) < (_vector_spacing << 0x5))), function at exception vector 44 too large)

.vector_45      0x9fc017a0        0x0
 *(.vector_45)
                0x00000001                ASSERT (((_vector_spacing == 0x0) || (SIZEOF (.vector_45) < (_vector_spacing << 0x5))), function at exception vector 45 too large)

.vector_46      0x9fc017c0        0x0
 *(.vector_46)
                0x00000001                ASSERT (((_vector_spacing == 0x0) || (SIZEOF (.vector_46) < (_vector_spacing << 0x5))), function at exception vector 46 too large)

.vector_47      0x9fc017e0        0x0
 *(.vector_47)
                0x00000001                ASSERT (((_vector_spacing == 0x0) || (SIZEOF (.vector_47) < (_vector_spacing << 0x5))), function at exception vector 47 too large)

.vector_48      0x9fc01800        0x0
 *(.vector_48)
                0x00000001                ASSERT (((_vector_spacing == 0x0) || (SIZEOF (.vector_48) < (_vector_spacing << 0x5))), function at exception vector 48 too large)

.vector_49      0x9fc01820        0x0
 *(.vector_49)
                0x00000001                ASSERT (((_vector_spacing == 0x0) || (SIZEOF (.vector_49) < (_vector_spacing << 0x5))), function at exception vector 49 too large)

.vector_50      0x9fc01840        0x0
 *(.vector_50)
                0x00000001                ASSERT (((_vector_spacing == 0x0) || (SIZEOF (.vector_50) < (_vector_spacing << 0x5))), function at exception vector 50 too large)

.vector_51      0x9fc01860        0x0
 *(.vector_51)
                0x00000001                ASSERT (((_vector_spacing == 0x0) || (SIZEOF (.vector_51) < (_vector_spacing << 0x5))), function at exception vector 51 too large)

.vector_52      0x9fc01880        0x0
 *(.vector_52)
                0x00000001                ASSERT (((_vector_spacing == 0x0) || (SIZEOF (.vector_52) < (_vector_spacing << 0x5))), function at exception vector 52 too large)

.vector_53      0x9fc018a0        0x0
 *(.vector_53)
                0x00000001                ASSERT (((_vector_spacing == 0x0) || (SIZEOF (.vector_53) < (_vector_spacing << 0x5))), function at exception vector 53 too large)

.vector_54      0x9fc018c0        0x0
 *(.vector_54)
                0x00000001                ASSERT (((_vector_spacing == 0x0) || (SIZEOF (.vector_54) < (_vector_spacing << 0x5))), function at exception vector 54 too large)

.vector_55      0x9fc018e0        0x0
 *(.vector_55)
                0x00000001                ASSERT (((_vector_spacing == 0x0) || (SIZEOF (.vector_55) < (_vector_spacing << 0x5))), function at exception vector 55 too large)

.vector_56      0x9fc01900        0x0
 *(.vector_56)
                0x00000001                ASSERT (((_vector_spacing == 0x0) || (SIZEOF (.vector_56) < (_vector_spacing << 0x5))), function at exception vector 56 too large)

.vector_57      0x9fc01920        0x0
 *(.vector_57)
                0x00000001                ASSERT (((_vector_spacing == 0x0) || (SIZEOF (.vector_57) < (_vector_spacing << 0x5))), function at exception vector 57 too large)

.vector_58      0x9fc01940        0x0
 *(.vector_58)
                0x00000001                ASSERT (((_vector_spacing == 0x0) || (SIZEOF (.vector_58) < (_vector_spacing << 0x5))), function at exception vector 58 too large)

.vector_59      0x9fc01960        0x0
 *(.vector_59)
                0x00000001                ASSERT (((_vector_spacing == 0x0) || (SIZEOF (.vector_59) < (_vector_spacing << 0x5))), function at exception vector 59 too large)

.vector_60      0x9fc01980        0x0
 *(.vector_60)
                0x00000001                ASSERT (((_vector_spacing == 0x0) || (SIZEOF (.vector_60) < (_vector_spacing << 0x5))), function at exception vector 60 too large)

.vector_61      0x9fc019a0        0x0
 *(.vector_61)
                0x00000001                ASSERT (((_vector_spacing == 0x0) || (SIZEOF (.vector_61) < (_vector_spacing << 0x5))), function at exception vector 61 too large)

.vector_62      0x9fc019c0        0x0
 *(.vector_62)
                0x00000001                ASSERT (((_vector_spacing == 0x0) || (SIZEOF (.vector_62) < (_vector_spacing << 0x5))), function at exception vector 62 too large)

.vector_63      0x9fc019e0        0x0
 *(.vector_63)
                0x00000001                ASSERT (((_vector_spacing == 0x0) || (SIZEOF (.vector_63) < (_vector_spacing << 0x5))), function at exception vector 63 too large)

.startup        0x9fc00490      0x1e0
 *(.startup)
 .startup       0x9fc00490      0x1e0 C:/Program Files/Microchip/MPLAB C32/bin/../lib/gcc/pic32mx/3.4.4/../../../../pic32mx/lib/speed/crt0.o

.text           0x9d000000    0x22770
                0x9d000000                _text_begin = .
 *(.text .stub .text.* .gnu.linkonce.t.*)
 .text          0x9d000000       0x18 C:/Program Files/Microchip/MPLAB C32/bin/../lib/gcc/pic32mx/3.4.4/../../../../pic32mx/lib/speed/crt0.o
 .text          0x9d000018     0x2d14 Release\audio_demo_speex-rs232.o
                0x9d000254                reverse
                0x9d002378                main
                0x9d000018                __AudioSampleIntHandler
 .text          0x9d002d2c     0x1020 Release\sdcard_spi.o
                0x9d00389c                SDInit
                0x9d00328c                SDReadSector
                0x9d002f28                CheckBusy
                0x9d002fac                GetStartToken
                0x9d0037fc                SDCallBack
                0x9d002d2c                BufferTransfer
                0x9d002dc8                BufferReceive
                0x9d003054                GetToken
                0x9d003504                SDWriteSector
                0x9d00384c                CSDRead
                0x9d0030f8                SDShutDown
 .text          0x9d003d4c      0xa34 Release\fat.o
                0x9d004300                FATFindEmptyCluster
                0x9d004068                FATMediaInitName
                0x9d003d4c                DiskMount
                0x9d004488                EraseCluster
                0x9d003fc0                FATMediaInit
                0x9d004458                Cluster2Sector
                0x9d0041e4                FATRead
                0x9d004008                FATMediaInitIdx
                0x9d0040c8                FATWrite
                0x9d0045b0                FATEraseClusterChain
                0x9d00426c                FATReadQueued
 .text          0x9d004780     0x360c Release\fileio.o
                0x9d004780                FSftell
                0x9d004788                FSrewind
                0x9d00535c                FSremove
                0x9d0074e4                GetDirectoryName
                0x9d0047a0                FSfeof
                0x9d005c4c                FSfread
                0x9d0067d0                FSfseek
                0x9d005fb8                FSfclose
                0x9d00742c                ChangeDirectory
                0x9d0067f8                FSfopen
                0x9d007ae8                GetFileName
                0x9d0076c8                GetRootDirectory
                0x9d007c0c                GetFileNameIdx
                0x9d006254                FSfwrite
                0x9d006ca4                FSInit
                0x9d006cac                CreateDirectory
                0x9d0077c4                EraseDirectory
 .text          0x9d007d8c      0x710 Release\media.o
                0x9d007d8c                MediaStripRootName
                0x9d0082ec                MediaWriteSectorIdx
                0x9d007f08                MediaDiskMountIdx
                0x9d007edc                MediaInitAll
                0x9d007fc0                MediaDiskMountName
                0x9d008310                MediaWriteSectorName
                0x9d0083e4                MediaCloseName
                0x9d00814c                MediaCallbackName
                0x9d008124                MediaCallbackIdx
                0x9d008094                MediaDiskMountAll
                0x9d0083c4                MediaCloseIdx
                0x9d007e14                MediaInitIdx
                0x9d008238                MediaReadSectorName
                0x9d007e3c                MediaInitName
                0x9d008214                MediaReadSectorIdx
                0x9d008470                MediaCloseAll
 .text          0x9d00849c      0x2e8 Release\mstimer.o
                0x9d008634                MSTimer32Clear
                0x9d0086ac                MSTimerWait
                0x9d0086fc                MSTimerIntHandler
                0x9d00860c                MSTimerClear
                0x9d00849c                MSTimerInit
                0x9d008684                MSTimer32GetTime
                0x9d00865c                MSTimerGetTime
 .text          0x9d008784     0x2228 C:\aa\dev\Projects-Clean\Microchip\audio\audio_lib_pic32.a(audio.o)
                0x9d0093a0                AudioSetCodecBand
                0x9d009678                AudioClose
                0x9d008dac                AudioGetActiveChannel
                0x9d008f18                AudioSetDmaEnable
                0x9d008cd0                AudioGetRecordRate
                0x9d008f98                AudioSetADPctEvent
                0x9d008ca8                AudioGetProcSamples
                0x9d008fa8                AudioGetOverrun
                0x9d008978                AudioSetCallback
                0x9d009358                AudioSetDecoderEnhancement
                0x9d008d9c                AudioSetActiveChannel
                0x9d008d08                AudioSetEncoding
                0x9d008cf4                AudioSetMinFreq
                0x9d008e60                AudioGetOutStreamInfo
                0x9d0092c8                AudioSetEncoderFrames
                0x9d008d94                AudioGetAdpcmEndianess
                0x9d008d84                AudioSetAdpcmEndianess
                0x9d008ff4                AudioConvert
                0x9d008cd8                AudioSetSamplingFreq
                0x9d008fdc                AudioGetSamplingDevice
                0x9d00976c                AudioRecord
                0x9d008bbc                AudioResume
                0x9d009d94                AudioPlay
                0x9d008d00                AudioGetMinFreq
                0x9d008f40                AudioSetDmaChannel
                0x9d008f34                AudioGetDmaEnable
                0x9d009238                AudioSetEncoderBitrate
                0x9d008f6c                AudioGetDmaChannel
                0x9d008d70                AudioSetOutStreamFormat
                0x9d009670                AudioStop
                0x9d008fbc                AudioSetSamplingDevice
                0x9d008cbc                AudioGetPlayRate
                0x9d008cc4                AudioSetRecordRate
                0x9d0089f4                AudioGetCallback
                0x9d008d5c                AudioSetInStreamFormat
                0x9d008d50                AudioGetEncoding
                0x9d0091f0                AudioSetEncoderQuality
                0x9d008c84                AudioSetProcSamples
                0x9d009310                AudioSetEncoderPackets
                0x9d008cb0                AudioSetPlayRate
                0x9d008f10                AudioGetOutStream
                0x9d008a58                AudioStatus
                0x9d008d68                AudioGetInStreamFormat
                0x9d008db8                AudioGetInStreamInfo
                0x9d009280                AudioSetEncoderComplexity
                0x9d008ce8                AudioGetSamplingFreq
                0x9d00a3f8                __AudioSampleRoutine
                0x9d008f08                AudioGetInStream
                0x9d008d7c                AudioGetOutStreamFormat
                0x9d008a60                AudioPause
                0x9d008fa0                AudioGetADPctEvent
                0x9d009698                AudioInit
 .text          0x9d00a9ac      0xb08 C:\aa\dev\Projects-Clean\Microchip\audio\audio_lib_pic32.a(audio_adpcm.o)
                0x9d00ac8c                AdpcmReadDecodeData
                0x9d00a9b4                AdpcmGetOutBuffSize
                0x9d00aa00                AdpcmCheckFormat
                0x9d00a9dc                AdpcmGetInBuff
                0x9d00aa84                AdpcmInitEncoder
                0x9d00a9ac                AdpcmDecoderOutSamples
                0x9d00a9bc                AdpcmGetOutBuff
                0x9d00ab88                AdpcmInitDecoder
                0x9d00a9cc                AdpcmEncoderInSamples
                0x9d00a9c4                AdpcmSetOutBuff
                0x9d00a9ec                AdpcmGetOutBytes
                0x9d00a9e4                AdpcmSetInBuff
                0x9d00a9d4                AdpcmGetInBuffSize
                0x9d00aa3c                AdpcmCleanUpDecoder
                0x9d00b024                AdpcmEncodeWriteData
 .text          0x9d00b4b4      0x31c C:\aa\dev\Projects-Clean\Microchip\audio\audio_lib_pic32.a(audio_io.o)
                0x9d00b590                AudioIOClosePlay
                0x9d00b7bc                AudioIODisableInAmp
                0x9d00b750                AudioIORecordProcessNeeded
                0x9d00b674                AudioIOCloseRecord
                0x9d00b6fc                AudioIOPlayProcessNeeded
                0x9d00b5b0                AudioIOInitRecord
                0x9d00b724                AudioIOProcessRecordBuffer
                0x9d00b710                AudioIOGetRecordSample
                0x9d00b704                AudioIOGetPlayAddress
                0x9d00b6b8                AudioIOProcessPlayBuffer
                0x9d00b758                AudioIOGetRecordAddress
                0x9d00b688                AudioIOPlaySample
                0x9d00b764                AudioIOEnableOutAmp
                0x9d00b7a8                AudioIOEnableInAmp
                0x9d00b788                AudioIODisableOutAmp
                0x9d00b4b4                AudioIOInitPlay
 .text          0x9d00b7d0      0x2bc C:\aa\dev\Projects-Clean\Microchip\audio\audio_lib_pic32.a(audio_pcm.o)
                0x9d00ba44                PcmCleanUpDecoder
                0x9d00b9ec                PcmGetBuffSize
                0x9d00b980                PcmEncodeWriteData
                0x9d00b8c0                PcmSetOutBuff
                0x9d00b874                PcmReadDecodeData
                0x9d00ba08                PcmCheckFormat
                0x9d00b8d8                PcmGetInBuff
                0x9d00b8e0                PcmInitEncoder
                0x9d00b7d8                PcmInitDecoder
                0x9d00b7d0                PcmDecoderOutSamples
                0x9d00b8c8                PcmSetInBuff
                0x9d00b8d0                PcmEncoderInSamples
                0x9d00b9f4                PcmGetBytes
                0x9d00b8b8                PcmGetOutBuff
 .text          0x9d00ba8c     0x1218 C:\aa\dev\Projects-Clean\Microchip\audio\audio_lib_pic32.a(audio_speex.o)
                0x9d00c014                SpxSetInBuff
                0x9d00c6a4                AudioSpxSetBandMode
                0x9d00c2a8                SpxEncodeWriteData
                0x9d00c00c                SpxGetInBuffSize
                0x9d00bb74                SpxReadDecodeData
                0x9d00c064                SpxCheckRecordFormat
                0x9d00c0c0                SpxEncoderInSamples
                0x9d00bef4                SpxCleanUpDecoder
                0x9d00ba8c                AudioSpxSetPrcptEnh
                0x9d00bfb0                AudioSpxSetComplexity
                0x9d00c220                SpxCleanUpEncoder
                0x9d00bad4                SpxCheckPlayFormat
                0x9d00be20                SpxDecoderOutSamples
                0x9d00bf9c                AudioSpxSetPacketsNo
                0x9d00bab8                SpxGetOutBuffSize
                0x9d00ca28                SpxInitDecoder
                0x9d00c6c0                SpxInitEncoder
                0x9d00c614                SpxEncoderStop
                0x9d00bac8                SpxSetOutBuff
                0x9d00bfc4                AudioSpxSetQuality
                0x9d00c004                SpxGetInBuff
                0x9d00bf7c                AudioSpxSetFramesNo
                0x9d00c690                SpxGetOutBytes
                0x9d00bfe4                AudioSpxSetBitRate
                0x9d00bac0                SpxGetOutBuff
                0x9d00c01c                AudioSpxGetSettings
 .text          0x9d00cca4     0x19fc C:\aa\dev\Projects-Clean\Microchip\audio\audio_lib_pic32.a(audio_streams.o)
                0x9d00cff8                AudioStreamWriteData
                0x9d00cf50                AudioStreamClose
                0x9d00cfc4                AudioStreamGetInfo
                0x9d00cca4                AudioStreamOpen
                0x9d00cf0c                AudioStreamCleanup
                0x9d00cfcc                AudioStreamReadData
                0x9d00d024                AudioStreamGetRunInfo
 .text          0x9d00e6a0      0xee4 C:\aa\dev\Projects-Clean\Microchip\audio\speex\speexno-lib.a(bits.o)
                0x9d00f280                speex_bits_unpack_unsigned
                0x9d00e77c                speex_bits_rewind
                0x9d00f4f0                speex_bits_advance
                0x9d00e760                speex_bits_destroy
                0x9d00f574                speex_bits_nbytes
                0x9d00ea08                speex_bits_write_whole_bytes
                0x9d00e6a0                speex_bits_reset
                0x9d00ea94                speex_bits_pack
                0x9d00e718                speex_bits_init_buffer
                0x9d00f400                speex_bits_peek_unsigned
                0x9d00e78c                speex_bits_read_from
                0x9d00ec2c                speex_bits_insert_terminator
                0x9d00ef10                speex_bits_write
                0x9d00f32c                speex_bits_unpack_signed
                0x9d00e89c                speex_bits_read_whole_bytes
                0x9d00f498                speex_bits_peek
                0x9d00e6bc                speex_bits_init
                0x9d00e73c                speex_bits_set_bit_buffer
                0x9d00f544                speex_bits_remaining
 .text          0x9d00f584       0x10 C:\aa\dev\Projects-Clean\Microchip\audio\speex\speexno-lib.a(modes.o)
                0x9d00f584                speex_mode_query
 .text          0x9d00f594     0x38ac C:\aa\dev\Projects-Clean\Microchip\audio\speex\speexno-lib.a(nb_celp.o)
                0x9d0111f8                nb_decode
                0x9d00f8ac                nb_encode
                0x9d0111ac                nb_decoder_destroy
                0x9d00f594                nb_encoder_init
                0x9d012748                nb_encoder_ctl
                0x9d012b50                nb_decoder_ctl
                0x9d010fd4                nb_decoder_init
                0x9d00f828                nb_encoder_destroy
 .text          0x9d012e40     0x12fc C:\aa\dev\Projects-Clean\Microchip\audio\speex\speexno-lib.a(quant_lsp.o)
                0x9d012e40                lsp_quant_nb
                0x9d014030                lsp_unquant_high
                0x9d0136b0                lsp_quant_lbr
                0x9d013b40                lsp_unquant_lbr
                0x9d0134e0                lsp_unquant_nb
                0x9d013c78                lsp_quant_high
 .text          0x9d01413c      0x1e8 C:\aa\dev\Projects-Clean\Microchip\audio\speex\speexno-lib.a(speex.o)
                0x9d0141c4                speex_decoder_ctl
                0x9d0141b4                speex_encoder_ctl
                0x9d014184                speex_decode_native
                0x9d014164                speex_decoder_destroy
                0x9d0141a4                speex_decode_int
                0x9d014154                speex_encoder_destroy
                0x9d01413c                speex_encoder_init
                0x9d014194                speex_encode_int
                0x9d014278                speex_lib_ctl
                0x9d014148                speex_decoder_init
                0x9d0141d4                nb_mode_query
                0x9d014174                speex_encode_native
 .text          0x9d014324      0x244 C:\aa\dev\Projects-Clean\Microchip\audio\speex\speexno-lib.a(speex_callbacks.o)
                0x9d0143f4                speex_std_mode_request_handler
                0x9d014324                speex_inband_handler
                0x9d014434                speex_std_low_mode_request_handler
                0x9d0144b4                speex_std_enh_request_handler
                0x9d01452c                speex_default_user_handler
                0x9d0144f4                speex_std_char_handler
                0x9d014474                speex_std_high_mode_request_handler
 .text          0x9d014568      0x2e4 C:\aa\dev\Projects-Clean\Microchip\audio\speex\speexno-lib.a(vq.o)
                0x9d0145d4                vq_nbest
                0x9d014700                vq_nbest_sign
                0x9d014568                scal_quant
                0x9d0145a0                scal_quant32
 .text          0x9d01484c     0x141c C:\aa\dev\Projects-Clean\Microchip\audio\speex\speexno-lib.a(cb_search.o)
                0x9d0158e8                split_cb_shape_sign_unquant
                0x9d015c0c                noise_codebook_unquant
                0x9d015b38                noise_codebook_quant
                0x9d01484c                split_cb_search_shape_sign
 .text          0x9d015c68     0x2420 C:\aa\dev\Projects-Clean\Microchip\audio\speex\speexno-lib.a(filters.o)
                0x9d0168f8                syn_percep_zero16
                0x9d016070                compute_rms
                0x9d015cb0                sanitize_values32
                0x9d0178d0                multicomb
                0x9d016fc4                qmf_decomp
                0x9d016dd0                compute_impulse_response
                0x9d01627c                compute_rms16
                0x9d01661c                filter_mem16
                0x9d017268                qmf_synth
                0x9d017664                interp_pitch
                0x9d016594                normalize16
                0x9d015cfc                highpass
                0x9d015f38                signal_div
                0x9d016b58                residue_percep_zero16
                0x9d016754                iir_mem16
                0x9d015c68                bw_lpc
                0x9d015eec                signal_mul
                0x9d01682c                fir_mem16
 .text          0x9d018088      0x28c C:\aa\dev\Projects-Clean\Microchip\audio\speex\speexno-lib.a(lpc.o)
                0x9d018088                _spx_lpc
                0x9d018204                _spx_autocorr
 .text          0x9d018314      0xc40 C:\aa\dev\Projects-Clean\Microchip\audio\speex\speexno-lib.a(lsp.o)
                0x9d018e34                lsp_enforce_margin
                0x9d018960                lsp_to_lpc
                0x9d018314                lpc_to_lsp
                0x9d018ee0                lsp_interpolate
 .text          0x9d018f54     0x1bf0 C:\aa\dev\Projects-Clean\Microchip\audio\speex\speexno-lib.a(ltp.o)
                0x9d01909c                open_loop_nbest_pitch
                0x9d01a5b8                pitch_unquant_3tap
                0x9d018fcc                pitch_xcorr
                0x9d018f54                inner_prod
                0x9d01aad4                forced_pitch_unquant
                0x9d019854                pitch_search_3tap
                0x9d01a8e0                forced_pitch_quant
 .text          0x9d01ab44      0x168 C:/Program Files/Microchip/MPLAB C32/bin/../lib/gcc/pic32mx/3.4.4/../../../../pic32mx/lib/speed\libc.a(memcpy.o)
                0x9d01ab44                memcpy
 .text          0x9d01acac       0xa8 C:/Program Files/Microchip/MPLAB C32/bin/../lib/gcc/pic32mx/3.4.4/../../../../pic32mx/lib/speed\libc.a(memset.o)
                0x9d01acac                memset
 .text          0x9d01ad54      0x120 C:/Program Files/Microchip/MPLAB C32/bin/../lib/gcc/pic32mx/3.4.4/../../../../pic32mx/lib/speed\libc.a(strcmp.o)
                0x9d01ad54                strcmp
 .text          0x9d01ae74      0x1a0 C:/Program Files/Microchip/MPLAB C32/bin/../lib/gcc/pic32mx/3.4.4/../../../../pic32mx/lib/speed\libc.a(strcpy.o)
                0x9d01ae74                strcpy
 .text          0x9d01b014      0x168 C:/Program Files/Microchip/MPLAB C32/bin/../lib/gcc/pic32mx/3.4.4/../../../../pic32mx/lib/speed\libc.a(strlen.o)
                0x9d01b014                strlen
 .text.general_exception
                0x9d01b17c       0xd0 C:/Program Files/Microchip/MPLAB C32/bin/../lib/gcc/pic32mx/3.4.4/../../../../pic32mx/lib/speed\libc.a(general-exception.o)
                0x9d01b17c                _general_exception_context
 .text.strcat   0x9d01b24c       0xa4 C:/Program Files/Microchip/MPLAB C32/bin/../lib/gcc/pic32mx/3.4.4/../../../../pic32mx/lib/speed\libc.a(strcat.o)
                0x9d01b24c                strcat
 .text.strncmp  0x9d01b2f0       0xe0 C:/Program Files/Microchip/MPLAB C32/bin/../lib/gcc/pic32mx/3.4.4/../../../../pic32mx/lib/speed\libc.a(strncmp.o)
                0x9d01b2f0                strncmp
 .text.strncpy  0x9d01b3d0       0xcc C:/Program Files/Microchip/MPLAB C32/bin/../lib/gcc/pic32mx/3.4.4/../../../../pic32mx/lib/speed\libc.a(strncpy.o)
                0x9d01b3d0                strncpy
 .text.strtok_r
                0x9d01b49c       0xd8 C:/Program Files/Microchip/MPLAB C32/bin/../lib/gcc/pic32mx/3.4.4/../../../../pic32mx/lib/speed\libc.a(strtok.o)
                0x9d01b49c                strtok_r
 .text.strtok   0x9d01b574       0xf0 C:/Program Files/Microchip/MPLAB C32/bin/../lib/gcc/pic32mx/3.4.4/../../../../pic32mx/lib/speed\libc.a(strtok.o)
                0x9d01b574                strtok
 .text.memmove  0x9d01b664       0x74 C:/Program Files/Microchip/MPLAB C32/bin/../lib/gcc/pic32mx/3.4.4/../../../../pic32mx/lib/speed\libc.a(memmove.o)
                0x9d01b664                memmove
 .text.exit     0x9d01b6d8       0xac C:/Program Files/Microchip/MPLAB C32/bin/../lib/gcc/pic32mx/3.4.4/../../../../pic32mx/lib/speed\libc.a(exit.o)
                0x9d01b6d8                exit
 .text.tolower  0x9d01b784       0x20 C:/Program Files/Microchip/MPLAB C32/bin/../lib/gcc/pic32mx/3.4.4/../../../../pic32mx/lib/speed\libc.a(ctypef.o)
                0x9d01b784                tolower
 .text.toupper  0x9d01b7a4       0x20 C:/Program Files/Microchip/MPLAB C32/bin/../lib/gcc/pic32mx/3.4.4/../../../../pic32mx/lib/speed\libc.a(ctypef.o)
                0x9d01b7a4                toupper
 .text.isalnum  0x9d01b7c4       0x18 C:/Program Files/Microchip/MPLAB C32/bin/../lib/gcc/pic32mx/3.4.4/../../../../pic32mx/lib/speed\libc.a(ctypef.o)
                0x9d01b7c4                isalnum
 .text.isalpha  0x9d01b7dc       0x18 C:/Program Files/Microchip/MPLAB C32/bin/../lib/gcc/pic32mx/3.4.4/../../../../pic32mx/lib/speed\libc.a(ctypef.o)
                0x9d01b7dc                isalpha
 .text.isascii  0x9d01b7f4        0x8 C:/Program Files/Microchip/MPLAB C32/bin/../lib/gcc/pic32mx/3.4.4/../../../../pic32mx/lib/speed\libc.a(ctypef.o)
                0x9d01b7f4                isascii
 .text.iscntrl  0x9d01b7fc       0x18 C:/Program Files/Microchip/MPLAB C32/bin/../lib/gcc/pic32mx/3.4.4/../../../../pic32mx/lib/speed\libc.a(ctypef.o)
                0x9d01b7fc                iscntrl
 .text.isdigit  0x9d01b814       0x18 C:/Program Files/Microchip/MPLAB C32/bin/../lib/gcc/pic32mx/3.4.4/../../../../pic32mx/lib/speed\libc.a(ctypef.o)
                0x9d01b814                isdigit
 .text.isgraph  0x9d01b82c       0x18 C:/Program Files/Microchip/MPLAB C32/bin/../lib/gcc/pic32mx/3.4.4/../../../../pic32mx/lib/speed\libc.a(ctypef.o)
                0x9d01b82c                isgraph
 .text.islower  0x9d01b844       0x18 C:/Program Files/Microchip/MPLAB C32/bin/../lib/gcc/pic32mx/3.4.4/../../../../pic32mx/lib/speed\libc.a(ctypef.o)
                0x9d01b844                islower
 .text.isprint  0x9d01b85c       0x18 C:/Program Files/Microchip/MPLAB C32/bin/../lib/gcc/pic32mx/3.4.4/../../../../pic32mx/lib/speed\libc.a(ctypef.o)
                0x9d01b85c                isprint
 .text.ispunct  0x9d01b874       0x18 C:/Program Files/Microchip/MPLAB C32/bin/../lib/gcc/pic32mx/3.4.4/../../../../pic32mx/lib/speed\libc.a(ctypef.o)
                0x9d01b874                ispunct
 .text.isspace  0x9d01b88c       0x18 C:/Program Files/Microchip/MPLAB C32/bin/../lib/gcc/pic32mx/3.4.4/../../../../pic32mx/lib/speed\libc.a(ctypef.o)
                0x9d01b88c                isspace
 .text.isupper  0x9d01b8a4       0x18 C:/Program Files/Microchip/MPLAB C32/bin/../lib/gcc/pic32mx/3.4.4/../../../../pic32mx/lib/speed\libc.a(ctypef.o)
                0x9d01b8a4                isupper
 .text.isxdigit
                0x9d01b8bc       0x18 C:/Program Files/Microchip/MPLAB C32/bin/../lib/gcc/pic32mx/3.4.4/../../../../pic32mx/lib/speed\libc.a(ctypef.o)
                0x9d01b8bc                isxdigit
 .text.toascii  0x9d01b8d4        0x8 C:/Program Files/Microchip/MPLAB C32/bin/../lib/gcc/pic32mx/3.4.4/../../../../pic32mx/lib/speed\libc.a(ctypef.o)
                0x9d01b8d4                toascii
 .text._tolower
                0x9d01b8dc        0x8 C:/Program Files/Microchip/MPLAB C32/bin/../lib/gcc/pic32mx/3.4.4/../../../../pic32mx/lib/speed\libc.a(ctypef.o)
                0x9d01b8dc                _tolower
 .text._toupper
                0x9d01b8e4        0x8 C:/Program Files/Microchip/MPLAB C32/bin/../lib/gcc/pic32mx/3.4.4/../../../../pic32mx/lib/speed\libc.a(ctypef.o)
                0x9d01b8e4                _toupper
 .text.bucketAlloc
                0x9d01b8ec      0x1e4 C:/Program Files/Microchip/MPLAB C32/bin/../lib/gcc/pic32mx/3.4.4/../../../../pic32mx/lib/speed\libc.a(malloc.o)
 .text.treeFree
                0x9d01bad0      0x2f0 C:/Program Files/Microchip/MPLAB C32/bin/../lib/gcc/pic32mx/3.4.4/../../../../pic32mx/lib/speed\libc.a(malloc.o)
 .text.minit    0x9d01bdc0      0x124 C:/Program Files/Microchip/MPLAB C32/bin/../lib/gcc/pic32mx/3.4.4/../../../../pic32mx/lib/speed\libc.a(malloc.o)
 .text.malloc   0x9d01bee4      0x478 C:/Program Files/Microchip/MPLAB C32/bin/../lib/gcc/pic32mx/3.4.4/../../../../pic32mx/lib/speed\libc.a(malloc.o)
                0x9d01bee4                malloc
 .text.free     0x9d01c35c       0xd0 C:/Program Files/Microchip/MPLAB C32/bin/../lib/gcc/pic32mx/3.4.4/../../../../pic32mx/lib/speed\libc.a(malloc.o)
                0x9d01c35c                free
 .text.realloc  0x9d01c42c      0x1c8 C:/Program Files/Microchip/MPLAB C32/bin/../lib/gcc/pic32mx/3.4.4/../../../../pic32mx/lib/speed\libc.a(malloc.o)
                0x9d01c42c                realloc
 .text.calloc   0x9d01c5f4       0x50 C:/Program Files/Microchip/MPLAB C32/bin/../lib/gcc/pic32mx/3.4.4/../../../../pic32mx/lib/speed\libc.a(calloc.o)
                0x9d01c5f4                calloc
 .text.strtol   0x9d01c644      0x1f8 C:/Program Files/Microchip/MPLAB C32/bin/../lib/gcc/pic32mx/3.4.4/../../../../pic32mx/lib/speed\libc.a(strtol.o)
                0x9d01c644                strtol
 .text._filbuf_simple
                0x9d01c83c       0x54 C:/Program Files/Microchip/MPLAB C32/bin/../lib/gcc/pic32mx/3.4.4/../../../../pic32mx/lib/speed\libc.a(_iobfuncs.o)
                0x9d01c83c                _filbuf_simple
 .text._fflush_simple
                0x9d01c890       0x68 C:/Program Files/Microchip/MPLAB C32/bin/../lib/gcc/pic32mx/3.4.4/../../../../pic32mx/lib/speed\libc.a(_iobfuncs.o)
                0x9d01c890                _fflush_simple
 .text._flsbuf_simple
                0x9d01c8f8      0x198 C:/Program Files/Microchip/MPLAB C32/bin/../lib/gcc/pic32mx/3.4.4/../../../../pic32mx/lib/speed\libc.a(_iobfuncs.o)
                0x9d01c8f8                _flsbuf_simple
 .text._fwrite_simple
                0x9d01ca90       0xf0 C:/Program Files/Microchip/MPLAB C32/bin/../lib/gcc/pic32mx/3.4.4/../../../../pic32mx/lib/speed\libc.a(_iobfuncs.o)
                0x9d01ca90                _fwrite_simple
 .text._fsync_simple
                0x9d01cb80       0x34 C:/Program Files/Microchip/MPLAB C32/bin/../lib/gcc/pic32mx/3.4.4/../../../../pic32mx/lib/speed\libc.a(_iobfuncs.o)
                0x9d01cb80                _fsync_simple
 .text.fputc    0x9d01cbb4       0xac C:/Program Files/Microchip/MPLAB C32/bin/../lib/gcc/pic32mx/3.4.4/../../../../pic32mx/lib/speed\libc.a(fputc.o)
                0x9d01cbb4                fputc
 .text.putc     0x9d01cc60       0xb0 C:/Program Files/Microchip/MPLAB C32/bin/../lib/gcc/pic32mx/3.4.4/../../../../pic32mx/lib/speed\libc.a(fputc.o)
                0x9d01cc60                putc
 .text.putchar  0x9d01cd10       0xb8 C:/Program Files/Microchip/MPLAB C32/bin/../lib/gcc/pic32mx/3.4.4/../../../../pic32mx/lib/speed\libc.a(fputc.o)
                0x9d01cd10                putchar
 .text.fprintf  0x9d01cdc8       0x24 C:/Program Files/Microchip/MPLAB C32/bin/../lib/gcc/pic32mx/3.4.4/../../../../pic32mx/lib/speed\libc.a(printf.o)
                0x9d01cdc8                fprintf
 .text.printf   0x9d01cdec       0x3c C:/Program Files/Microchip/MPLAB C32/bin/../lib/gcc/pic32mx/3.4.4/../../../../pic32mx/lib/speed\libc.a(printf.o)
                0x9d01cdec                printf
 .text._weak_pthread_mutex_init
                0x9d01ce28        0x8 C:/Program Files/Microchip/MPLAB C32/bin/../lib/gcc/pic32mx/3.4.4/../../../../pic32mx/lib/speed\libc.a(stubs.o)
                0x9d01ce28                _weak_pthread_mutex_init
                0x9d01ce28                pthread_mutex_init
 .text._weak_pthread_mutex_destroy
                0x9d01ce30        0x8 C:/Program Files/Microchip/MPLAB C32/bin/../lib/gcc/pic32mx/3.4.4/../../../../pic32mx/lib/speed\libc.a(stubs.o)
                0x9d01ce30                _weak_pthread_mutex_destroy
                0x9d01ce30                pthread_mutex_destroy
 .text._weak_pthread_mutex_lock
                0x9d01ce38        0x8 C:/Program Files/Microchip/MPLAB C32/bin/../lib/gcc/pic32mx/3.4.4/../../../../pic32mx/lib/speed\libc.a(stubs.o)
                0x9d01ce38                _weak_pthread_mutex_lock
                0x9d01ce38                pthread_mutex_lock
 .text._weak_pthread_mutex_trylock
                0x9d01ce40        0x8 C:/Program Files/Microchip/MPLAB C32/bin/../lib/gcc/pic32mx/3.4.4/../../../../pic32mx/lib/speed\libc.a(stubs.o)
                0x9d01ce40                _weak_pthread_mutex_trylock
                0x9d01ce40                pthread_mutex_trylock
 .text._weak_pthread_mutex_unlock
                0x9d01ce48        0x8 C:/Program Files/Microchip/MPLAB C32/bin/../lib/gcc/pic32mx/3.4.4/../../../../pic32mx/lib/speed\libc.a(stubs.o)
                0x9d01ce48                _weak_pthread_mutex_unlock
                0x9d01ce48                pthread_mutex_unlock
 .text._weak_pthread_mutex_setname_np
                0x9d01ce50        0x8 C:/Program Files/Microchip/MPLAB C32/bin/../lib/gcc/pic32mx/3.4.4/../../../../pic32mx/lib/speed\libc.a(stubs.o)
                0x9d01ce50                pthread_mutex_setname_np
                0x9d01ce50                _weak_pthread_mutex_setname_np
 .text._weak_pthread_mutexattr_init
                0x9d01ce58        0x8 C:/Program Files/Microchip/MPLAB C32/bin/../lib/gcc/pic32mx/3.4.4/../../../../pic32mx/lib/speed\libc.a(stubs.o)
                0x9d01ce58                _weak_pthread_mutexattr_init
                0x9d01ce58                pthread_mutexattr_init
 .text._weak_pthread_mutexattr_destroy
                0x9d01ce60        0x8 C:/Program Files/Microchip/MPLAB C32/bin/../lib/gcc/pic32mx/3.4.4/../../../../pic32mx/lib/speed\libc.a(stubs.o)
                0x9d01ce60                pthread_mutexattr_destroy
                0x9d01ce60                _weak_pthread_mutexattr_destroy
 .text._weak_pthread_mutexattr_setname_np
                0x9d01ce68        0x8 C:/Program Files/Microchip/MPLAB C32/bin/../lib/gcc/pic32mx/3.4.4/../../../../pic32mx/lib/speed\libc.a(stubs.o)
                0x9d01ce68                _weak_pthread_mutexattr_setname_np
                0x9d01ce68                pthread_mutexattr_setname_np
 .text._weak_pthread_mutexattr_settype_np
                0x9d01ce70        0x8 C:/Program Files/Microchip/MPLAB C32/bin/../lib/gcc/pic32mx/3.4.4/../../../../pic32mx/lib/speed\libc.a(stubs.o)
                0x9d01ce70                _weak_pthread_mutexattr_settype_np
                0x9d01ce70                pthread_mutexattr_settype_np
 .text._weak_pthread_sysconf_np
                0x9d01ce78        0x8 C:/Program Files/Microchip/MPLAB C32/bin/../lib/gcc/pic32mx/3.4.4/../../../../pic32mx/lib/speed\libc.a(stubs.o)
                0x9d01ce78                _weak_pthread_sysconf_np
                0x9d01ce78                pthread_sysconf_np
 .text._weak_pthread_sigdisable_np
                0x9d01ce80        0x8 C:/Program Files/Microchip/MPLAB C32/bin/../lib/gcc/pic32mx/3.4.4/../../../../pic32mx/lib/speed\libc.a(stubs.o)
                0x9d01ce80                _weak_pthread_sigdisable_np
                0x9d01ce80                pthread_sigdisable_np
 .text._weak_pthread_sigrestore_np
                0x9d01ce88        0x8 C:/Program Files/Microchip/MPLAB C32/bin/../lib/gcc/pic32mx/3.4.4/../../../../pic32mx/lib/speed\libc.a(stubs.o)
                0x9d01ce88                pthread_sigrestore_np
                0x9d01ce88                _weak_pthread_sigrestore_np
 .text._weak__pthread_cleanup_push
                0x9d01ce90        0x8 C:/Program Files/Microchip/MPLAB C32/bin/../lib/gcc/pic32mx/3.4.4/../../../../pic32mx/lib/speed\libc.a(stubs.o)
                0x9d01ce90                _weak__pthread_cleanup_push
                0x9d01ce90                _pthread_cleanup_push
 .text._weak__pthread_cleanup_pop
                0x9d01ce98        0x8 C:/Program Files/Microchip/MPLAB C32/bin/../lib/gcc/pic32mx/3.4.4/../../../../pic32mx/lib/speed\libc.a(stubs.o)
                0x9d01ce98                _pthread_cleanup_pop
                0x9d01ce98                _weak__pthread_cleanup_pop
 .text._weak__pthread_cleanup_push_defer
                0x9d01cea0        0x8 C:/Program Files/Microchip/MPLAB C32/bin/../lib/gcc/pic32mx/3.4.4/../../../../pic32mx/lib/speed\libc.a(stubs.o)
                0x9d01cea0                _weak__pthread_cleanup_push_defer
                0x9d01cea0                _pthread_cleanup_push_defer
 .text._weak__pthread_cleanup_pop_restore
                0x9d01cea8        0x8 C:/Program Files/Microchip/MPLAB C32/bin/../lib/gcc/pic32mx/3.4.4/../../../../pic32mx/lib/speed\libc.a(stubs.o)
                0x9d01cea8                _pthread_cleanup_pop_restore
                0x9d01cea8                _weak__pthread_cleanup_pop_restore
 .text._weak_pthread_once
                0x9d01ceb0       0x3c C:/Program Files/Microchip/MPLAB C32/bin/../lib/gcc/pic32mx/3.4.4/../../../../pic32mx/lib/speed\libc.a(stubs.o)
                0x9d01ceb0                _weak_pthread_once
                0x9d01ceb0                pthread_once
                0x9d01ceb0                _pthread_once
 .text._weak_pthread_key_create
                0x9d01ceec        0x8 C:/Program Files/Microchip/MPLAB C32/bin/../lib/gcc/pic32mx/3.4.4/../../../../pic32mx/lib/speed\libc.a(stubs.o)
                0x9d01ceec                pthread_key_create
                0x9d01ceec                _weak_pthread_key_create
 .text._weak_pthread_setspecific
                0x9d01cef4        0x8 C:/Program Files/Microchip/MPLAB C32/bin/../lib/gcc/pic32mx/3.4.4/../../../../pic32mx/lib/speed\libc.a(stubs.o)
                0x9d01cef4                _weak_pthread_setspecific
                0x9d01cef4                pthread_setspecific
 .text._weak_pthread_getspecific
                0x9d01cefc        0x8 C:/Program Files/Microchip/MPLAB C32/bin/../lib/gcc/pic32mx/3.4.4/../../../../pic32mx/lib/speed\libc.a(stubs.o)
                0x9d01cefc                pthread_getspecific
                0x9d01cefc                _weak_pthread_getspecific
 .text._weak__libc_private_storage
                0x9d01cf04        0x8 C:/Program Files/Microchip/MPLAB C32/bin/../lib/gcc/pic32mx/3.4.4/../../../../pic32mx/lib/speed\libc.a(stubs.o)
                0x9d01cf04                _libc_private_storage
                0x9d01cf04                _weak__libc_private_storage
 .text.getpagesize
                0x9d01cf0c        0x8 C:/Program Files/Microchip/MPLAB C32/bin/../lib/gcc/pic32mx/3.4.4/../../../../pic32mx/lib/speed\libc.a(sbrk.o)
                0x9d01cf0c                getpagesize
 .text._stub_sbd_memlayout
                0x9d01cf14       0x2c C:/Program Files/Microchip/MPLAB C32/bin/../lib/gcc/pic32mx/3.4.4/../../../../pic32mx/lib/speed\libc.a(sbrk.o)
                0x9d01cf14                _stub_sbd_memlayout
                0x9d01cf14                _sbd_memlayout
 .text._sbrk_init
                0x9d01cf40      0x17c C:/Program Files/Microchip/MPLAB C32/bin/../lib/gcc/pic32mx/3.4.4/../../../../pic32mx/lib/speed\libc.a(sbrk.o)
                0x9d01cf40                _sbrk_init
 .text._sbrk    0x9d01d0bc      0x23c C:/Program Files/Microchip/MPLAB C32/bin/../lib/gcc/pic32mx/3.4.4/../../../../pic32mx/lib/speed\libc.a(sbrk.o)
                0x9d01d0bc                _sbrk
 .text.sbrk     0x9d01d2f8       0x4c C:/Program Files/Microchip/MPLAB C32/bin/../lib/gcc/pic32mx/3.4.4/../../../../pic32mx/lib/speed\libc.a(sbrk.o)
                0x9d01d2f8                sbrk
 .text._general_exception_handler
                0x9d01d344        0x8 C:/Program Files/Microchip/MPLAB C32/bin/../lib/gcc/pic32mx/3.4.4/../../../../pic32mx/lib/speed\libc.a(default-general-exception-handler.o)
                0x9d01d344                _general_exception_handler
 .text._bootstrap_exception_handler
                0x9d01d34c        0x8 C:/Program Files/Microchip/MPLAB C32/bin/../lib/gcc/pic32mx/3.4.4/../../../../pic32mx/lib/speed\libc.a(default-bootstrap-exception-handler.o)
                0x9d01d34c                _bootstrap_exception_handler
 .text._on_reset
                0x9d01d354        0x8 C:/Program Files/Microchip/MPLAB C32/bin/../lib/gcc/pic32mx/3.4.4/../../../../pic32mx/lib/speed\libc.a(default-on-reset.o)
                0x9d01d354                _on_reset
 .text._on_bootstrap
                0x9d01d35c        0x8 C:/Program Files/Microchip/MPLAB C32/bin/../lib/gcc/pic32mx/3.4.4/../../../../pic32mx/lib/speed\libc.a(default-on-bootstrap.o)
                0x9d01d35c                _on_bootstrap
 .text          0x9d01d364       0x18 C:/Program Files/Microchip/MPLAB C32/bin/../lib/gcc/pic32mx/3.4.4/../../../../pic32mx/lib/speed\libc.a(default-nmi-handler.o)
                0x9d01d364                _nmi_handler
 .text._mon_getc
                0x9d01d37c        0x8 C:/Program Files/Microchip/MPLAB C32/bin/../lib/gcc/pic32mx/3.4.4/../../../../pic32mx/lib/speed\libc.a(_mon_getc.o)
                0x9d01d37c                _mon_getc
 .text._mon_write
                0x9d01d384       0x4c C:/Program Files/Microchip/MPLAB C32/bin/../lib/gcc/pic32mx/3.4.4/../../../../pic32mx/lib/speed\libc.a(_mon_write.o)
                0x9d01d384                _mon_write
 .text._exit    0x9d01d3d0        0x8 C:/Program Files/Microchip/MPLAB C32/bin/../lib/gcc/pic32mx/3.4.4/../../../../pic32mx/lib/speed\libc.a(_exit.o)
                0x9d01d3d0                _exit
 .text.strspn   0x9d01d3d8       0x68 C:/Program Files/Microchip/MPLAB C32/bin/../lib/gcc/pic32mx/3.4.4/../../../../pic32mx/lib/speed\libc.a(strspn.o)
                0x9d01d3d8                strspn
 .text.strcspn  0x9d01d440       0x68 C:/Program Files/Microchip/MPLAB C32/bin/../lib/gcc/pic32mx/3.4.4/../../../../pic32mx/lib/speed\libc.a(strcspn.o)
                0x9d01d440                strcspn
 .text._outcnvrt
                0x9d01d4a8      0x1f4 C:/Program Files/Microchip/MPLAB C32/bin/../lib/gcc/pic32mx/3.4.4/../../../../pic32mx/lib/speed\libc.a(_doprnt.o)
 .text.vfprintf
                0x9d01d69c     0x1858 C:/Program Files/Microchip/MPLAB C32/bin/../lib/gcc/pic32mx/3.4.4/../../../../pic32mx/lib/speed\libc.a(_doprnt.o)
                0x9d01d69c                vfprintf
 .text.vprintf  0x9d01eef4       0x30 C:/Program Files/Microchip/MPLAB C32/bin/../lib/gcc/pic32mx/3.4.4/../../../../pic32mx/lib/speed\libc.a(_doprnt.o)
                0x9d01eef4                vprintf
 .text._mon_putc
                0x9d01ef24       0x28 C:/Program Files/Microchip/MPLAB C32/bin/../lib/gcc/pic32mx/3.4.4/../../../../pic32mx/lib/speed\libc.a(_mon_putc.o)
                0x9d01ef24                _mon_putc
 .text.strchr   0x9d01ef4c       0xa8 C:/Program Files/Microchip/MPLAB C32/bin/../lib/gcc/pic32mx/3.4.4/../../../../pic32mx/lib/speed\libc.a(strchr.o)
                0x9d01ef4c                strchr
 .text.modf     0x9d01eff4       0x1c C:/Program Files/Microchip/MPLAB C32/bin/../lib/gcc/pic32mx/3.4.4/../../../../pic32mx/lib/speed\libc.a(modf.o)
                0x9d01eff4                modf
 .text.log10    0x9d01f010       0x34 C:/Program Files/Microchip/MPLAB C32/bin/../lib/gcc/pic32mx/3.4.4/../../../../pic32mx/lib/speed\libm.a(log10.o)
                0x9d01f010                log10
 .text.floor    0x9d01f044      0x13c C:/Program Files/Microchip/MPLAB C32/bin/../lib/gcc/pic32mx/3.4.4/../../../../pic32mx/lib/speed\libm.a(floor.o)
                0x9d01f044                floor
 .text.ceil     0x9d01f180      0x234 C:/Program Files/Microchip/MPLAB C32/bin/../lib/gcc/pic32mx/3.4.4/../../../../pic32mx/lib/speed\libm.a(floor.o)
                0x9d01f180                ceil
 .text.rint     0x9d01f3b4      0x114 C:/Program Files/Microchip/MPLAB C32/bin/../lib/gcc/pic32mx/3.4.4/../../../../pic32mx/lib/speed\libm.a(floor.o)
                0x9d01f3b4                rint
 .text.copysign
                0x9d01f4c8       0x34 C:/Program Files/Microchip/MPLAB C32/bin/../lib/gcc/pic32mx/3.4.4/../../../../pic32mx/lib/speed\libm.a(support.o)
                0x9d01f4c8                copysign
 .text.logb     0x9d01f4fc      0x104 C:/Program Files/Microchip/MPLAB C32/bin/../lib/gcc/pic32mx/3.4.4/../../../../pic32mx/lib/speed\libm.a(support.o)
                0x9d01f4fc                logb
 .text.finite   0x9d01f600       0x1c C:/Program Files/Microchip/MPLAB C32/bin/../lib/gcc/pic32mx/3.4.4/../../../../pic32mx/lib/speed\libm.a(support.o)
                0x9d01f600                finite
 .text.drem     0x9d01f61c      0x404 C:/Program Files/Microchip/MPLAB C32/bin/../lib/gcc/pic32mx/3.4.4/../../../../pic32mx/lib/speed\libm.a(support.o)
                0x9d01f61c                drem
 .text.sqrt     0x9d01fa20        0x8 C:/Program Files/Microchip/MPLAB C32/bin/../lib/gcc/pic32mx/3.4.4/../../../../pic32mx/lib/speed\libm.a(support.o)
                0x9d01fa20                sqrt
 .text.log      0x9d01fa28      0x378 C:/Program Files/Microchip/MPLAB C32/bin/../lib/gcc/pic32mx/3.4.4/../../../../pic32mx/lib/speed\libm.a(log.o)
                0x9d01fa28                log
 .text.log__L   0x9d01fda0      0x144 C:/Program Files/Microchip/MPLAB C32/bin/../lib/gcc/pic32mx/3.4.4/../../../../pic32mx/lib/speed\libm.a(log__L.o)
                0x9d01fda0                log__L
 .text.__divdf3
                0x9d01fee4      0x4c4 C:/Program Files/Microchip/MPLAB C32/bin/../lib/gcc/pic32mx/3.4.4/../../../../pic32mx/lib/speed\libe.a(_divdf3.o)
                0x9d01fee4                __divdf3
 .text.__muldf3
                0x9d0203a8      0x4c8 C:/Program Files/Microchip/MPLAB C32/bin/../lib/gcc/pic32mx/3.4.4/../../../../pic32mx/lib/speed\libe.a(_muldf3.o)
                0x9d0203a8                __muldf3
 .text.__adddf3
                0x9d020870      0x4f8 C:/Program Files/Microchip/MPLAB C32/bin/../lib/gcc/pic32mx/3.4.4/../../../../pic32mx/lib/speed\libe.a(_adddf3.o)
                0x9d020870                __adddf3
 .text.__subdf3
                0x9d020d68       0x10 C:/Program Files/Microchip/MPLAB C32/bin/../lib/gcc/pic32mx/3.4.4/../../../../pic32mx/lib/speed\libe.a(_adddf3.o)
                0x9d020d68                __subdf3
 .text.__fixdfsi
                0x9d020d78       0xd0 C:/Program Files/Microchip/MPLAB C32/bin/../lib/gcc/pic32mx/3.4.4/../../../../pic32mx/lib/speed\libe.a(_fixdfsi.o)
                0x9d020d78                __fixdfsi
 .text.__floatsidf
                0x9d020e48       0xac C:/Program Files/Microchip/MPLAB C32/bin/../lib/gcc/pic32mx/3.4.4/../../../../pic32mx/lib/speed\libe.a(_floatsidf.o)
                0x9d020e48                __floatsidf
 .text.__eqdf2  0x9d020ef4       0x64 C:/Program Files/Microchip/MPLAB C32/bin/../lib/gcc/pic32mx/3.4.4/../../../../pic32mx/lib/speed\libe.a(_eqdf2.o)
                0x9d020ef4                __eqdf2
 .text.__nedf2  0x9d020f58       0x64 C:/Program Files/Microchip/MPLAB C32/bin/../lib/gcc/pic32mx/3.4.4/../../../../pic32mx/lib/speed\libe.a(_nedf2.o)
                0x9d020f58                __nedf2
 .text.__gtdf2  0x9d020fbc       0x64 C:/Program Files/Microchip/MPLAB C32/bin/../lib/gcc/pic32mx/3.4.4/../../../../pic32mx/lib/speed\libe.a(_gtdf2.o)
                0x9d020fbc                __gtdf2
 .text.__gedf2  0x9d021020       0x64 C:/Program Files/Microchip/MPLAB C32/bin/../lib/gcc/pic32mx/3.4.4/../../../../pic32mx/lib/speed\libe.a(_gedf2.o)
                0x9d021020                __gedf2
 .text.__ltdf2  0x9d021084       0x64 C:/Program Files/Microchip/MPLAB C32/bin/../lib/gcc/pic32mx/3.4.4/../../../../pic32mx/lib/speed\libe.a(_ltdf2.o)
                0x9d021084                __ltdf2
 .text.__sqrtdf2
                0x9d0210e8      0x24c C:/Program Files/Microchip/MPLAB C32/bin/../lib/gcc/pic32mx/3.4.4/../../../../pic32mx/lib/speed\libe.a(_sqrtdf2.o)
                0x9d0210e8                __sqrtdf2
 .text.__modf   0x9d021334      0x238 C:/Program Files/Microchip/MPLAB C32/bin/../lib/gcc/pic32mx/3.4.4/../../../../pic32mx/lib/speed\libe.a(_modf.o)
                0x9d021334                __modf
 .text.__orderdf2
                0x9d02156c       0xa4 C:/Program Files/Microchip/MPLAB C32/bin/../lib/gcc/pic32mx/3.4.4/../../../../pic32mx/lib/speed\libe.a(_orderdf2.o)
                0x9d02156c                __orderdf2
 .text.getcSPI2
                0x9d021610       0x24 C:/Program Files/Microchip/MPLAB C32/bin/../lib/gcc/pic32mx/3.4.4/../../../../pic32mx/lib/speed\libmchp_peripheral.a(spi_getc_spi2_lib.o)
                0x9d021610                getcSPI2
 .text.OpenSPI2
                0x9d021634       0x64 C:/Program Files/Microchip/MPLAB C32/bin/../lib/gcc/pic32mx/3.4.4/../../../../pic32mx/lib/speed\libmchp_peripheral.a(spi_open_spi2_lib.o)
                0x9d021634                OpenSPI2
 .text.SpiChnSetBrg
                0x9d021698       0x20 C:/Program Files/Microchip/MPLAB C32/bin/../lib/gcc/pic32mx/3.4.4/../../../../pic32mx/lib/speed\libmchp_peripheral.a(spi_chn_set_brg_lib.o)
                0x9d021698                SpiChnSetBrg
 .text.DmaChnSetEvEnableFlags
                0x9d0216b8       0x28 C:/Program Files/Microchip/MPLAB C32/bin/../lib/gcc/pic32mx/3.4.4/../../../../pic32mx/lib/speed\libmchp_peripheral.a(dma_chn_set_ev_enable_flags_lib.o)
                0x9d0216b8                DmaChnSetEvEnableFlags
 .text.DmaChnClrEvFlags
                0x9d0216e0       0x24 C:/Program Files/Microchip/MPLAB C32/bin/../lib/gcc/pic32mx/3.4.4/../../../../pic32mx/lib/speed\libmchp_peripheral.a(dma_chn_clr_ev_flags_lib.o)
                0x9d0216e0                DmaChnClrEvFlags
 .text.DmaChnOpen
                0x9d021704      0x124 C:/Program Files/Microchip/MPLAB C32/bin/../lib/gcc/pic32mx/3.4.4/../../../../pic32mx/lib/speed\libmchp_peripheral.a(dma_chn_open_lib.o)
                0x9d021704                DmaChnOpen
 .text.DmaChnDisable
                0x9d021828       0x38 C:/Program Files/Microchip/MPLAB C32/bin/../lib/gcc/pic32mx/3.4.4/../../../../pic32mx/lib/speed\libmchp_peripheral.a(dma_chn_disable_lib.o)
                0x9d021828                DmaChnDisable
 .text.DmaChnEnable
                0x9d021860       0x28 C:/Program Files/Microchip/MPLAB C32/bin/../lib/gcc/pic32mx/3.4.4/../../../../pic32mx/lib/speed\libmchp_peripheral.a(dma_chn_enable_lib.o)
                0x9d021860                DmaChnEnable
 .text.DmaChnSetEventControl
                0x9d021888       0x30 C:/Program Files/Microchip/MPLAB C32/bin/../lib/gcc/pic32mx/3.4.4/../../../../pic32mx/lib/speed\libmchp_peripheral.a(dma_chn_set_event_control_lib.o)
                0x9d021888                DmaChnSetEventControl
 .text.DmaChnSetTxfer
                0x9d0218b8       0x78 C:/Program Files/Microchip/MPLAB C32/bin/../lib/gcc/pic32mx/3.4.4/../../../../pic32mx/lib/speed\libmchp_peripheral.a(dma_chn_set_txfer_lib.o)
                0x9d0218b8                DmaChnSetTxfer
 .text.INTDisableInterrupts
                0x9d021930        0x8 C:/Program Files/Microchip/MPLAB C32/bin/../lib/gcc/pic32mx/3.4.4/../../../../pic32mx/lib/speed\libmchp_peripheral.a(int_disable_interrupts_lib.o)
                0x9d021930                INTDisableInterrupts
 .text.INTEnableSystemMultiVectoredInt
                0x9d021938       0x34 C:/Program Files/Microchip/MPLAB C32/bin/../lib/gcc/pic32mx/3.4.4/../../../../pic32mx/lib/speed\libmchp_peripheral.a(int_enable_mv_int_lib.o)
                0x9d021938                INTEnableSystemMultiVectoredInt
 .text.INTRestoreInterrupts
                0x9d02196c       0x1c C:/Program Files/Microchip/MPLAB C32/bin/../lib/gcc/pic32mx/3.4.4/../../../../pic32mx/lib/speed\libmchp_peripheral.a(int_restore_interrupts_lib.o)
                0x9d02196c                INTRestoreInterrupts
 .text.putsUART1
                0x9d021988       0x4c C:/Program Files/Microchip/MPLAB C32/bin/../lib/gcc/pic32mx/3.4.4/../../../../pic32mx/lib/speed\libmchp_peripheral.a(puts_uartx_lib.o)
                0x9d021988                putsUART1
 .text.putsUART2
                0x9d0219d4       0x4c C:/Program Files/Microchip/MPLAB C32/bin/../lib/gcc/pic32mx/3.4.4/../../../../pic32mx/lib/speed\libmchp_peripheral.a(puts_uartx_lib.o)
                0x9d0219d4                putsUART2
 .text.ReadCoreTimer
                0x9d021a20        0x8 C:/Program Files/Microchip/MPLAB C32/bin/../lib/gcc/pic32mx/3.4.4/../../../../pic32mx/lib/speed\libmchp_peripheral.a(read_core_timer_lib.o)
                0x9d021a20                ReadCoreTimer
 .text.CheKseg0CacheOff
                0x9d021a28       0x18 C:/Program Files/Microchip/MPLAB C32/bin/../lib/gcc/pic32mx/3.4.4/../../../../pic32mx/lib/speed\libmchp_peripheral.a(pcache.o)
                0x9d021a28                CheKseg0CacheOff
 .text.CheKseg0CacheOn
                0x9d021a40       0x18 C:/Program Files/Microchip/MPLAB C32/bin/../lib/gcc/pic32mx/3.4.4/../../../../pic32mx/lib/speed\libmchp_peripheral.a(pcache.o)
                0x9d021a40                CheKseg0CacheOn
 .text.INTEnableInterrupts
                0x9d021a58        0x8 C:/Program Files/Microchip/MPLAB C32/bin/../lib/gcc/pic32mx/3.4.4/../../../../pic32mx/lib/speed\libmchp_peripheral.a(int_enable_interrupts_lib.o)
                0x9d021a58                INTEnableInterrupts
 .text.INTClearFlag
                0x9d021a60       0x2c C:/Program Files/Microchip/MPLAB C32/bin/../lib/gcc/pic32mx/3.4.4/../../../../pic32mx/lib/speed\libmchp_peripheral_32MX360F512L.a(int_tbl_libp.o)
                0x9d021a60                INTClearFlag
 .text.INTSetFlag
                0x9d021a8c       0x2c C:/Program Files/Microchip/MPLAB C32/bin/../lib/gcc/pic32mx/3.4.4/../../../../pic32mx/lib/speed\libmchp_peripheral_32MX360F512L.a(int_tbl_libp.o)
                0x9d021a8c                INTSetFlag
 .text.INTGetFlag
                0x9d021ab8       0x2c C:/Program Files/Microchip/MPLAB C32/bin/../lib/gcc/pic32mx/3.4.4/../../../../pic32mx/lib/speed\libmchp_peripheral_32MX360F512L.a(int_tbl_libp.o)
                0x9d021ab8                INTGetFlag
 .text.INTEnable
                0x9d021ae4       0x44 C:/Program Files/Microchip/MPLAB C32/bin/../lib/gcc/pic32mx/3.4.4/../../../../pic32mx/lib/speed\libmchp_peripheral_32MX360F512L.a(int_tbl_libp.o)
                0x9d021ae4                INTEnable
 .text.INTGetEnable
                0x9d021b28       0x2c C:/Program Files/Microchip/MPLAB C32/bin/../lib/gcc/pic32mx/3.4.4/../../../../pic32mx/lib/speed\libmchp_peripheral_32MX360F512L.a(int_tbl_libp.o)
                0x9d021b28                INTGetEnable
 .text.INTSetPriority
                0x9d021b54       0x40 C:/Program Files/Microchip/MPLAB C32/bin/../lib/gcc/pic32mx/3.4.4/../../../../pic32mx/lib/speed\libmchp_peripheral_32MX360F512L.a(int_tbl_libp.o)
                0x9d021b54                INTSetPriority
 .text.INTGetPriority
                0x9d021b94       0x2c C:/Program Files/Microchip/MPLAB C32/bin/../lib/gcc/pic32mx/3.4.4/../../../../pic32mx/lib/speed\libmchp_peripheral_32MX360F512L.a(int_tbl_libp.o)
                0x9d021b94                INTGetPriority
 .text.INTSetSubPriority
                0x9d021bc0       0x40 C:/Program Files/Microchip/MPLAB C32/bin/../lib/gcc/pic32mx/3.4.4/../../../../pic32mx/lib/speed\libmchp_peripheral_32MX360F512L.a(int_tbl_libp.o)
                0x9d021bc0                INTSetSubPriority
 .text.INTGetSubPriority
                0x9d021c00       0x2c C:/Program Files/Microchip/MPLAB C32/bin/../lib/gcc/pic32mx/3.4.4/../../../../pic32mx/lib/speed\libmchp_peripheral_32MX360F512L.a(int_tbl_libp.o)
                0x9d021c00                INTGetSubPriority
 .text.ldexp    0x9d021c2c       0x1c C:/Program Files/Microchip/MPLAB C32/bin/../lib/gcc/pic32mx/3.4.4/../../../../pic32mx/lib/speed\libc.a(ldexp.o)
                0x9d021c2c                ldexp
 .text.__ldexp  0x9d021c48      0x220 C:/Program Files/Microchip/MPLAB C32/bin/../lib/gcc/pic32mx/3.4.4/../../../../pic32mx/lib/speed\libe.a(_ldexp.o)
                0x9d021c48                __ldexp
 .text          0x9d021e68      0x47c C:/Program Files/Microchip/MPLAB C32/bin/../lib/gcc/pic32mx/3.4.4/speed\libgcc.a(_udivdi3.o)
                0x9d021e68                __udivdi3
 .text          0x9d0222e4      0x48c C:/Program Files/Microchip/MPLAB C32/bin/../lib/gcc/pic32mx/3.4.4/speed\libgcc.a(_umoddi3.o)
                0x9d0222e4                __umoddi3
 *(.text.*personality*)
 *(.gnu.warning)
 *(.mips16.fn.*)
 *(.mips16.call.*)
                0x9d022770                _text_end = .
                *undef*                   ASSERT ((SIZEOF (.C32_EDITION_LIMITED_TO_64KB_EVALUATION) < (0x80000 - (((((((((SIZEOF (.text) + SIZEOF (.rodata)) + SIZEOF (.sdata2)) + SIZEOF (.sbss2)) + SIZEOF (.data)) + SIZEOF (.got)) + SIZEOF (.sdata)) + SIZEOF (.lit8)) + SIZEOF (.lit4)) + SIZEOF (.ramfunc)))), HINT: This application may be too large for this 64KB-limited edition of the MPLAB C32 Compiler. Visit http://www.microchip.com/c32 to upgrade to full version.)
                *undef*                   ASSERT ((SIZEOF (.C32_EDITION_LIMITED_TO_16KB_EVALUATION) < (0x80000 - (((((((((SIZEOF (.text) + SIZEOF (.rodata)) + SIZEOF (.sdata2)) + SIZEOF (.sbss2)) + SIZEOF (.data)) + SIZEOF (.got)) + SIZEOF (.sdata)) + SIZEOF (.lit8)) + SIZEOF (.lit4)) + SIZEOF (.ramfunc)))), HINT: This application may be too large for this 16KB-limited edition of the MPLAB C32 Compiler. Visit http://www.microchip.com/c32 to upgrade to full version.)
                *undef*                   ASSERT ((SIZEOF (.C32_EDITION_SIZELIMITED_EVALUATION) < (0x80000 - (((((((((SIZEOF (.text) + SIZEOF (.rodata)) + SIZEOF (.sdata2)) + SIZEOF (.sbss2)) + SIZEOF (.data)) + SIZEOF (.got)) + SIZEOF (.sdata)) + SIZEOF (.lit8)) + SIZEOF (.lit4)) + SIZEOF (.ramfunc)))), HINT: This application may be too large for this size-limited edition of the MPLAB C32 Compiler. Visit http://www.microchip.com/c32 to upgrade to full version.)

.rodata         0x9d022770     0x4b54
 *(.rodata .rodata.* .gnu.linkonce.r.*)
 .rodata.str1.4
                0x9d022770     0x118f Release\audio_demo_speex-rs232.o
                               0x11a8 (size before relaxing)
 *fill*         0x9d0238ff        0x1 00
 .rodata        0x9d023900      0x210 Release\audio_demo_speex-rs232.o
 .rodata.cst4   0x9d023b10        0xc Release\audio_demo_speex-rs232.o
 .rodata.str1.4
                0x9d023b1c        0x0 Release\media.o
                                  0x4 (size before relaxing)
 .rodata        0x9d023b1c       0x24 Release\media.o
                0x9d023b1c                _media
 .rodata        0x9d023b40      0x124 C:\aa\dev\Projects-Clean\Microchip\audio\audio_lib_pic32.a(audio.o)
 .rodata        0x9d023c64      0x1a4 C:\aa\dev\Projects-Clean\Microchip\audio\audio_lib_pic32.a(audio_adpcm.o)
 .rodata.cst8   0x9d023e08       0x10 C:\aa\dev\Projects-Clean\Microchip\audio\audio_lib_pic32.a(audio_io.o)
 .rodata        0x9d023e18       0x3c C:\aa\dev\Projects-Clean\Microchip\audio\audio_lib_pic32.a(audio_streams.o)
 .rodata.str1.4
                0x9d023e54       0x1b C:\aa\dev\Projects-Clean\Microchip\audio\audio_lib_pic32.a(audio_streams.o)
                                 0x1c (size before relaxing)
 *fill*         0x9d023e6f        0x1 00
 .rodata.str1.4
                0x9d023e70      0x15f C:\aa\dev\Projects-Clean\Microchip\audio\speex\speexno-lib.a(bits.o)
                                0x160 (size before relaxing)
 *fill*         0x9d023fcf        0x1 00
 .rodata.str1.4
                0x9d023fd0        0xb C:\aa\dev\Projects-Clean\Microchip\audio\speex\speexno-lib.a(modes.o)
                                  0xc (size before relaxing)
 *fill*         0x9d023fdb        0x1 00
 .rodata        0x9d023fdc      0x328 C:\aa\dev\Projects-Clean\Microchip\audio\speex\speexno-lib.a(modes.o)
                0x9d023fdc                speex_nb_mode
 .rodata        0x9d024304      0x428 C:\aa\dev\Projects-Clean\Microchip\audio\speex\speexno-lib.a(nb_celp.o)
                0x9d024320                exc_gain_quant_scal3
                0x9d024318                exc_gain_quant_scal1
                0x9d024304                attenuation
                0x9d024340                ol_gain_table
                0x9d02431c                exc_gain_quant_scal1_bound
                0x9d024330                exc_gain_quant_scal3_bound
 .rodata.str1.4
                0x9d02472c      0x1d4 C:\aa\dev\Projects-Clean\Microchip\audio\speex\speexno-lib.a(nb_celp.o)
                                0x1e8 (size before relaxing)
 .rodata.str1.4
                0x9d024900       0x40 C:\aa\dev\Projects-Clean\Microchip\audio\speex\speexno-lib.a(speex.o)
                                 0x60 (size before relaxing)
 .rodata        0x9d024940       0x2c C:\aa\dev\Projects-Clean\Microchip\audio\speex\speexno-lib.a(speex.o)
 .rodata        0x9d02496c      0x1a8 C:\aa\dev\Projects-Clean\Microchip\audio\speex\speexno-lib.a(window.o)
                0x9d02496c                lpc_window
                0x9d024afc                lag_window
 .rodata.cst4   0x9d024b14        0x4 C:\aa\dev\Projects-Clean\Microchip\audio\speex\speexno-lib.a(cb_search.o)
 .rodata        0x9d024b18      0x140 C:\aa\dev\Projects-Clean\Microchip\audio\speex\speexno-lib.a(exc_5_64_table.o)
                0x9d024b18                exc_5_64_table
 .rodata        0x9d024c58      0x500 C:\aa\dev\Projects-Clean\Microchip\audio\speex\speexno-lib.a(exc_5_256_table.o)
                0x9d024c58                exc_5_256_table
 .rodata        0x9d025158      0x400 C:\aa\dev\Projects-Clean\Microchip\audio\speex\speexno-lib.a(exc_8_128_table.o)
                0x9d025158                exc_8_128_table
 .rodata        0x9d025558       0xa0 C:\aa\dev\Projects-Clean\Microchip\audio\speex\speexno-lib.a(exc_10_16_table.o)
                0x9d025558                exc_10_16_table
 .rodata        0x9d0255f8      0x140 C:\aa\dev\Projects-Clean\Microchip\audio\speex\speexno-lib.a(exc_10_32_table.o)
                0x9d0255f8                exc_10_32_table
 .rodata        0x9d025738      0x280 C:\aa\dev\Projects-Clean\Microchip\audio\speex\speexno-lib.a(exc_20_32_table.o)
                0x9d025738                exc_20_32_table
 .rodata        0x9d0259b8       0x6c C:\aa\dev\Projects-Clean\Microchip\audio\speex\speexno-lib.a(filters.o)
                0x9d0259b8                shift_filt
 .rodata        0x9d025a24      0x200 C:\aa\dev\Projects-Clean\Microchip\audio\speex\speexno-lib.a(gain_table.o)
                0x9d025a24                gain_cdbk_nb
 .rodata        0x9d025c24       0x80 C:\aa\dev\Projects-Clean\Microchip\audio\speex\speexno-lib.a(gain_table_lbr.o)
                0x9d025c24                gain_cdbk_lbr
 .rodata        0x9d025ca4      0x400 C:\aa\dev\Projects-Clean\Microchip\audio\speex\speexno-lib.a(high_lsp_tables.o)
                0x9d025ca4                high_lsp_cdbk2
                0x9d025ea4                high_lsp_cdbk
 .rodata        0x9d0260a4      0x780 C:\aa\dev\Projects-Clean\Microchip\audio\speex\speexno-lib.a(lsp_tables_nb.o)
                0x9d026324                cdbk_nb_low2
                0x9d0260a4                cdbk_nb_high2
                0x9d0261e4                cdbk_nb_high1
                0x9d0265a4                cdbk_nb
                0x9d026464                cdbk_nb_low1
 .rodata        0x9d026824      0x104 C:/Program Files/Microchip/MPLAB C32/bin/../lib/gcc/pic32mx/3.4.4/../../../../pic32mx/lib/speed\libc.a(ctype.o)
                0x9d026824                _ctype
 .rodata.cst4   0x9d026928        0x4 C:/Program Files/Microchip/MPLAB C32/bin/../lib/gcc/pic32mx/3.4.4/../../../../pic32mx/lib/speed\libc.a(malloc.o)
 .rodata.str1.4
                0x9d02692c       0x21 C:/Program Files/Microchip/MPLAB C32/bin/../lib/gcc/pic32mx/3.4.4/../../../../pic32mx/lib/speed\libc.a(malloc.o)
                                 0x24 (size before relaxing)
 *fill*         0x9d02694d        0x3 00
 .rodata        0x9d026950       0x14 C:/Program Files/Microchip/MPLAB C32/bin/../lib/gcc/pic32mx/3.4.4/../../../../pic32mx/lib/speed\libc.a(_iobdata.o)
                0x9d026950                _io_funcs
 .rodata        0x9d026964      0x1a0 C:/Program Files/Microchip/MPLAB C32/bin/../lib/gcc/pic32mx/3.4.4/../../../../pic32mx/lib/speed\libc.a(_doprnt.o)
 .rodata.str1.4
                0x9d026b04       0x1b C:/Program Files/Microchip/MPLAB C32/bin/../lib/gcc/pic32mx/3.4.4/../../../../pic32mx/lib/speed\libc.a(_doprnt.o)
                                 0x1c (size before relaxing)
 *fill*         0x9d026b1f        0x1 00
 .rodata.cst8   0x9d026b20       0x28 C:/Program Files/Microchip/MPLAB C32/bin/../lib/gcc/pic32mx/3.4.4/../../../../pic32mx/lib/speed\libc.a(_doprnt.o)
 .rodata.cst4   0x9d026b48        0x4 C:/Program Files/Microchip/MPLAB C32/bin/../lib/gcc/pic32mx/3.4.4/../../../../pic32mx/lib/speed\libc.a(_doprnt.o)
 *fill*         0x9d026b4c        0x4 00
 .rodata.cst8   0x9d026b50        0x8 C:/Program Files/Microchip/MPLAB C32/bin/../lib/gcc/pic32mx/3.4.4/../../../../pic32mx/lib/speed\libm.a(log10.o)
 .rodata.cst8   0x9d026b58       0x10 C:/Program Files/Microchip/MPLAB C32/bin/../lib/gcc/pic32mx/3.4.4/../../../../pic32mx/lib/speed\libm.a(floor.o)
                                 0x40 (size before relaxing)
 .rodata.cst8   0x9d026b68       0x18 C:/Program Files/Microchip/MPLAB C32/bin/../lib/gcc/pic32mx/3.4.4/../../../../pic32mx/lib/speed\libm.a(support.o)
                                 0x30 (size before relaxing)
 .rodata        0x9d026b80       0x18 C:/Program Files/Microchip/MPLAB C32/bin/../lib/gcc/pic32mx/3.4.4/../../../../pic32mx/lib/speed\libm.a(log.o)
 .rodata.cst8   0x9d026b98       0x28 C:/Program Files/Microchip/MPLAB C32/bin/../lib/gcc/pic32mx/3.4.4/../../../../pic32mx/lib/speed\libm.a(log.o)
                                 0x30 (size before relaxing)
 .rodata.cst8   0x9d026bc0       0x38 C:/Program Files/Microchip/MPLAB C32/bin/../lib/gcc/pic32mx/3.4.4/../../../../pic32mx/lib/speed\libm.a(log__L.o)
 .rodata.cst8   0x9d026bf8       0x28 C:/Program Files/Microchip/MPLAB C32/bin/../lib/gcc/pic32mx/3.4.4/../../../../pic32mx/lib/speed\libe.a(_divdf3.o)
 .rodata.cst8   0x9d026c20        0x0 C:/Program Files/Microchip/MPLAB C32/bin/../lib/gcc/pic32mx/3.4.4/../../../../pic32mx/lib/speed\libe.a(_muldf3.o)
                                 0x20 (size before relaxing)
 .rodata.cst8   0x9d026c20        0x0 C:/Program Files/Microchip/MPLAB C32/bin/../lib/gcc/pic32mx/3.4.4/../../../../pic32mx/lib/speed\libe.a(_adddf3.o)
                                 0x28 (size before relaxing)
 .rodata.cst8   0x9d026c20        0x0 C:/Program Files/Microchip/MPLAB C32/bin/../lib/gcc/pic32mx/3.4.4/../../../../pic32mx/lib/speed\libe.a(_fixdfsi.o)
                                  0x8 (size before relaxing)
 .rodata.cst8   0x9d026c20        0x8 C:/Program Files/Microchip/MPLAB C32/bin/../lib/gcc/pic32mx/3.4.4/../../../../pic32mx/lib/speed\libe.a(_eqdf2.o)
 .rodata.cst8   0x9d026c28        0x0 C:/Program Files/Microchip/MPLAB C32/bin/../lib/gcc/pic32mx/3.4.4/../../../../pic32mx/lib/speed\libe.a(_nedf2.o)
                                  0x8 (size before relaxing)
 .rodata.cst8   0x9d026c28        0x0 C:/Program Files/Microchip/MPLAB C32/bin/../lib/gcc/pic32mx/3.4.4/../../../../pic32mx/lib/speed\libe.a(_gtdf2.o)
                                  0x8 (size before relaxing)
 .rodata.cst8   0x9d026c28        0x0 C:/Program Files/Microchip/MPLAB C32/bin/../lib/gcc/pic32mx/3.4.4/../../../../pic32mx/lib/speed\libe.a(_gedf2.o)
                                  0x8 (size before relaxing)
 .rodata.cst8   0x9d026c28        0x0 C:/Program Files/Microchip/MPLAB C32/bin/../lib/gcc/pic32mx/3.4.4/../../../../pic32mx/lib/speed\libe.a(_ltdf2.o)
                                  0x8 (size before relaxing)
 .rodata.cst8   0x9d026c28        0x8 C:/Program Files/Microchip/MPLAB C32/bin/../lib/gcc/pic32mx/3.4.4/../../../../pic32mx/lib/speed\libe.a(_sqrtdf2.o)
                                 0x20 (size before relaxing)
 .rodata.cst8   0x9d026c30        0x8 C:/Program Files/Microchip/MPLAB C32/bin/../lib/gcc/pic32mx/3.4.4/../../../../pic32mx/lib/speed\libe.a(_modf.o)
                                 0x10 (size before relaxing)
 .rodata.cst8   0x9d026c38        0x0 C:/Program Files/Microchip/MPLAB C32/bin/../lib/gcc/pic32mx/3.4.4/../../../../pic32mx/lib/speed\libe.a(_orderdf2.o)
                                  0x8 (size before relaxing)
 .rodata        0x9d026c38        0x4 C:/Program Files/Microchip/MPLAB C32/bin/../lib/gcc/pic32mx/3.4.4/../../../../pic32mx/lib/speed\libmchp_peripheral.a(dma_reg_map_tbl_lib.o)
                0x9d026c38                DmaMapTbl
 .rodata        0x9d026c3c       0x80 C:/Program Files/Microchip/MPLAB C32/bin/../lib/gcc/pic32mx/3.4.4/../../../../pic32mx/lib/speed\libmchp_peripheral.a(spi_brg_tbl_lib.o)
                0x9d026c3c                SpiBrgConvTbl
 .rodata        0x9d026cbc        0x8 C:/Program Files/Microchip/MPLAB C32/bin/../lib/gcc/pic32mx/3.4.4/../../../../pic32mx/lib/speed\libmchp_peripheral_32MX360F512L.a(spi_map_tbl_libp.o)
                0x9d026cbc                SpiMapTbl
 .rodata        0x9d026cc4      0x600 C:/Program Files/Microchip/MPLAB C32/bin/../lib/gcc/pic32mx/3.4.4/../../../../pic32mx/lib/speed\libmchp_peripheral_32MX360F512L.a(int_tbl_libp.o)
                0x9d026cc4                __IntTbl
 .rodata.cst8   0x9d0272c4        0x0 C:/Program Files/Microchip/MPLAB C32/bin/../lib/gcc/pic32mx/3.4.4/../../../../pic32mx/lib/speed\libe.a(_ldexp.o)
                                 0x18 (size before relaxing)
 *(.rodata1)
                0x9d0272c4                . = ALIGN (0x4)

.sdata2         0x9d0272c4        0x0
 *(.sdata2 .sdata2.* .gnu.linkonce.s2.*)
                0x9d0272c4                . = ALIGN (0x4)

.sbss2          0x9d0272c4        0x0
 *(.sbss2 .sbss2.* .gnu.linkonce.sb2.*)
                0x9d0272c4                . = ALIGN (0x4)

.eh_frame_hdr
 *(.eh_frame_hdr)

.eh_frame       0x9d0272c4       0x50
 *(.eh_frame)
 .eh_frame      0x9d0272c4       0x20 C:/Program Files/Microchip/MPLAB C32/bin/../lib/gcc/pic32mx/3.4.4/speed\libgcc.a(_udivdi3.o)
 .eh_frame      0x9d0272e4       0x30 C:/Program Files/Microchip/MPLAB C32/bin/../lib/gcc/pic32mx/3.4.4/speed\libgcc.a(_umoddi3.o)

.dbg_data       0xa0000000        0x0
                0xa0000000                . = (. + DEFINED (_DEBUGGER)?0x200:0x0)

.data           0xa0000000      0x1c4 load address 0x9d027314
                0xa0000000                _data_begin = .
 *(.data .data.* .gnu.linkonce.d.*)
 .data          0xa0000000       0x28 Release\fileio.o
 .data          0xa0000028       0x14 C:\aa\dev\Projects-Clean\Microchip\audio\audio_lib_pic32.a(audio.o)
 .data          0xa000003c       0x14 C:\aa\dev\Projects-Clean\Microchip\audio\audio_lib_pic32.a(audio_speex.o)
 .data          0xa0000050       0x34 C:\aa\dev\Projects-Clean\Microchip\audio\audio_lib_pic32.a(audio_streams.o)
                0xa0000050                MchpComment
 .data          0xa0000084       0x2c C:/Program Files/Microchip/MPLAB C32/bin/../lib/gcc/pic32mx/3.4.4/../../../../pic32mx/lib/speed\libc.a(strtok.o)
 .data          0xa00000b0       0x20 C:/Program Files/Microchip/MPLAB C32/bin/../lib/gcc/pic32mx/3.4.4/../../../../pic32mx/lib/speed\libc.a(exit.o)
                0xa00000b0                __exfun_mx
 .data          0xa00000d0       0xd4 C:/Program Files/Microchip/MPLAB C32/bin/../lib/gcc/pic32mx/3.4.4/../../../../pic32mx/lib/speed\libc.a(_iobdata.o)
 .data          0xa00001a4       0x20 C:/Program Files/Microchip/MPLAB C32/bin/../lib/gcc/pic32mx/3.4.4/../../../../pic32mx/lib/speed\libc.a(sbrk.o)
 *(.gnu.linkonce.d.*personality*)
 *(.data1)
                0x9d027314                _data_image_begin = LOADADDR (.data)

.eh_frame
 *(.eh_frame)
                0xa00081c0                _gp = (ALIGN (0x10) + 0x7ff0)

.got            0xa00001c4        0x0 load address 0x9d0274d8
 *(.got.plt)
 *(.got)

.sdata          0xa00001c4       0x3c load address 0x9d0274d8
                0xa00001c4                _sdata_begin = .
 *(.sdata .sdata.* .gnu.linkonce.s.*)
 .sdata         0xa00001c4       0x14 Release\audio_demo_speex-rs232.o
                0xa00001c4                playerProgressBytes
                0xa00001c8                playerProcSamples
 .sdata         0xa00001d8       0x24 C:\aa\dev\Projects-Clean\Microchip\audio\audio_lib_pic32.a(audio.o)
 .sdata         0xa00001fc        0x4 C:/Program Files/Microchip/MPLAB C32/bin/../lib/gcc/pic32mx/3.4.4/../../../../pic32mx/lib/speed\libc.a(_iobdata.o)
                0xa00001fc                _libc_data
                0xa0000200                _sdata_end = .

.lit8           0xa0000200        0x0 load address 0x9d027514
 *(.lit8)

.lit4           0xa0000200        0x0 load address 0x9d027514
 *(.lit4)
                0xa0000200                . = ALIGN (0x4)
                0xa0000200                _data_end = .
                0xa0000200                _bss_begin = .

.sbss           0xa0000200       0xc4
                0xa0000200                _sbss_begin = .
 *(.dynsbss)
 *(.sbss .sbss.* .gnu.linkonce.sb.*)
 .sbss          0xa0000200       0x48 Release\audio_demo_speex-rs232.o
                0xa0000200                playerDiscardMode
 .sbss          0xa0000248        0x4 Release\sdcard_spi.o
 .sbss          0xa000024c        0x8 Release\mstimer.o
 .sbss          0xa0000254       0x58 C:\aa\dev\Projects-Clean\Microchip\audio\audio_lib_pic32.a(audio.o)
 .sbss          0xa00002ac        0x4 C:\aa\dev\Projects-Clean\Microchip\audio\audio_lib_pic32.a(audio_io.o)
 .sbss          0xa00002b0        0x4 C:/Program Files/Microchip/MPLAB C32/bin/../lib/gcc/pic32mx/3.4.4/../../../../pic32mx/lib/speed\libc.a(errno.o)
                0xa00002b0                errno
 *(.scommon)
 .scommon       0xa00002b4        0x8 Release\audio_demo_speex-rs232.o
                0xa00002b4                playerNotify
                0xa00002b8                playerDir
 .scommon       0xa00002bc        0x8 Release\fileio.o
                0xa00002bc                BSR
                0xa00002c0                gBufferOwner
                0xa00002c4                _sbss_end = .

.bss            0xa00002c4      0x774
 *(.dynbss)
 *(.bss .bss.* .gnu.linkonce.b.*)
 .bss           0xa00002c4       0xd0 Release\audio_demo_speex-rs232.o
 .bss           0xa0000394      0x23c Release\sdcard_spi.o
 .bss           0xa00005d0       0x44 C:\aa\dev\Projects-Clean\Microchip\audio\audio_lib_pic32.a(audio.o)
 .bss           0xa0000614        0x4 C:/Program Files/Microchip/MPLAB C32/bin/../lib/gcc/pic32mx/3.4.4/../../../../pic32mx/lib/speed\libc.a(strtok.o)
 .bss           0xa0000618      0x2f0 C:/Program Files/Microchip/MPLAB C32/bin/../lib/gcc/pic32mx/3.4.4/../../../../pic32mx/lib/speed\libc.a(malloc.o)
 .bss           0xa0000908       0x88 C:/Program Files/Microchip/MPLAB C32/bin/../lib/gcc/pic32mx/3.4.4/../../../../pic32mx/lib/speed\libc.a(_iobdata.o)
 .bss           0xa0000990       0x80 C:/Program Files/Microchip/MPLAB C32/bin/../lib/gcc/pic32mx/3.4.4/../../../../pic32mx/lib/speed\libc.a(_iobfuncs.o)
 .bss           0xa0000a10        0x4 C:/Program Files/Microchip/MPLAB C32/bin/../lib/gcc/pic32mx/3.4.4/../../../../pic32mx/lib/speed\libc.a(stubs.o)
                0xa0000a10                __isthreaded
 .bss           0xa0000a14       0x24 C:/Program Files/Microchip/MPLAB C32/bin/../lib/gcc/pic32mx/3.4.4/../../../../pic32mx/lib/speed\libc.a(sbrk.o)
                0xa0000a18                _minbrk
                0xa0000a14                _maxbrk
 *(COMMON)
                0xa0000a38                . = ALIGN (0x4)
                0xa0000a38                . = ALIGN (0x4)
                0xa0000a38                _end = .
                0xa0000a38                _bss_end = .

.heap           0xa0000a38     0x5c00
                0xa0000a38                _heap = .
                0xa0006638                . = (. + _min_heap_size)
 *fill*         0xa0000a38     0x5c00 00

.stack          0xa0006638     0x1400
                0xa0007a38                . = (. + _min_stack_size)
 *fill*         0xa0006638     0x1400 00

.ramfunc        0xa0008000        0x0 load address 0x9d027514
                0xa0008000                _ramfunc_begin = .
 *(.ramfunc .ramfunc.*)
                0xa0008000                . = ALIGN (0x4)
                0xa0008000                _ramfunc_end = .
                0x9d027514                _ramfunc_image_begin = LOADADDR (.ramfunc)
                0x00000000                _ramfunc_length = SIZEOF (.ramfunc)
                0x00008000                _bmxdkpba_address = (_ramfunc_begin - 0xa0000000)
                0x00008000                _bmxdudba_address = 0x8000
                0x00008000                _bmxdupba_address = 0x8000
                0xa0008000                _stack = (_ramfunc_length > 0x0)?(_ramfunc_begin - 0x4):0xa0008000
                0x00000001                ASSERT (((_min_stack_size + _min_heap_size) <= (_stack - _heap)), Not enough space to allocate both stack and heap.  Reduce heap and/or stack size.)

.pdr            0x00000000     0x3fe0
 *(.pdr)
 .pdr           0x00000000       0xa0 C:/Program Files/Microchip/MPLAB C32/bin/../lib/gcc/pic32mx/3.4.4/../../../../pic32mx/lib/speed/crt0.o
 .pdr           0x000000a0      0x600 Release\audio_demo_speex-rs232.o
 .pdr           0x000006a0      0x180 Release\sdcard_spi.o
 .pdr           0x00000820      0x160 Release\fat.o
 .pdr           0x00000980      0x2e0 Release\fileio.o
 .pdr           0x00000c60      0x200 Release\media.o
 .pdr           0x00000e60      0x100 Release\mstimer.o
 .pdr           0x00000f60      0x6c0 C:\aa\dev\Projects-Clean\Microchip\audio\audio_lib_pic32.a(audio.o)
 .pdr           0x00001620      0x1e0 C:\aa\dev\Projects-Clean\Microchip\audio\audio_lib_pic32.a(audio_adpcm.o)