###############################################################################
#                                                                             #
# IAR ARM ANSI C/C++ Compiler V5.12.0.50667/W32         18/Apr/2008  14:00:24 #
# Copyright 1999-2007 IAR Systems. All rights reserved.                       #
#                                                                             #
#    Cpu mode     =  thumb                                                    #
#    Endian       =  little                                                   #
#    Source file  =  D:\development\gediminas\CAN4USB\project\STR75xLibrary\l #
#                    ibrary\src\75x_tb.c                                      #
#    Command line =  D:\development\gediminas\CAN4USB\project\STR75xLibrary\l #
#                    ibrary\src\75x_tb.c -lC D:\development\gediminas\CAN4USB #
#                    \project\RELEASE\List\ -lA D:\development\gediminas\CAN4 #
#                    USB\project\RELEASE\List\ -o                             #
#                    D:\development\gediminas\CAN4USB\project\RELEASE\Obj\    #
#                    --no_cse --no_unroll --no_inline --no_code_motion        #
#                    --no_tbaa --no_clustering --no_scheduling --debug        #
#                    --endian little --cpu ARM7TDMI-S -e --fpu None           #
#                    --dlib_config "D:\Program\IAR Systems\Embedded           #
#                    Workbench 5.0\ARM\INC\DLib_Config_Normal.h" -I           #
#                    D:\development\gediminas\CAN4USB\project\ -I             #
#                    D:\development\gediminas\CAN4USB\project\app\ -I         #
#                    D:\development\gediminas\CAN4USB\project\board\ -I       #
#                    D:\development\gediminas\CAN4USB\project\module\ -I      #
#                    D:\development\gediminas\CAN4USB\project\STR75xLibrary\l #
#                    ibrary\inc\ -I j:\common\ -I "D:\Program\IAR             #
#                    Systems\Embedded Workbench 5.0\ARM\INC\" --interwork     #
#                    --cpu_mode thumb -On                                     #
#    List file    =  D:\development\gediminas\CAN4USB\project\RELEASE\List\75 #
#                    x_tb.lst                                                 #
#    Object file  =  D:\development\gediminas\CAN4USB\project\RELEASE\Obj\75x #
#                    _tb.o                                                    #
#                                                                             #
#                                                                             #
###############################################################################

D:\development\gediminas\CAN4USB\project\STR75xLibrary\library\src\75x_tb.c
      1          /******************** (C) COPYRIGHT 2006 STMicroelectronics ********************
      2          * File Name          : 75x_tb.c
      3          * Author             : MCD Application Team
      4          * Date First Issued  : 03/10/2006
      5          * Description        : This file provides all the TB software functions.
      6          ********************************************************************************
      7          * History:
      8          * 07/17/2006 : V1.0
      9          * 03/10/2006 : V0.1
     10          ********************************************************************************
     11          * THE PRESENT SOFTWARE WHICH IS FOR GUIDANCE ONLY AIMS AT PROVIDING CUSTOMERS
     12          * WITH CODING INFORMATION REGARDING THEIR PRODUCTS IN ORDER FOR THEM TO SAVE TIME.
     13          * AS A RESULT, STMICROELECTRONICS SHALL NOT BE HELD LIABLE FOR ANY DIRECT,
     14          * INDIRECT OR CONSEQUENTIAL DAMAGES WITH RESPECT TO ANY CLAIMS ARISING FROM THE
     15          * CONTENT OF SUCH SOFTWARE AND/OR THE USE MADE BY CUSTOMERS OF THE CODING
     16          * INFORMATION CONTAINED HEREIN IN CONNECTION WITH THEIR PRODUCTS.
     17          *******************************************************************************/
     18          
     19          /* Includes ------------------------------------------------------------------*/
     20          #include "75x_tb.h"
     21          #include "75x_mrcc.h"
     22          
     23          /* Private typedef -----------------------------------------------------------*/
     24          /* Private define ------------------------------------------------------------*/
     25          /* Private macro -------------------------------------------------------------*/
     26          /* Private variables ---------------------------------------------------------*/
     27          #define TB_IT_Enable_Mask   0x7FFF
     28          #define TB_IT_Clear_Mask    0x7FFF
     29          #define TB_IC_Enable        0x0004
     30          #define TB_ICPolarity_Set   0x0008
     31          #define TB_ICPolarity_Reset 0xFFF7
     32          #define TB_UFS_Reset        0xFFFE
     33          #define TB_UFS_Set          0x0001
     34          
     35          /* TB debug state */
     36          #define TB_DBGC_Set    0x0400
     37          #define TB_DBGC_Reset  0xFB7F
     38          
     39          /* TB counter state */
     40          #define TB_COUNTER_Reset  0x0002
     41          #define TB_COUNTER_Start  0x0004
     42          #define TB_COUNTER_Stop   0xFFFB
     43          
     44          #define TB_SMS_EXTCLK_Set   0x0008
     45          #define TB_SMS_RESETCLK_Set 0x0000
     46          
     47          /* TB Slave Mode Enable Set/Reset value */
     48          #define TB_SME_Reset  0x731B
     49          #define TB_SME_Set    0x0004
     50          
     51          /* TB Trigger Selection value */
     52          #define TB_TS_IC1_Set  0x0200
     53          
     54          /* TB SCR Masks bit */
     55          #define TB_SlaveModeSelection_Mask        0x7307
     56          #define TB_TriggerSelection_Mask          0x701F
     57          
     58          /* Reset Register Masks */
     59          #define TB_Prescaler_Reset_Mask   0x0000
     60          #define TB_CounterMode_Mask       0xFF8F
     61          #define TB_AutoReload_Reset_Mask  0xFFFF
     62          
     63          /* Private function prototypes -----------------------------------------------*/
     64          /* Private functions ---------------------------------------------------------*/
     65          
     66           /******************************************************************************
     67          * Function Name  : TB_DeInit
     68          * Description    : Deinitializes the TB peripheral registers to their default
     69          *                  reset values.
     70          * Input          : None
     71          * Output         : None
     72          * Return         : None
     73          *******************************************************************************/

   \                                 In section .text, align 4, keep-with-next
     74          void TB_DeInit(void)
     75          {
   \                     TB_DeInit:
   \   00000000   01B5               PUSH     {R0,LR}
     76           /* Enters and exits the TB peripheral to and from reset */
     77           MRCC_PeripheralSWResetConfig(MRCC_Peripheral_TB,ENABLE);
   \   00000002   0121               MOVS     R1,#+1
   \   00000004   0220               MOVS     R0,#+2
   \   00000006   ........           BL       MRCC_PeripheralSWResetConfig
     78           MRCC_PeripheralSWResetConfig(MRCC_Peripheral_TB,DISABLE);
   \   0000000A   0021               MOVS     R1,#+0
   \   0000000C   0220               MOVS     R0,#+2
   \   0000000E   ........           BL       MRCC_PeripheralSWResetConfig
     79          }
   \   00000012   08BC               POP      {R3}
   \   00000014   01BC               POP      {R0}
   \   00000016   0047               BX       R0               ;; return
     80          
     81          /*******************************************************************************
     82          * Function Name  : TB_Init
     83          * Description    : Initializes TB  peripheral according to the specified
     84          *                  parameters in the TB_InitStruct.
     85          * Input          : TB_InitStruct: pointer to a TB_InitTypeDef structure that
     86          *                  contains the configuration information for the TB peripheral.
     87          * Output         : None
     88          * Return         : None
     89          *******************************************************************************/

   \                                 In section .text, align 4, keep-with-next
     90          void TB_Init(TB_InitTypeDef* TB_InitStruct)
     91          {
   \                     TB_Init:
   \   00000000   01B5               PUSH     {R0,LR}
     92            /* Set the TB prescaler value */
     93            TB->PSC = TB_InitStruct->TB_Prescaler;
   \   00000002   0189               LDRH     R1,[R0, #+8]
   \   00000004   ....               LDR      R2,??DataTable25  ;; 0xffff8828
   \   00000006   1180               STRH     R1,[R2, #+0]
     94          
     95            /* Set the TB period value */
     96            TB->ARR = TB_InitStruct->TB_AutoReload;
   \   00000008   4189               LDRH     R1,[R0, #+10]
   \   0000000A   264A               LDR      R2,??TB_Init_0   ;; 0xffff8830
   \   0000000C   1180               STRH     R1,[R2, #+0]
     97          
     98            /* Set the corresponding counter mode */
     99            TB->CR = (TB->CR & TB_CounterMode_Mask) | TB_InitStruct->TB_CounterMode;
   \   0000000E   ....               LDR      R1,??DataTable36  ;; 0xffff8800
   \   00000010   0988               LDRH     R1,[R1, #+0]
   \   00000012   ....               LDR      R2,??DataTable33  ;; 0xff8f
   \   00000014   0A40               ANDS     R2,R2,R1
   \   00000016   8188               LDRH     R1,[R0, #+4]
   \   00000018   1143               ORRS     R1,R1,R2
   \   0000001A   ....               LDR      R2,??DataTable36  ;; 0xffff8800
   \   0000001C   1180               STRH     R1,[R2, #+0]
    100          
    101            /* Set the corresponding clock source */
    102            if(TB_InitStruct->TB_ClockSource == TB_ClockSource_CKRTC)
   \   0000001E   4188               LDRH     R1,[R0, #+2]
   \   00000020   0229               CMP      R1,#+2
   \   00000022   0DD1               BNE      ??TB_Init_1
    103            {  
    104              TB->SCR &= TB_SME_Reset & TB_SlaveModeSelection_Mask & TB_TriggerSelection_Mask;
   \   00000024   ....               LDR      R1,??DataTable41  ;; 0xffff8804
   \   00000026   0988               LDRH     R1,[R1, #+0]
   \   00000028   ....               LDR      R2,??DataTable38  ;; 0x7003
   \   0000002A   0A40               ANDS     R2,R2,R1
   \   0000002C   ....               LDR      R1,??DataTable41  ;; 0xffff8804
   \   0000002E   0A80               STRH     R2,[R1, #+0]
    105              TB->SCR |= TB_SMS_EXTCLK_Set | TB_SME_Set | TB_TS_IC1_Set;
   \   00000030   ....               LDR      R1,??DataTable41  ;; 0xffff8804
   \   00000032   0988               LDRH     R1,[R1, #+0]
   \   00000034   8322               MOVS     R2,#+131
   \   00000036   9200               LSLS     R2,R2,#+2        ;; #+524
   \   00000038   0A43               ORRS     R2,R2,R1
   \   0000003A   ....               LDR      R1,??DataTable41  ;; 0xffff8804
   \   0000003C   0A80               STRH     R2,[R1, #+0]
   \   0000003E   05E0               B        ??TB_Init_2
    106            }
    107            else
    108            {
    109              TB->SCR &= TB_SME_Reset & TB_SlaveModeSelection_Mask & TB_TriggerSelection_Mask;
   \                     ??TB_Init_1:
   \   00000040   ....               LDR      R1,??DataTable41  ;; 0xffff8804
   \   00000042   0988               LDRH     R1,[R1, #+0]
   \   00000044   ....               LDR      R2,??DataTable38  ;; 0x7003
   \   00000046   0A40               ANDS     R2,R2,R1
   \   00000048   ....               LDR      R1,??DataTable41  ;; 0xffff8804
   \   0000004A   0A80               STRH     R2,[R1, #+0]
    110            }
    111          
    112            if(TB_InitStruct->TB_Mode == TB_Mode_IC)
   \                     ??TB_Init_2:
   \   0000004C   0188               LDRH     R1,[R0, #+0]
   \   0000004E   0229               CMP      R1,#+2
   \   00000050   24D1               BNE      ??TB_Init_3
    113            {
    114              /* Set the corresponding value in TB SCR register */
    115              TB->SCR &= TB_SME_Reset & TB_SlaveModeSelection_Mask & TB_TriggerSelection_Mask;
   \   00000052   ....               LDR      R1,??DataTable41  ;; 0xffff8804
   \   00000054   0988               LDRH     R1,[R1, #+0]
   \   00000056   ....               LDR      R2,??DataTable38  ;; 0x7003
   \   00000058   0A40               ANDS     R2,R2,R1
   \   0000005A   ....               LDR      R1,??DataTable41  ;; 0xffff8804
   \   0000005C   0A80               STRH     R2,[R1, #+0]
    116              TB->SCR |= TB_SMS_RESETCLK_Set | TB_SME_Set | TB_TS_IC1_Set;
   \   0000005E   ....               LDR      R1,??DataTable41  ;; 0xffff8804
   \   00000060   0988               LDRH     R1,[R1, #+0]
   \   00000062   8122               MOVS     R2,#+129
   \   00000064   9200               LSLS     R2,R2,#+2        ;; #+516
   \   00000066   0A43               ORRS     R2,R2,R1
   \   00000068   ....               LDR      R1,??DataTable41  ;; 0xffff8804
   \   0000006A   0A80               STRH     R2,[R1, #+0]
    117          
    118              /* Set the IC1 enable bit */
    119              TB->IMCR |= TB_IC_Enable;
   \   0000006C   0E49               LDR      R1,??TB_Init_0+0x4  ;; 0xffff8808
   \   0000006E   0988               LDRH     R1,[R1, #+0]
   \   00000070   0422               MOVS     R2,#+4
   \   00000072   0A43               ORRS     R2,R2,R1
   \   00000074   0C49               LDR      R1,??TB_Init_0+0x4  ;; 0xffff8808
   \   00000076   0A80               STRH     R2,[R1, #+0]
    120          
    121              /* Set the input signal polarity */
    122              if (TB_InitStruct->TB_ICAPolarity == TB_ICAPolarity_Falling)
   \   00000078   C188               LDRH     R1,[R0, #+6]
   \   0000007A   8022               MOVS     R2,#+128
   \   0000007C   1202               LSLS     R2,R2,#+8        ;; #+32768
   \   0000007E   9142               CMP      R1,R2
   \   00000080   06D1               BNE      ??TB_Init_4
    123              {
    124                TB->IMCR |= TB_ICPolarity_Set;
   \   00000082   0949               LDR      R1,??TB_Init_0+0x4  ;; 0xffff8808
   \   00000084   0988               LDRH     R1,[R1, #+0]
   \   00000086   0822               MOVS     R2,#+8
   \   00000088   0A43               ORRS     R2,R2,R1
   \   0000008A   0749               LDR      R1,??TB_Init_0+0x4  ;; 0xffff8808
   \   0000008C   0A80               STRH     R2,[R1, #+0]
   \   0000008E   05E0               B        ??TB_Init_3
    125              }
    126              else
    127              {
    128                TB->IMCR &= TB_ICPolarity_Reset;
   \                     ??TB_Init_4:
   \   00000090   0549               LDR      R1,??TB_Init_0+0x4  ;; 0xffff8808
   \   00000092   0988               LDRH     R1,[R1, #+0]
   \   00000094   054A               LDR      R2,??TB_Init_0+0x8  ;; 0xfff7
   \   00000096   0A40               ANDS     R2,R2,R1
   \   00000098   0349               LDR      R1,??TB_Init_0+0x4  ;; 0xffff8808
   \   0000009A   0A80               STRH     R2,[R1, #+0]
    129              }
    130            }
    131          }
   \                     ??TB_Init_3:
   \   0000009C   08BC               POP      {R3}
   \   0000009E   01BC               POP      {R0}
   \   000000A0   0047               BX       R0               ;; return
   \   000000A2   C046               Nop      
   \                     ??TB_Init_0:
   \   000000A4   3088FFFF           DC32     0xffff8830
   \   000000A8   0888FFFF           DC32     0xffff8808
   \   000000AC   F7FF0000           DC32     0xfff7
    132          
    133          /*******************************************************************************
    134          * Function Name  : TB_StructInit
    135          * Description    : Fills each TB_InitStruct member with its default value
    136          * Input          : TB_InitStruct : pointer to a TB_InitTypeDef structure which
    137          *                  will be initialized.
    138          * Output         : None
    139          * Return         : None
    140          *******************************************************************************/

   \                                 In section .text, align 4, keep-with-next
    141          void TB_StructInit(TB_InitTypeDef *TB_InitStruct)
    142          {
    143            TB_InitStruct->TB_Mode = TB_Mode_Timing;
   \                     TB_StructInit:
   \   00000000   0121               MOVS     R1,#+1
   \   00000002   0180               STRH     R1,[R0, #+0]
    144            TB_InitStruct->TB_ClockSource = TB_ClockSource_CKTIM;
   \   00000004   0121               MOVS     R1,#+1
   \   00000006   4180               STRH     R1,[R0, #+2]
    145            TB_InitStruct->TB_CounterMode = TB_CounterMode_Up;
   \   00000008   0021               MOVS     R1,#+0
   \   0000000A   8180               STRH     R1,[R0, #+4]
    146            TB_InitStruct->TB_ICAPolarity = TB_ICAPolarity_Rising;
   \   0000000C   E021               MOVS     R1,#+224
   \   0000000E   C901               LSLS     R1,R1,#+7        ;; #+28672
   \   00000010   C180               STRH     R1,[R0, #+6]
    147            TB_InitStruct->TB_Prescaler = TB_Prescaler_Reset_Mask;
   \   00000012   0021               MOVS     R1,#+0
   \   00000014   0181               STRH     R1,[R0, #+8]
    148            TB_InitStruct->TB_AutoReload = TB_AutoReload_Reset_Mask;
   \   00000016   0149               LDR      R1,??TB_StructInit_0  ;; 0xffff
   \   00000018   4181               STRH     R1,[R0, #+10]
    149          }
   \   0000001A   7047               BX       LR               ;; return
   \                     ??TB_StructInit_0:
   \   0000001C   FFFF0000           DC32     0xffff
    150          
    151          /*******************************************************************************
    152          * Function Name  : TB_Cmd
    153          * Description    : Enables or disables the TB peripheral.
    154          * Input          : Newstate: new state of the TB peripheral. This parameter can
    155          *                  be: ENABLE or DISABLE.
    156          * Output         : None
    157          * Return         : None
    158          *******************************************************************************/

   \                                 In section .text, align 4, keep-with-next
    159          void TB_Cmd(FunctionalState Newstate)
    160          {
   \                     TB_Cmd:
   \   00000000   01B5               PUSH     {R0,LR}
    161            if(Newstate == ENABLE)
   \   00000002   0006               LSLS     R0,R0,#+24       ;; ZeroExtS R0,R0,#+24,#+24
   \   00000004   000E               LSRS     R0,R0,#+24
   \   00000006   0128               CMP      R0,#+1
   \   00000008   06D1               BNE      ??TB_Cmd_0
    162            {
    163              TB->CR |= TB_COUNTER_Start;
   \   0000000A   ....               LDR      R1,??DataTable36  ;; 0xffff8800
   \   0000000C   0988               LDRH     R1,[R1, #+0]
   \   0000000E   0422               MOVS     R2,#+4
   \   00000010   0A43               ORRS     R2,R2,R1
   \   00000012   ....               LDR      R1,??DataTable36  ;; 0xffff8800
   \   00000014   0A80               STRH     R2,[R1, #+0]
   \   00000016   05E0               B        ??TB_Cmd_1
    164            }
    165            else
    166            {
    167              TB->CR &= TB_COUNTER_Stop;
   \                     ??TB_Cmd_0:
   \   00000018   ....               LDR      R1,??DataTable36  ;; 0xffff8800
   \   0000001A   0988               LDRH     R1,[R1, #+0]
   \   0000001C   034A               LDR      R2,??TB_Cmd_2    ;; 0xfffb
   \   0000001E   0A40               ANDS     R2,R2,R1
   \   00000020   ....               LDR      R1,??DataTable36  ;; 0xffff8800
   \   00000022   0A80               STRH     R2,[R1, #+0]
    168            }
    169          }
   \                     ??TB_Cmd_1:
   \   00000024   08BC               POP      {R3}
   \   00000026   01BC               POP      {R0}
   \   00000028   0047               BX       R0               ;; return
   \   0000002A   C046               Nop      
   \                     ??TB_Cmd_2:
   \   0000002C   FBFF0000           DC32     0xfffb
    170          
    171          /*******************************************************************************
    172          * Function Name  : TB_ITConfig
    173          * Description    : Enables or disables the specified TB interrupt.
    174          * Input          : - TB_IT: specifies the TB interrupt sources to be enabled or
    175          *                    disabled.
    176          *                    This parameter can be any combination of the following values:
    177          *                         - TB_IT_Update: TB Update interrupt
    178          *                         - TB_IT_GlobalUpdate: TB Global Update interrupt
    179          *                         - TB_IT_IC: TB Input Capture interrupt
    180          *                  - Newstate:  new state of the specified TB interrupts.
    181          *                    This parameter can be: ENABLE or DISABLE.
    182          * Output         : None
    183          * Return         : None
    184          *******************************************************************************/

   \                                 In section .text, align 4, keep-with-next
    185          void TB_ITConfig(u16 TB_IT, FunctionalState Newstate)
    186          {
   \                     TB_ITConfig:
   \   00000000   10B5               PUSH     {R4,LR}
    187            u16 TB_IT_Enable = 0;
   \   00000002   0023               MOVS     R3,#+0
   \   00000004   1A00               MOVS     R2,R3
    188          
    189            TB_IT_Enable = TB_IT & TB_IT_Enable_Mask;
   \   00000006   4304               LSLS     R3,R0,#+17       ;; ZeroExtS R3,R0,#+17,#+17
   \   00000008   5B0C               LSRS     R3,R3,#+17
   \   0000000A   1A00               MOVS     R2,R3
    190          
    191            if(Newstate == ENABLE)
   \   0000000C   0906               LSLS     R1,R1,#+24       ;; ZeroExtS R1,R1,#+24,#+24
   \   0000000E   090E               LSRS     R1,R1,#+24
   \   00000010   0129               CMP      R1,#+1
   \   00000012   22D1               BNE      ??TB_ITConfig_0
    192            {
    193             /* Update interrupt global source: overflow/undeflow, counter reset operation
    194             or slave mode controller in reset mode */
    195             if ((TB_IT & TB_IT_GlobalUpdate) == TB_IT_GlobalUpdate)
   \   00000014   0004               LSLS     R0,R0,#+16       ;; ZeroExtS R0,R0,#+16,#+16
   \   00000016   000C               LSRS     R0,R0,#+16
   \   00000018   164B               LDR      R3,??TB_ITConfig_1  ;; 0x8001
   \   0000001A   0340               ANDS     R3,R3,R0
   \   0000001C   154C               LDR      R4,??TB_ITConfig_1  ;; 0x8001
   \   0000001E   A342               CMP      R3,R4
   \   00000020   06D1               BNE      ??TB_ITConfig_2
    196             {
    197               TB->CR &= TB_UFS_Reset;
   \   00000022   ....               LDR      R3,??DataTable36  ;; 0xffff8800
   \   00000024   1B88               LDRH     R3,[R3, #+0]
   \   00000026   144C               LDR      R4,??TB_ITConfig_1+0x4  ;; 0xfffe
   \   00000028   1C40               ANDS     R4,R4,R3
   \   0000002A   ....               LDR      R3,??DataTable36  ;; 0xffff8800
   \   0000002C   1C80               STRH     R4,[R3, #+0]
   \   0000002E   09E0               B        ??TB_ITConfig_3
    198              }
    199             /* Update interrupt source: counter overflow/underflow */
    200             else if ((TB_IT & TB_IT_Update) == TB_IT_Update)
   \                     ??TB_ITConfig_2:
   \   00000030   0004               LSLS     R0,R0,#+16       ;; ZeroExtS R0,R0,#+16,#+16
   \   00000032   000C               LSRS     R0,R0,#+16
   \   00000034   C307               LSLS     R3,R0,#+31
   \   00000036   05D5               BPL      ??TB_ITConfig_3
    201             {
    202              TB->CR |= TB_UFS_Set;
   \   00000038   ....               LDR      R3,??DataTable36  ;; 0xffff8800
   \   0000003A   1B88               LDRH     R3,[R3, #+0]
   \   0000003C   0124               MOVS     R4,#+1
   \   0000003E   1C43               ORRS     R4,R4,R3
   \   00000040   ....               LDR      R3,??DataTable36  ;; 0xffff8800
   \   00000042   1C80               STRH     R4,[R3, #+0]
    203             }
    204             /* Select and enable the interrupts requests */
    205             TB->RSR |= TB_IT_Enable;
   \                     ??TB_ITConfig_3:
   \   00000044   0D4B               LDR      R3,??TB_ITConfig_1+0x8  ;; 0xffff8818
   \   00000046   1B88               LDRH     R3,[R3, #+0]
   \   00000048   1343               ORRS     R3,R3,R2
   \   0000004A   0C4C               LDR      R4,??TB_ITConfig_1+0x8  ;; 0xffff8818
   \   0000004C   2380               STRH     R3,[R4, #+0]
    206             TB->RER |= TB_IT_Enable;
   \   0000004E   0C4B               LDR      R3,??TB_ITConfig_1+0xC  ;; 0xffff881c
   \   00000050   1B88               LDRH     R3,[R3, #+0]
   \   00000052   1343               ORRS     R3,R3,R2
   \   00000054   0A4C               LDR      R4,??TB_ITConfig_1+0xC  ;; 0xffff881c
   \   00000056   2380               STRH     R3,[R4, #+0]
   \   00000058   09E0               B        ??TB_ITConfig_4
    207            }
    208            /* Disable the interrupts requests */
    209            else
    210            {
    211             TB->RSR &= ~TB_IT_Enable;
   \                     ??TB_ITConfig_0:
   \   0000005A   084B               LDR      R3,??TB_ITConfig_1+0x8  ;; 0xffff8818
   \   0000005C   1B88               LDRH     R3,[R3, #+0]
   \   0000005E   9343               BICS     R3,R3,R2
   \   00000060   064C               LDR      R4,??TB_ITConfig_1+0x8  ;; 0xffff8818
   \   00000062   2380               STRH     R3,[R4, #+0]
    212             TB->RER &= ~TB_IT_Enable;
   \   00000064   064B               LDR      R3,??TB_ITConfig_1+0xC  ;; 0xffff881c
   \   00000066   1B88               LDRH     R3,[R3, #+0]
   \   00000068   9343               BICS     R3,R3,R2
   \   0000006A   054C               LDR      R4,??TB_ITConfig_1+0xC  ;; 0xffff881c
   \   0000006C   2380               STRH     R3,[R4, #+0]
    213            }
    214          }
   \                     ??TB_ITConfig_4:
   \   0000006E   10BC               POP      {R4}
   \   00000070   01BC               POP      {R0}
   \   00000072   0047               BX       R0               ;; return
   \                     ??TB_ITConfig_1:
   \   00000074   01800000           DC32     0x8001
   \   00000078   FEFF0000           DC32     0xfffe
   \   0000007C   1888FFFF           DC32     0xffff8818
   \   00000080   1C88FFFF           DC32     0xffff881c
    215          
    216          /*******************************************************************************
    217          * Function Name  : TB_SetPrescaler
    218          * Description    : Sets the TB Prescaler value.
    219          * Input          : Prescaler: specifies the TB Prescaler value.
    220          * Output         : None
    221          * Return         : None
    222          *******************************************************************************/

   \                                 In section .text, align 4, keep-with-next
    223          void TB_SetPrescaler(u16 Prescaler)
    224          {
    225            /* Sets the prescaler value */
    226            TB->PSC = Prescaler;
   \                     TB_SetPrescaler:
   \   00000000   ....               LDR      R1,??DataTable25  ;; 0xffff8828
   \   00000002   0880               STRH     R0,[R1, #+0]
    227          }
   \   00000004   7047               BX       LR               ;; return
    228          
    229          /*******************************************************************************
    230          * Function Name  : TB_ResetCounter
    231          * Description    : Re-intializes the counter and generates an update of the
    232          *                  registers.
    233          * Input          : None
    234          * Output         : None
    235          * Return         : None
    236          *******************************************************************************/

   \                                 In section .text, align 4, keep-with-next
    237          void TB_ResetCounter(void)
    238          {
    239            /* Re-intializes TB counter */
    240            TB->CR |= TB_COUNTER_Reset;
   \                     TB_ResetCounter:
   \   00000000   ....               LDR      R0,??DataTable36  ;; 0xffff8800
   \   00000002   0088               LDRH     R0,[R0, #+0]
   \   00000004   0221               MOVS     R1,#+2
   \   00000006   0143               ORRS     R1,R1,R0
   \   00000008   ....               LDR      R0,??DataTable36  ;; 0xffff8800
   \   0000000A   0180               STRH     R1,[R0, #+0]
    241          }
   \   0000000C   7047               BX       LR               ;; return
    242          
    243          /*******************************************************************************
    244          * Function Name  : TB_DebugCmd
    245          * Description    : Enables or disables TB peripheral Debug control.
    246          * Input          : Newstate: new state of the TB Debug control.
    247          *                  This parameter can be: ENABLE or DISABLE.
    248          * Output         : None
    249          * Return         : None
    250          *******************************************************************************/

   \                                 In section .text, align 4, keep-with-next
    251          void TB_DebugCmd(FunctionalState Newstate)
    252          {
   \                     TB_DebugCmd:
   \   00000000   01B5               PUSH     {R0,LR}
    253            if(Newstate == ENABLE)
   \   00000002   0006               LSLS     R0,R0,#+24       ;; ZeroExtS R0,R0,#+24,#+24
   \   00000004   000E               LSRS     R0,R0,#+24
   \   00000006   0128               CMP      R0,#+1
   \   00000008   07D1               BNE      ??TB_DebugCmd_0
    254            {
    255              TB->CR |= TB_DBGC_Set;
   \   0000000A   ....               LDR      R1,??DataTable36  ;; 0xffff8800
   \   0000000C   0988               LDRH     R1,[R1, #+0]
   \   0000000E   8022               MOVS     R2,#+128
   \   00000010   D200               LSLS     R2,R2,#+3        ;; #+1024
   \   00000012   0A43               ORRS     R2,R2,R1
   \   00000014   ....               LDR      R1,??DataTable36  ;; 0xffff8800
   \   00000016   0A80               STRH     R2,[R1, #+0]
   \   00000018   05E0               B        ??TB_DebugCmd_1
    256            }
    257            else
    258            {
    259              TB->CR &= TB_DBGC_Reset;
   \                     ??TB_DebugCmd_0:
   \   0000001A   ....               LDR      R1,??DataTable36  ;; 0xffff8800
   \   0000001C   0988               LDRH     R1,[R1, #+0]
   \   0000001E   034A               LDR      R2,??TB_DebugCmd_2  ;; 0xfb7f
   \   00000020   0A40               ANDS     R2,R2,R1
   \   00000022   ....               LDR      R1,??DataTable36  ;; 0xffff8800
   \   00000024   0A80               STRH     R2,[R1, #+0]
    260            }
    261          }
   \                     ??TB_DebugCmd_1:
   \   00000026   08BC               POP      {R3}
   \   00000028   01BC               POP      {R0}
   \   0000002A   0047               BX       R0               ;; return
   \                     ??TB_DebugCmd_2:
   \   0000002C   7FFB0000           DC32     0xfb7f
    262          
    263          /*******************************************************************************
    264          * Function Name  : TB_CounterModeConfig
    265          * Description    : Configures the TB Counter Mode.
    266          * Input          : TB_CounterMode: specifies the TB counter mode to be used.
    267          *                  This parameter can be one of the following values:
    268          *                         - TB_CounterMode_Up: TB Up Counting Mode
    269          *                         - TB_CounterMode_Down: TB Down Counting Mode
    270          *                         - TB_CounterMode_CenterAligned: TB Center Aligned Mode
    271          * Output         : None
    272          * Return         : None
    273          *******************************************************************************/

   \                                 In section .text, align 4, keep-with-next
    274          void TB_CounterModeConfig(u16 TB_CounterMode)
    275          {
    276            /* Counter mode configuration */
    277            TB->CR &= TB_CounterMode_Mask;
   \                     TB_CounterModeConfig:
   \   00000000   ....               LDR      R1,??DataTable36  ;; 0xffff8800
   \   00000002   0988               LDRH     R1,[R1, #+0]
   \   00000004   ....               LDR      R2,??DataTable33  ;; 0xff8f
   \   00000006   0A40               ANDS     R2,R2,R1
   \   00000008   ....               LDR      R1,??DataTable36  ;; 0xffff8800
   \   0000000A   0A80               STRH     R2,[R1, #+0]
    278            TB->CR |= TB_CounterMode;
   \   0000000C   ....               LDR      R1,??DataTable36  ;; 0xffff8800
   \   0000000E   0988               LDRH     R1,[R1, #+0]
   \   00000010   0143               ORRS     R1,R1,R0
   \   00000012   ....               LDR      R2,??DataTable36  ;; 0xffff8800
   \   00000014   1180               STRH     R1,[R2, #+0]
    279          }
   \   00000016   7047               BX       LR               ;; return
    280          
    281          /*******************************************************************************
    282          * Function Name  : TB_SLaveModeConfig
    283          * Description    : Configures the TB slave Mode.
    284          * Input          : TB_SMSMode: specifies the TB slave mode to be used.
    285          *                  This parameter can be one of the following values:
    286          *                         - TB_SMSMode_Trigger: The counter starts at a rising 
    287          *                           edge of the trigger 
    288          *                         - TB_SMSMode_Gated: The counter clock is enabled when 
    289          *                           trigger signal is high
    290          *                         - TB_SMSMode_External: The rising edge of selected trigger
    291          *                           clocks the counter
    292          *                         - TB_SMSMode_Reset: The rising edge of the selected 
    293          *                           trigger signal resets the counter
    294          * Output         : None
    295          * Return         : None
    296          *******************************************************************************/

   \                                 In section .text, align 4, keep-with-next
    297          void TB_SLaveModeConfig(u16 TB_SMSMode)
    298          {
    299            TB->SCR &= TB_SME_Reset & TB_SlaveModeSelection_Mask & TB_TriggerSelection_Mask;
   \                     TB_SLaveModeConfig:
   \   00000000   ....               LDR      R1,??DataTable41  ;; 0xffff8804
   \   00000002   0988               LDRH     R1,[R1, #+0]
   \   00000004   ....               LDR      R2,??DataTable38  ;; 0x7003
   \   00000006   0A40               ANDS     R2,R2,R1
   \   00000008   ....               LDR      R1,??DataTable41  ;; 0xffff8804
   \   0000000A   0A80               STRH     R2,[R1, #+0]
    300            TB->SCR |= TB_SME_Set | TB_SMSMode | TB_TS_IC1_Set; 
   \   0000000C   ....               LDR      R1,??DataTable41  ;; 0xffff8804
   \   0000000E   0988               LDRH     R1,[R1, #+0]
   \   00000010   8122               MOVS     R2,#+129
   \   00000012   9200               LSLS     R2,R2,#+2        ;; #+516
   \   00000014   0243               ORRS     R2,R2,R0
   \   00000016   0A43               ORRS     R2,R2,R1
   \   00000018   ....               LDR      R1,??DataTable41  ;; 0xffff8804
   \   0000001A   0A80               STRH     R2,[R1, #+0]
    301          }
   \   0000001C   7047               BX       LR               ;; return
    302          /*******************************************************************************
    303          * Function Name  : TB_GetCounter
    304          * Description    : Gets the TB Counter value.
    305          * Input          : None
    306          * Output         : None
    307          * Return         : The TB counter register value.
    308          *******************************************************************************/

   \                                 In section .text, align 4, keep-with-next
    309          u16 TB_GetCounter(void)
    310          {
    311            return TB->CNT;
   \                     TB_GetCounter:
   \   00000000   ....               LDR      R0,??DataTable43  ;; 0xffff8824
   \   00000002   0088               LDRH     R0,[R0, #+0]
   \   00000004   0004               LSLS     R0,R0,#+16       ;; ZeroExtS R0,R0,#+16,#+16
   \   00000006   000C               LSRS     R0,R0,#+16
   \   00000008   7047               BX       LR               ;; return
    312          }
    313          
    314          /*******************************************************************************
    315          * Function Name  : TB_GetICAP1
    316          * Description    : Gets the TB Input capture value.
    317          * Input          : None
    318          * Output         : None
    319          * Return         : The TB ICR1 register value.
    320          *******************************************************************************/

   \                                 In section .text, align 4, keep-with-next
    321          u16 TB_GetICAP1(void)
    322          {
    323            return TB->ICR1;
   \                     TB_GetICAP1:
   \   00000000   0248               LDR      R0,??TB_GetICAP1_0  ;; 0xffff884c
   \   00000002   0088               LDRH     R0,[R0, #+0]
   \   00000004   0004               LSLS     R0,R0,#+16       ;; ZeroExtS R0,R0,#+16,#+16
   \   00000006   000C               LSRS     R0,R0,#+16
   \   00000008   7047               BX       LR               ;; return
   \   0000000A   C046               Nop      
   \                     ??TB_GetICAP1_0:
   \   0000000C   4C88FFFF           DC32     0xffff884c
    324          }
    325          
    326          /*******************************************************************************
    327          * Function Name  : TB_SetCounter
    328          * Description    : Sets the TB Counter value.
    329          * Input          : Counter: specifies the TB Counter value.
    330          * Output         : None
    331          * Return         : None
    332          *******************************************************************************/

   \                                 In section .text, align 4, keep-with-next
    333          void TB_SetCounter(u16 Counter)
    334          {
    335            TB->CNT = Counter;
   \                     TB_SetCounter:
   \   00000000   ....               LDR      R1,??DataTable43  ;; 0xffff8824
   \   00000002   0880               STRH     R0,[R1, #+0]
    336          }
   \   00000004   7047               BX       LR               ;; return
    337          
    338          /*******************************************************************************
    339          * Function Name  : TB_GetFlagStatus
    340          * Description    : Checks whether the specified TB flag is set or not.
    341          * Input          : TB_FLAG: specifies the flag to check.
    342          *                  This parameter can be one of the following values:
    343          *                         - TB_FLAG_IC: TB Input Capture flag
    344          *                         - TB_FLAG_Update: TB update flag
    345          * Output         : None
    346          * Return         : The new state of the TB_FLAG (SET or RESET).
    347          *******************************************************************************/

   \                                 In section .text, align 4, keep-with-next
    348          FlagStatus TB_GetFlagStatus(u16 TB_FLAG)
    349          {
   \                     TB_GetFlagStatus:
   \   00000000   0100               MOVS     R1,R0
    350            if((TB->ISR & TB_FLAG) != RESET )
   \   00000002   ....               LDR      R0,??DataTable49  ;; 0xffff8820
   \   00000004   0288               LDRH     R2,[R0, #+0]
   \   00000006   0A40               ANDS     R2,R2,R1
   \   00000008   1000               MOVS     R0,R2
   \   0000000A   0004               LSLS     R0,R0,#+16       ;; ZeroExtS R0,R0,#+16,#+16
   \   0000000C   000C               LSRS     R0,R0,#+16
   \   0000000E   401E               SUBS     R0,R0,#+1
   \   00000010   8041               SBCS     R0,R0,R0
   \   00000012   C043               MVNS     R0,R0
   \   00000014   C00F               LSRS     R0,R0,#+31
   \   00000016   0006               LSLS     R0,R0,#+24       ;; ZeroExtS R0,R0,#+24,#+24
   \   00000018   000E               LSRS     R0,R0,#+24
    351            {
    352             return SET;
    353            }
    354            else
    355            {
    356             return RESET;
   \   0000001A   7047               BX       LR               ;; return
    357            }
    358          }
    359          
    360          /*******************************************************************************
    361          * Function Name  : TB_ClearFlag
    362          * Description    : Clears the TB’s pending flags.
    363          * Input          : TB_FLAG: specifies the flag to clear.
    364          *                  This parameter can be any combination of the following values:
    365          *                         - TB_FLAG_IC: TB Input Capture flag
    366          *                         - TB_FLAG_Update: TB update flag
    367          * Output         : None
    368          * Return         : None
    369          *******************************************************************************/

   \                                 In section .text, align 4, keep-with-next
    370          void TB_ClearFlag(u16 TB_FLAG)
    371          {
    372            /* Clears the flags */
    373            TB->ISR &= ~TB_FLAG;
   \                     TB_ClearFlag:
   \   00000000   ....               LDR      R1,??DataTable49  ;; 0xffff8820
   \   00000002   0988               LDRH     R1,[R1, #+0]
   \   00000004   8143               BICS     R1,R1,R0
   \   00000006   ....               LDR      R2,??DataTable49  ;; 0xffff8820
   \   00000008   1180               STRH     R1,[R2, #+0]
    374          }
   \   0000000A   7047               BX       LR               ;; return
    375          
    376          /*******************************************************************************
    377          * Function Name  : TB_GetITStatus
    378          * Description    : Checks whether the specified TB interrupt has occurred or not.
    379          * Input          : TB_IT: specifies the interrupt to check.
    380          *                  This parameter can be one of the following values:
    381          *                       - TB_IT_Update: TB Update interrupt
    382          *                       - TB_IT_GlobalUpdate: TB Global Update interrupt
    383          *                       - TB_IT_IC: TB Input Capture interrupt
    384          * Output         : None
    385          * Return         : The new state of the TB_IT (SET or RESET).
    386          *******************************************************************************/

   \                                 In section .text, align 4, keep-with-next
    387          ITStatus TB_GetITStatus(u16 TB_IT)
    388          {
   \                     TB_GetITStatus:
   \   00000000   0100               MOVS     R1,R0
    389            u16 TB_IT_Check = 0;
   \   00000002   0020               MOVS     R0,#+0
   \   00000004   0200               MOVS     R2,R0
    390          
    391            /* Calculates the pending bits to be checked */
    392            TB_IT_Check = TB_IT & TB_IT_Clear_Mask;
   \   00000006   4804               LSLS     R0,R1,#+17       ;; ZeroExtS R0,R1,#+17,#+17
   \   00000008   400C               LSRS     R0,R0,#+17
   \   0000000A   0200               MOVS     R2,R0
    393            
    394            if((TB->ISR & TB_IT_Check) != RESET )
   \   0000000C   ....               LDR      R0,??DataTable49  ;; 0xffff8820
   \   0000000E   0388               LDRH     R3,[R0, #+0]
   \   00000010   1340               ANDS     R3,R3,R2
   \   00000012   1800               MOVS     R0,R3
   \   00000014   0004               LSLS     R0,R0,#+16       ;; ZeroExtS R0,R0,#+16,#+16
   \   00000016   000C               LSRS     R0,R0,#+16
   \   00000018   401E               SUBS     R0,R0,#+1
   \   0000001A   8041               SBCS     R0,R0,R0
   \   0000001C   C043               MVNS     R0,R0
   \   0000001E   C00F               LSRS     R0,R0,#+31
   \   00000020   0006               LSLS     R0,R0,#+24       ;; ZeroExtS R0,R0,#+24,#+24
   \   00000022   000E               LSRS     R0,R0,#+24
    395            {
    396             return SET;
    397            }
    398            else
    399            {
    400             return RESET;
   \   00000024   7047               BX       LR               ;; return
    401            }
    402          }
    403          
    404          /*******************************************************************************
    405          * Function Name  : TB_ClearITPendingBit
    406          * Description    : Clears the TB's interrupt pending bits.
    407          * Input          : TB_IT: specifies the interrupt pending bit to clear.
    408          *                  This parameter can be any combination of the following values:
    409          *                         - TB_IT_Update: TB Update interrupt
    410          *                         - TB_IT_GlobalUpdate: TB Global Update interrupt
    411          *                         - TB_IT_IC: TB Input Capture interrupt
    412          * Output         : None
    413          * Return         : None
    414          *******************************************************************************/

   \                                 In section .text, align 4, keep-with-next
    415          void TB_ClearITPendingBit(u16 TB_IT)
    416          {
    417            u16 TB_IT_Clear = 0;
   \                     TB_ClearITPendingBit:
   \   00000000   0022               MOVS     R2,#+0
   \   00000002   1100               MOVS     R1,R2
    418          
    419            /* Calculates the pending bits to be cleared */
    420            TB_IT_Clear = TB_IT & TB_IT_Clear_Mask;
   \   00000004   4204               LSLS     R2,R0,#+17       ;; ZeroExtS R2,R0,#+17,#+17
   \   00000006   520C               LSRS     R2,R2,#+17
   \   00000008   1100               MOVS     R1,R2
    421          
    422            /* Clears the pending bits */
    423            TB->ISR &= ~TB_IT_Clear;
   \   0000000A   ....               LDR      R2,??DataTable49  ;; 0xffff8820
   \   0000000C   1288               LDRH     R2,[R2, #+0]
   \   0000000E   8A43               BICS     R2,R2,R1
   \   00000010   ....               LDR      R3,??DataTable49  ;; 0xffff8820
   \   00000012   1A80               STRH     R2,[R3, #+0]
    424          }
   \   00000014   7047               BX       LR               ;; return

   \                                 In section .text, align 4, keep-with-next
   \                     ??DataTable25:
   \   00000000   2888FFFF           DC32     0xffff8828

   \                                 In section .text, align 4, keep-with-next
   \                     ??DataTable33:
   \   00000000   8FFF0000           DC32     0xff8f

   \                                 In section .text, align 4, keep-with-next
   \                     ??DataTable36:
   \   00000000   0088FFFF           DC32     0xffff8800

   \                                 In section .text, align 4, keep-with-next
   \                     ??DataTable38:
   \   00000000   03700000           DC32     0x7003

   \                                 In section .text, align 4, keep-with-next
   \                     ??DataTable41:
   \   00000000   0488FFFF           DC32     0xffff8804

   \                                 In section .text, align 4, keep-with-next
   \                     ??DataTable43:
   \   00000000   2488FFFF           DC32     0xffff8824

   \                                 In section .text, align 4, keep-with-next
   \                     ??DataTable49:
   \   00000000   2088FFFF           DC32     0xffff8820
    425          /******************* (C) COPYRIGHT 2006 STMicroelectronics *****END OF FILE****/

   Maximum stack usage in bytes:

     Function             .cstack
     --------             -------
     TB_ClearFlag              0
     TB_ClearITPendingBit      0
     TB_Cmd                    8
     TB_CounterModeConfig      0
     TB_DeInit                 8
     TB_DebugCmd               8
     TB_GetCounter             0
     TB_GetFlagStatus          0
     TB_GetICAP1               0
     TB_GetITStatus            0
     TB_ITConfig               8
     TB_Init                   8
     TB_ResetCounter           0
     TB_SLaveModeConfig        0
     TB_SetCounter             0
     TB_SetPrescaler           0
     TB_StructInit             0


   Section sizes:

     Function/Label       Bytes
     --------------       -----
     TB_DeInit              24
     TB_Init               176
     TB_StructInit          32
     TB_Cmd                 48
     TB_ITConfig           132
     TB_SetPrescaler         6
     TB_ResetCounter        14
     TB_DebugCmd            48
     TB_CounterModeConfig   24
     TB_SLaveModeConfig     30
     TB_GetCounter          10
     TB_GetICAP1            16
     TB_SetCounter           6
     TB_GetFlagStatus       28
     TB_ClearFlag           12
     TB_GetITStatus         38
     TB_ClearITPendingBit   22
     ??DataTable25           4
     ??DataTable33           4
     ??DataTable36           4
     ??DataTable38           4
     ??DataTable41           4
     ??DataTable43           4
     ??DataTable49           4

 
 694 bytes in section .text
 
 694 bytes of CODE memory

Errors: none
Warnings: none
