###############################################################################
#                                                                             #
# IAR ARM ELF Linker V5.12.0.50667/W32                  18/Apr/2008  14:00:45 #
# Copyright 2007 IAR Systems. All rights reserved.                            #
#                                                                             #
#    Output file  =  D:\development\gediminas\CAN4USB\project\RELEASE\Exe\Vir #
#                    tualCom.out                                              #
#    Map file     =  D:\development\gediminas\CAN4USB\project\RELEASE\List\Vi #
#                    rtualCom.map                                             #
#    Command line =  D:\development\gediminas\CAN4USB\project\RELEASE\Obj\75x #
#                    _can.o D:\development\gediminas\CAN4USB\project\RELEASE\ #
#                    Obj\75x_cfg.o D:\development\gediminas\CAN4USB\project\R #
#                    ELEASE\Obj\75x_eic.o D:\development\gediminas\CAN4USB\pr #
#                    oject\RELEASE\Obj\75x_gpio.o                             #
#                    D:\development\gediminas\CAN4USB\project\RELEASE\Obj\75x #
#                    _init.o D:\development\gediminas\CAN4USB\project\RELEASE #
#                    \Obj\75x_it.o D:\development\gediminas\CAN4USB\project\R #
#                    ELEASE\Obj\75x_lib.o D:\development\gediminas\CAN4USB\pr #
#                    oject\RELEASE\Obj\75x_mrcc.o                             #
#                    D:\development\gediminas\CAN4USB\project\RELEASE\Obj\75x #
#                    _tb.o D:\development\gediminas\CAN4USB\project\RELEASE\O #
#                    bj\75x_tim.o D:\development\gediminas\CAN4USB\project\RE #
#                    LEASE\Obj\75x_uart.o D:\development\gediminas\CAN4USB\pr #
#                    oject\RELEASE\Obj\75x_vect.o                             #
#                    D:\development\gediminas\CAN4USB\project\RELEASE\Obj\STR #
#                    75x_USB.o D:\development\gediminas\CAN4USB\project\RELEA #
#                    SE\Obj\cd_class.o D:\development\gediminas\CAN4USB\proje #
#                    ct\RELEASE\Obj\delay.o D:\development\gediminas\CAN4USB\ #
#                    project\RELEASE\Obj\main.o D:\development\gediminas\CAN4 #
#                    USB\project\RELEASE\Obj\sysTime75x.o                     #
#                    D:\development\gediminas\CAN4USB\project\RELEASE\Obj\usb #
#                    _dev_desc.o D:\development\gediminas\CAN4USB\project\REL #
#                    EASE\Obj\vscp_serial.o -o D:\development\gediminas\CAN4U #
#                    SB\project\RELEASE\Exe\VirtualCom.out --map              #
#                    D:\development\gediminas\CAN4USB\project\RELEASE\List\Vi #
#                    rtualCom.map --log initialization,modules,sections,venee #
#                    rs --log_file D:\development\gediminas\CAN4USB\project\R #
#                    ELEASE\List\VirtualCom.log --config                      #
#                    D:\development\gediminas\CAN4USB\project\config\STR75x_F #
#                    LASH.icf --semihosting --entry __iar_program_start       #
#                                                                             #
#                                                                             #
###############################################################################

*******************************************************************************
*** RUNTIME MODEL ATTRIBUTES
***

__endian      = little
__thumb_aware = enabled


*******************************************************************************
*** PLACEMENT SUMMARY
***

"A1":  place at mem:0x20000000 { ro section .intvec };
"P1":  place in [from mem:0x200006f4 to mem:0x2003ffff] { ro };
"P2":  place in [from mem:0x40000000 to mem:0x40003fff] {
          rw, block CSTACK, block SVC_STACK, block IRQ_STACK, block FIQ_STACK,
          block UND_STACK, block ABT_STACK, block HEAP };
"P3":  place in [from mem:0xffffa000 to mem:0xffffa3ff] {
          rw data section USB_PACKET_MEMORY };

  Section              Kind        Address    Size  Object
  -------              ----        -------    ----  ------
"A1":                                        0x6f0
  .intvec              ro code  0x20000000   0x6f0  75x_vect.o [1]
                              - 0x200006f0   0x6f0

"P1":                                       0x70cc
  .text                ro code  0x200006f4  0x3860  STR75x_USB.o [1]
  Veneer               ro code  0x20003f54    0x10  - Linker created -
  .text                ro code  0x20003f64   0xd94  main.o [1]
  .text                ro code  0x20004cf8   0x8a4  75x_mrcc.o [1]
  .text                ro code  0x2000559c   0x684  cd_class.o [1]
  .text                ro code  0x20005c20   0x608  75x_can.o [1]
  .text                ro code  0x20006228   0x508  75x_tim.o [1]
  .text                ro code  0x20006730   0x40c  vscp_serial.o [1]
  Veneer               ro code  0x20006b3c     0x4  - Linker created -
  .text                ro code  0x20006b40   0x1d4  I32DivMod.o [4]
  .text                ro code  0x20006d14   0x194  75x_gpio.o [1]
  .text                ro code  0x20006ea8   0x188  75x_tb.o [1]
  .text                ro code  0x20007030   0x104  75x_init.o [1]
  .text                ro code  0x20007134    0xd8  75x_it.o [1]
  .text                ro code  0x2000720c    0xd4  75x_eic.o [1]
  Veneer               ro code  0x200072e0     0x4  - Linker created -
  .text                ro code  0x200072e4    0xc4  memcpy.o [4]
  .text                ro code  0x200073a8    0x74  sysTime75x.o [1]
  .text                ro code  0x2000741c    0x64  75x_cfg.o [1]
  .rodata              const    0x20007480    0x44  usb_dev_desc.o [1]
  .text                ro code  0x200074c4    0x40  data_init.o [4]
  Veneer               ro code  0x20007504     0xc  - Linker created -
  Veneer               ro code  0x20007510     0xc  - Linker created -
  .text                ro code  0x2000751c    0x24  cmain.o [4]
  .iar.init_table      const    0x20007540    0x20  - Linker created -
  .text                ro code  0x20007560    0x1e  STR75x_USB.o [1]
  .text                ro code  0x20007580    0x1e  STR75x_USB.o [1]
  .text                ro code  0x200075a0    0x1c  STR75x_USB.o [1]
  .text                ro code  0x200075bc    0x1c  STR75x_USB.o [1]
  .text                ro code  0x200075d8    0x1c  STR75x_USB.o [1]
  .text                ro code  0x200075f4    0x1c  zero_init.o [4]
  .text                ro code  0x20007610    0x1c  copy_init.o [4]
  .text                ro code  0x2000762c    0x1a  STR75x_USB.o [1]
  .rodata              const    0x20007648    0x18  usb_dev_desc.o [1]
  .rodata              const    0x20007660    0x18  usb_dev_desc.o [1]
  .rodata              const    0x20007678    0x18  usb_dev_desc.o [1]
  .rodata              const    0x20007690    0x18  usb_dev_desc.o [1]
  .text                ro code  0x200076a8    0x18  exit.o [5]
  .text                ro code  0x200076c0    0x16  STR75x_USB.o [1]
  .text                ro code  0x200076d8    0x16  STR75x_USB.o [1]
  .rodata              const    0x200076f0    0x14  usb_dev_desc.o [1]
  .rodata              const    0x20007704    0x14  usb_dev_desc.o [1]
  .text                ro code  0x20007718    0x14  call_main.o [3]
  .rodata              const    0x2000772c    0x10  usb_dev_desc.o [1]
  .rodata              const    0x2000773c    0x10  usb_dev_desc.o [1]
  Veneer               ro code  0x2000774c     0x4  - Linker created -
  .text                ro code  0x20007750    0x10  main.o [1]
  Veneer               ro code  0x20007760     0x4  - Linker created -
  .text                ro code  0x20007764    0x10  cexit.o [4]
  .text                ro code  0x20007774     0xc  exit.o [3]
  .rodata              const    0x20007780     0x8  usb_dev_desc.o [1]
  .rodata              const    0x20007788     0x8  usb_dev_desc.o [1]
  .rodata              const    0x20007790     0x4  STR75x_USB.o [1]
  .text                ro code  0x20007794     0x4  low_level_init.o [3]
  .text                ro code  0x20007798     0x4  IntDivZer.o [4]
  .text                ro code  0x2000779c     0x4  xreturnswi.o [5]
  .text                ro code  0x200077a0     0x2  STR75x_USB.o [1]
  .text                ro code  0x200077a4     0x2  STR75x_USB.o [1]
  Initializer bytes    ro data  0x200077a8    0x18  <for P2-1> (used: 0x15)
                              - 0x200077c0  0x70cc

"P2", part 1 of 3:                          0x1000
  CSTACK                        0x40000000   0x800  <Block>
    CSTACK             uninit   0x40000000   0x800  <Block tail>
  IRQ_STACK                     0x40000800   0x400  <Block>
    IRQ_STACK          uninit   0x40000800   0x400  <Block tail>
  SVC_STACK                     0x40000c00   0x100  <Block>
    SVC_STACK          uninit   0x40000c00   0x100  <Block tail>
  FIQ_STACK                     0x40000d00   0x100  <Block>
    FIQ_STACK          uninit   0x40000d00   0x100  <Block tail>
  UND_STACK                     0x40000e00   0x100  <Block>
    UND_STACK          uninit   0x40000e00   0x100  <Block tail>
  ABT_STACK                     0x40000f00   0x100  <Block>
    ABT_STACK          uninit   0x40000f00   0x100  <Block tail>
                              - 0x40001000  0x1000

"P2", part 2 of 3:                           0x90c
  .bss                 zero     0x40001000   0x280  STR75x_USB.o [1]
  .bss                 zero     0x40001280   0x140  main.o [1]
  .bss                 zero     0x400013c0   0x140  main.o [1]
  .bss                 zero     0x40001500   0x124  main.o [1]
  .bss                 zero     0x40001624    0xc0  STR75x_USB.o [1]
  .bss                 zero     0x400016e4    0xb0  STR75x_USB.o [1]
  .bss                 zero     0x40001794    0x40  cd_class.o [1]
  .bss                 zero     0x400017d4    0x40  cd_class.o [1]
  .bss                 zero     0x40001814    0x30  vscp_serial.o [1]
  .bss                 zero     0x40001844    0x18  STR75x_USB.o [1]
  .bss                 zero     0x4000185c     0xc  STR75x_USB.o [1]
  .bss                 zero     0x40001868     0x8  STR75x_USB.o [1]
  .bss                 zero     0x40001870     0x8  STR75x_USB.o [1]
  .bss                 zero     0x40001878     0x8  cd_class.o [1]
  .bss                 zero     0x40001880     0x8  cd_class.o [1]
  .bss                 zero     0x40001888     0x4  STR75x_USB.o [1]
  .bss                 zero     0x4000188c     0x4  STR75x_USB.o [1]
  .bss                 zero     0x40001890     0x4  STR75x_USB.o [1]
  .bss                 zero     0x40001894     0x4  cd_class.o [1]
  .bss                 zero     0x40001898     0x4  cd_class.o [1]
  .bss                 zero     0x4000189c     0x4  cd_class.o [1]
  .bss                 zero     0x400018a0     0x4  cd_class.o [1]
  .bss                 zero     0x400018a4     0x4  cd_class.o [1]
  .bss                 zero     0x400018a8     0x4  cd_class.o [1]
  .bss                 zero     0x400018ac     0x4  cd_class.o [1]
  .bss                 zero     0x400018b0     0x4  cd_class.o [1]
  .bss                 zero     0x400018b4     0x4  cd_class.o [1]
  .bss                 zero     0x400018b8     0x4  main.o [1]
  .bss                 zero     0x400018bc     0x4  main.o [1]
  .bss                 zero     0x400018c0     0x4  main.o [1]
  .bss                 zero     0x400018c4     0x4  main.o [1]
  .bss                 zero     0x400018c8     0x4  main.o [1]
  .bss                 zero     0x400018cc     0x4  main.o [1]
  .bss                 zero     0x400018d0     0x4  main.o [1]
  .bss                 zero     0x400018d4     0x4  main.o [1]
  .bss                 zero     0x400018d8     0x4  main.o [1]
  .bss                 zero     0x400018dc     0x4  main.o [1]
  .bss                 zero     0x400018e0     0x4  main.o [1]
  .bss                 zero     0x400018e4     0x4  main.o [1]
  .bss                 zero     0x400018e8     0x4  main.o [1]
  .bss                 zero     0x400018ec     0x4  main.o [1]
  .bss                 zero     0x400018f0     0x4  sysTime75x.o [1]
  .bss                 zero     0x400018f4     0x2  main.o [1]
  .bss                 zero     0x400018f6     0x2  main.o [1]
  .bss                 zero     0x400018f8     0x2  main.o [1]
  .bss                 zero     0x400018fa     0x2  main.o [1]
  .bss                 zero     0x400018fc     0x2  main.o [1]
  .bss                 zero     0x400018fe     0x2  main.o [1]
  .bss                 zero     0x40001900     0x1  cd_class.o [1]
  .bss                 zero     0x40001901     0x1  cd_class.o [1]
  .bss                 zero     0x40001902     0x1  main.o [1]
  .bss                 zero     0x40001903     0x1  main.o [1]
  .bss                 zero     0x40001904     0x1  main.o [1]
  .bss                 zero     0x40001905     0x1  main.o [1]
  .bss                 zero     0x40001906     0x1  vscp_serial.o [1]
  .bss                 zero     0x40001907     0x1  vscp_serial.o [1]
  .bss                 zero     0x40001908     0x1  vscp_serial.o [1]
  .bss                 zero     0x40001909     0x1  vscp_serial.o [1]
                              - 0x4000190a   0x90a

"P2", part 3 of 3:                            0x18
  P2-1                          0x4000190c    0x18  <Init block>
    .data              inited   0x4000190c    0x14  75x_can.o [1]
    .data              inited   0x40001920     0x1  main.o [1]
                              - 0x40001924    0x18

"P3":                                        0x400
  USB_PACKET_MEMORY             0xffffa000   0x400  <Block>
    USB_PACKET_MEMORY  uninit   0xffffa000   0x400  STR75x_USB.o [1]
                              - 0xffffa400   0x400


*******************************************************************************
*** MODULE SUMMARY
***

    Module            ro code  ro data  rw data
    ------            -------  -------  -------
D:\development\gediminas\CAN4USB\project\RELEASE\Obj: [1]
    75x_can.o           1 544       20       20
    75x_cfg.o             100
    75x_eic.o             212
    75x_gpio.o            404
    75x_init.o            260
    75x_it.o              216
    75x_mrcc.o          2 212
    75x_tb.o              392
    75x_tim.o           1 288
    75x_vect.o          1 776
    STR75x_USB.o       14 650        4    2 096
    cd_class.o          1 668               182
    main.o              3 492        1    1 005
    sysTime75x.o          116                 4
    usb_dev_desc.o                 252
    vscp_serial.o       1 036                52
    -------------------------------------------
    Total:             29 366      277    3 359

command line: [2]
    -------------------------------------------
    Total:

dl4t_tl_in.a: [3]
    call_main.o            20
    exit.o                 12
    low_level_init.o        4
    -------------------------------------------
    Total:                 36

rt4t_al.a: [4]
    I32DivMod.o           468
    IntDivZer.o             4
    cexit.o                16
    cmain.o                36
    copy_init.o            28
    data_init.o            64
    memcpy.o              196
    zero_init.o            28
    -------------------------------------------
    Total:                840

shs_l.a: [5]
    exit.o                 24
    xreturnswi.o            4
    -------------------------------------------
    Total:                 28

    Gaps                    8        4        3
    Linker created         56       32    4 096
-----------------------------------------------
    Grand Total:       30 334      313    7 458


*******************************************************************************
*** ENTRY LIST
***

Entry                      Address   Size  Type      Object
-----                      -------   ----  ----      ------
?main                   0x2000751c         Code  Gb  cmain.o [4]
ABT_STACK$$Base         0x40000f00          --   Gb  - Linker created -
ABT_STACK$$Limit        0x40001000          --   Gb  - Linker created -
ADC_IRQHandler          0x200071d5    0x2  Code  Gb  75x_it.o [1]
Abort_Handler           0x20007145    0x2  Code  Gb  75x_it.o [1]
BreakCntr               0x400018a4    0x4  Data  Gb  cd_class.o [1]
CANAdapter_bOpen        0x400018e8    0x4  Data  Gb  main.o [1]
CANAdapter_stateChange  0x40001920    0x1  Data  Gb  main.o [1]
CAN_EnterInitMode       0x20006185   0x1c  Code  Gb  75x_can.o [1]
CAN_IRQHandler          0x200071b1    0xc  Code  Gb  75x_it.o [1]
CAN_ISR                 0x200045b9  0x184  Code  Gb  main.o [1]
CAN_Init                0x20005c21   0x26  Code  Gb  75x_can.o [1]
CAN_InvalidateAllMsgObj
                        0x20005f59   0x1e  Code  Gb  75x_can.o [1]
CAN_IsMessageWaiting    0x200061f1   0x38  Code  Gb  75x_can.o [1]
CAN_LeaveInitMode       0x200061a1   0x18  Code  Gb  75x_can.o [1]
CAN_LeaveTestMode       0x200061b9   0x38  Code  Gb  75x_can.o [1]
CAN_ReceiveMessage      0x20006081  0x104  Code  Gb  75x_can.o [1]
CAN_SendMessage         0x20005f79  0x108  Code  Gb  75x_can.o [1]
CAN_SetBitrate          0x20005c49   0x18  Code  Gb  75x_can.o [1]
CAN_SetRxMsgObj         0x20005e05  0x154  Code  Gb  75x_can.o [1]
CAN_SetTxMsgObj         0x20005d35   0xcc  Code  Gb  75x_can.o [1]
CAN_SetUnusedMsgObj     0x20005c91   0xa2  Code  Gb  75x_can.o [1]
CDC_BreakCallBack       0x20005c15    0xc  Code  Gb  cd_class.o [1]
CDC_Configure           0x40001901    0x1  Data  Gb  cd_class.o [1]
CDC_LineCoding          0x40001878    0x8  Data  Gb  cd_class.o [1]
CDC_LineState           0x40001898    0x4  Data  Gb  cd_class.o [1]
CDC_ReceiveBuffer       0x40001794   0x40  Data  Gb  cd_class.o [1]
CDC_ReceiveIndx         0x400018a8    0x4  Data  Gb  cd_class.o [1]
CDC_ReceiveIndxHold     0x400018ac    0x4  Data  Gb  cd_class.o [1]
CDC_TransmitBuffer      0x400017d4   0x40  Data  Gb  cd_class.o [1]
CDC_TransmitSize        0x400018b0    0x4  Data  Gb  cd_class.o [1]
CFG_FLASHBurstConfig    0x2000741d   0x30  Code  Gb  75x_cfg.o [1]
CFG_USBFilterConfig     0x2000744d   0x30  Code  Gb  75x_cfg.o [1]
CSTACK$$Base            0x40000000          --   Gb  - Linker created -
CSTACK$$Limit           0x40000800          --   Gb  - Linker created -
CanTimings              0x4000190c   0x14  Data  Gb  75x_can.o [1]
CdcReqPacket            0x40001880    0x8  Data  Gb  cd_class.o [1]
DMA_IRQHandler          0x200071d9    0x2  Code  Gb  75x_it.o [1]
DlyCnt                  0x4000188c    0x4  Data  Gb  STR75x_USB.o [1]
DlyCount                0x400018ec    0x4  Data  Gb  main.o [1]
EIC_DeInit              0x2000720d   0x2c  Code  Gb  75x_eic.o [1]
EIC_IRQCmd              0x200072ad   0x2a  Code  Gb  75x_eic.o [1]
EIC_IRQInit             0x20007239   0x70  Code  Gb  75x_eic.o [1]
EXTIT_IRQHandler        0x200071dd    0x2  Code  Gb  75x_it.o [1]
Encoder_ModeConfig      0x20006695   0x9c  Code  Lc  75x_tim.o [1]
EpCtrlClr_CTR_RX        0x2000161d   0x24  Code  Gb  STR75x_USB.o [1]
EpCtrlClr_CTR_TX        0x200014c5   0x24  Code  Gb  STR75x_USB.o [1]
EpCtrlDataBuf           0x40001870    0x8  Data  Gb  STR75x_USB.o [1]
EpCtrlGet_CTR_RX        0x20007581   0x1e  Code  Wk  STR75x_USB.o [1]
EpCtrlGet_CTR_TX        0x200075bd   0x1c  Code  Wk  STR75x_USB.o [1]
EpCtrlGet_DTOG_RX       0x20007561   0x1e  Code  Wk  STR75x_USB.o [1]
EpCtrlGet_DTOG_TX       0x200075a1   0x1c  Code  Wk  STR75x_USB.o [1]
EpCtrlGet_SETUP         0x200075d9   0x1c  Code  Wk  STR75x_USB.o [1]
EpCtrlGet_STAT_RX       0x200076d9   0x16  Code  Wk  STR75x_USB.o [1]
EpCtrlGet_STAT_TX       0x200076c1   0x16  Code  Wk  STR75x_USB.o [1]
EpCtrlSet_DTOG_RX       0x200015bd   0x34  Code  Gb  STR75x_USB.o [1]
EpCtrlSet_DTOG_TX       0x20001465   0x34  Code  Gb  STR75x_USB.o [1]
EpCtrlSet_EA            0x200013cd   0x28  Code  Gb  STR75x_USB.o [1]
EpCtrlSet_EP_KIND       0x200014e9   0x34  Code  Gb  STR75x_USB.o [1]
EpCtrlSet_EP_TYPE       0x2000151d   0x30  Code  Gb  STR75x_USB.o [1]
EpCtrlSet_STAT_RX       0x2000154d   0x70  Code  Gb  STR75x_USB.o [1]
EpCtrlSet_STAT_TX       0x200013f5   0x70  Code  Gb  STR75x_USB.o [1]
EpCtrlToggle_DTOG_RX    0x200015f1   0x2c  Code  Gb  STR75x_USB.o [1]
EpCtrlToggle_DTOG_TX    0x20001499   0x2c  Code  Gb  STR75x_USB.o [1]
EpInfo                  0x40001000  0x280  Data  Gb  STR75x_USB.o [1]
FIQ_Handler             0x20007139    0x2  Code  Gb  75x_it.o [1]
FIQ_STACK$$Base         0x40000d00          --   Gb  - Linker created -
FIQ_STACK$$Limit        0x40000e00          --   Gb  - Linker created -
FLASHSMI_IRQHandler     0x200071e5    0x2  Code  Gb  75x_it.o [1]
GPIO_Init               0x20006d15  0x168  Code  Gb  75x_gpio.o [1]
GPIO_StructInit         0x20006e7d    0xc  Code  Gb  75x_gpio.o [1]
GPIO_WriteBit           0x20006e89   0x1e  Code  Gb  75x_gpio.o [1]
GetFreeIF               0x20005c69   0x22  Code  Lc  75x_can.o [1]
I2C_IRQHandler          0x20007199    0x2  Code  Gb  75x_it.o [1]
ICAP_ModuleConfig       0x20006581  0x114  Code  Lc  75x_tim.o [1]
IO_Init                 0x20004039   0xa0  Code  Gb  main.o [1]
IRQ_STACK$$Base         0x40000800          --   Gb  - Linker created -
IRQ_STACK$$Limit        0x40000c00          --   Gb  - Linker created -
InitClock               0x20003f65   0x32  Code  Gb  main.o [1]
InitDlyTimer            0x20003fbd   0x74  Code  Gb  main.o [1]
LineCodingDelta         0x40001894    0x4  Data  Gb  cd_class.o [1]
LineStateDelta          0x400018a0    0x4  Data  Gb  cd_class.o [1]
MRCC_CKSYSConfig        0x20004dd1   0x8e  Code  Gb  75x_mrcc.o [1]
MRCC_CKTIMConfig        0x20004e7d   0x16  Code  Gb  75x_mrcc.o [1]
MRCC_CKUSBConfig        0x20004ec1   0x68  Code  Gb  75x_mrcc.o [1]
MRCC_ClearFlag          0x200051dd   0x70  Code  Gb  75x_mrcc.o [1]
MRCC_DeInit             0x20004cf9   0xc8  Code  Gb  75x_mrcc.o [1]
MRCC_GetClocksStatus    0x20004f85  0x1b4  Code  Gb  75x_mrcc.o [1]
MRCC_GetFlagStatus      0x2000516d   0x70  Code  Gb  75x_mrcc.o [1]
MRCC_HCLKConfig         0x20004e65   0x16  Code  Gb  75x_mrcc.o [1]
MRCC_IOVoltageRangeConfig
                        0x20005139   0x34  Code  Gb  75x_mrcc.o [1]
MRCC_IRQHandler         0x200071e1    0x2  Code  Gb  75x_it.o [1]
MRCC_PCLKConfig         0x20004e95   0x26  Code  Gb  75x_mrcc.o [1]
MRCC_PeripheralClockConfig
                        0x20004f2d   0x2c  Code  Gb  75x_mrcc.o [1]
MRCC_PeripheralSWResetConfig
                        0x20004f59   0x2c  Code  Gb  75x_mrcc.o [1]
MRCC_WaitForOSC4MStartUp
                        0x2000524d   0x3e  Code  Gb  75x_mrcc.o [1]
ManufacturerStrLan1     0x20007648   0x18  Data  Gb  usb_dev_desc.o [1]
ManufacturerStrLan2     0x20007660   0x18  Data  Gb  usb_dev_desc.o [1]
OCM_ModuleConfig        0x20006449  0x138  Code  Lc  75x_tim.o [1]
PWM_EM_IRQHandler       0x20007191    0x2  Code  Gb  75x_it.o [1]
PWM_OC123_IRQHandler    0x2000718d    0x2  Code  Gb  75x_it.o [1]
PWM_UP_IRQHandler       0x20007195    0x2  Code  Gb  75x_it.o [1]
PacketMemBuff           0x40001624   0xc0  Data  Gb  STR75x_USB.o [1]
Prefetch_Handler        0x20007141    0x2  Code  Gb  75x_it.o [1]
ProductStrLan1          0x20007678   0x18  Data  Gb  usb_dev_desc.o [1]
ProductStrLan2          0x20007690   0x18  Data  Gb  usb_dev_desc.o [1]
RTC_IRQHandler          0x200071e9    0x2  Code  Gb  75x_it.o [1]
Region$$Table$$Base     0x20007540         Data  Gb  - Linker created -
Region$$Table$$Limit    0x20007560         Data  Gb  - Linker created -
SSP0_IRQHandler         0x200071a1    0x2  Code  Gb  75x_it.o [1]
SSP1_IRQHandler         0x2000719d    0x2  Code  Gb  75x_it.o [1]
SVC_STACK$$Base         0x40000c00          --   Gb  - Linker created -
SVC_STACK$$Limit        0x40000d00          --   Gb  - Linker created -
SWI_Handler             0x2000713d    0x2  Code  Gb  75x_it.o [1]
SerialNumberStrLan1     0x20007704   0x14  Data  Gb  usb_dev_desc.o [1]
SerialStateDelta        0x4000189c    0x4  Data  Gb  cd_class.o [1]
SetCKSYS_FREEOSC        0x2000528d   0x7c  Code  Lc  75x_mrcc.o [1]
SetCKSYS_OSC4M          0x20005309   0x84  Code  Lc  75x_mrcc.o [1]
SetCKSYS_OSC4MPLL       0x2000538d  0x148  Code  Lc  75x_mrcc.o [1]
SetCKSYS_RTC            0x200054d5   0x88  Code  Lc  75x_mrcc.o [1]
TB_ClearFlag            0x20007021    0xc  Code  Gb  75x_tb.o [1]
TB_Cmd                  0x20006f59   0x30  Code  Gb  75x_tb.o [1]
TB_IRQHandler           0x200071ed   0x20  Code  Gb  75x_it.o [1]
TB_ITConfig             0x20006f89   0x84  Code  Gb  75x_tb.o [1]
TB_Init                 0x20006ea9   0xb0  Code  Gb  75x_tb.o [1]
TIM0_IC12_IRQHandler    0x2000717d    0x2  Code  Gb  75x_it.o [1]
TIM0_OC1_IRQHandler     0x20007179    0x2  Code  Gb  75x_it.o [1]
TIM0_OC2_IRQHandler     0x20007175    0x2  Code  Gb  75x_it.o [1]
TIM0_UP_IRQHandler      0x20007181    0xc  Code  Gb  75x_it.o [1]
TIM1_IC12_IRQHandler    0x20007165    0x2  Code  Gb  75x_it.o [1]
TIM1_OC1_IRQHandler     0x20007161    0x2  Code  Gb  75x_it.o [1]
TIM1_OC2_IRQHandler     0x2000715d    0x2  Code  Gb  75x_it.o [1]
TIM1_UP_IRQHandler      0x20007169    0xc  Code  Gb  75x_it.o [1]
TIM2_IC12_IRQHandler    0x20007155    0x2  Code  Gb  75x_it.o [1]
TIM2_OC1_IRQHandler     0x20007151    0x2  Code  Gb  75x_it.o [1]
TIM2_OC2_IRQHandler     0x2000714d    0x2  Code  Gb  75x_it.o [1]
TIM2_UP_IRQHandler      0x20007159    0x2  Code  Gb  75x_it.o [1]
TIM_ClearFlag           0x2000642d    0x8  Code  Gb  75x_tim.o [1]
TIM_ClearITPendingBit   0x20006435   0x12  Code  Gb  75x_tim.o [1]
TIM_ClockSourceConfig   0x20006355   0xcc  Code  Gb  75x_tim.o [1]
TIM_Cmd                 0x200062c9   0x28  Code  Gb  75x_tim.o [1]
TIM_ITConfig            0x200062f1   0x60  Code  Gb  75x_tim.o [1]
TIM_Init                0x20006229   0x9c  Code  Gb  75x_tim.o [1]
TIM_ResetCounter        0x20006421    0xa  Code  Gb  75x_tim.o [1]
Tim0Handler             0x20003f99   0x22  Code  Gb  main.o [1]
Tim1Handler             0x2000559d   0x32  Code  Gb  cd_class.o [1]
UART0_IRQHandler        0x200071ad    0x2  Code  Gb  75x_it.o [1]
UART1_IRQHandler        0x200071a9    0x2  Code  Gb  75x_it.o [1]
UART2_IRQHandler        0x200071a5    0x2  Code  Gb  75x_it.o [1]
UND_STACK$$Base         0x40000e00          --   Gb  - Linker created -
UND_STACK$$Limit        0x40000f00          --   Gb  - Linker created -
USB_AllocateBuffer      0x20001831   0xc8  Code  Lc  STR75x_USB.o [1]
USB_BTABLE              0xffffa850    0x2  Data  Wk  STR75x_USB.o [1]
USB_CDC_OutEpBufferNotEmpty
                        0x40001900    0x1  Data  Gb  cd_class.o [1]
USB_Configure           0x20001f29    0x2  Code  Lc  STR75x_USB.o [1]
USB_ConnectRes          0x20001f25    0x2  Code  Gb  STR75x_USB.o [1]
USB_EpLogToPhysAdd      0x2000380d   0x1c  Code  Gb  STR75x_USB.o [1]
USB_EpRead              0x20002de1  0xa2c  Code  Gb  STR75x_USB.o [1]
USB_EpValidate          0x200021e9   0xa8  Code  Gb  STR75x_USB.o [1]
USB_EpWrite             0x20002291  0xb50  Code  Gb  STR75x_USB.o [1]
USB_GetStallEP          0x20002185   0x64  Code  Lc  STR75x_USB.o [1]
USB_HIGH_ISR            0x20003829  0x168  Code  Gb  STR75x_USB.o [1]
USB_HP_IRQHandler       0x200071c9    0xc  Code  Gb  75x_it.o [1]
USB_HwReset             0x200016f5  0x100  Code  Gb  STR75x_USB.o [1]
USB_ISR                 0x20003991  0x180  Code  Gb  STR75x_USB.o [1]
USB_Init                0x20001641   0xb4  Code  Gb  STR75x_USB.o [1]
USB_LP_IRQHandler       0x200071bd    0xc  Code  Gb  75x_it.o [1]
USB_PACKET_MEMORY$$Base
                        0xffffa000          --   Gb  - Linker created -
USB_PACKET_MEMORY$$Limit
                        0xffffa400          --   Gb  - Linker created -
USB_PacketMemory        0xffffa000  0x400  Data  Gb  STR75x_USB.o [1]
USB_RealizeEp           0x20001935  0x5e0  Code  Gb  STR75x_USB.o [1]
USB_ReleaseBuffer       0x200018f9   0x3c  Code  Lc  STR75x_USB.o [1]
USB_Resume              0x20001f59  0x108  Code  Lc  STR75x_USB.o [1]
USB_SetAdd              0x20001f15   0x10  Code  Gb  STR75x_USB.o [1]
USB_SetStallEP          0x20002061  0x124  Code  Gb  STR75x_USB.o [1]
USB_Suspend             0x20001f2d   0x2c  Code  Lc  STR75x_USB.o [1]
USB_UserFuncRegistering
                        0x200006f5   0x22  Code  Gb  STR75x_USB.o [1]
Undefined_Handler       0x20007135    0x2  Code  Gb  75x_it.o [1]
UsbCdcConfigure         0x200056e5   0xc8  Code  Gb  cd_class.o [1]
UsbCdcData              0x200059f1   0x34  Code  Gb  cd_class.o [1]
UsbCdcInHadler          0x200057c5   0x32  Code  Gb  cd_class.o [1]
UsbCdcInit              0x200055d1  0x100  Code  Gb  cd_class.o [1]
UsbCdcIsCdcConfigure    0x20005c09    0xc  Code  Gb  cd_class.o [1]
UsbCdcIsSendProgess     0x20005be9   0x20  Code  Gb  cd_class.o [1]
UsbCdcOutHadler         0x20005805   0x64  Code  Gb  cd_class.o [1]
UsbCdcRead              0x20005a25  0x120  Code  Gb  cd_class.o [1]
UsbCdcReportHadler      0x200057b9    0x8  Code  Gb  cd_class.o [1]
UsbCdcRequest           0x20005875  0x17c  Code  Gb  cd_class.o [1]
UsbCdcWrite             0x20005b45   0xa4  Code  Gb  cd_class.o [1]
UsbCdcWriteTimeout      0x20004c85   0x34  Code  Gb  main.o [1]
UsbClearDevFeature      0x20000af9   0x30  Code  Lc  STR75x_USB.o [1]
UsbClearEpFeature       0x20000b31   0x58  Code  Lc  STR75x_USB.o [1]
UsbClearFeature         0x20000b89   0xf4  Code  Lc  STR75x_USB.o [1]
UsbClearInterfaceFeature
                        0x20000b29    0x6  Code  Lc  STR75x_USB.o [1]
UsbCoreReq              0x2000071d   0x88  Code  Gb  STR75x_USB.o [1]
UsbCoreT9Fun            0x40001890    0x4  Data  Gb  STR75x_USB.o [1]
UsbCtrlEp               0x20003b11  0x444  Code  Lc  STR75x_USB.o [1]
UsbDevConnectCallback   0x20001331   0x3c  Code  Lc  STR75x_USB.o [1]
UsbDevCtrl              0x40001844   0x18  Data  Gb  STR75x_USB.o [1]
UsbDevResetCallback     0x200013a9   0x24  Code  Lc  STR75x_USB.o [1]
UsbDevStatus            0x20000989   0x2e  Code  Lc  STR75x_USB.o [1]
UsbDevSuspendCallback   0x2000136d   0x3c  Code  Lc  STR75x_USB.o [1]
UsbEp0Ctrl              0x4000185c    0xc  Data  Gb  STR75x_USB.o [1]
UsbEp0SetupPacket       0x40001868    0x8  Data  Gb  STR75x_USB.o [1]
UsbEpStatus             0x200009e1   0x4c  Code  Lc  STR75x_USB.o [1]
UsbFindConfiguration    0x200008b1   0x2c  Code  Lc  STR75x_USB.o [1]
UsbFindInterface        0x20000871   0x3e  Code  Lc  STR75x_USB.o [1]
UsbFree                 0x20001829    0x6  Code  Lc  STR75x_USB.o [1]
UsbGetConfiguration     0x20001131   0x70  Code  Lc  STR75x_USB.o [1]
UsbGetDescriptor        0x20001065   0xa0  Code  Lc  STR75x_USB.o [1]
UsbGetDescriptorConfiguration
                        0x20000ec9   0x94  Code  Lc  STR75x_USB.o [1]
UsbGetDescriptorDevice  0x20000e65   0x64  Code  Lc  STR75x_USB.o [1]
UsbGetDescriptorString  0x20000f5d  0x108  Code  Lc  STR75x_USB.o [1]
UsbGetInterface         0x200011fd   0x80  Code  Lc  STR75x_USB.o [1]
UsbGetStatus            0x20000a2d   0xcc  Code  Lc  STR75x_USB.o [1]
UsbInterfaceStatus      0x200009bd   0x1a  Code  Lc  STR75x_USB.o [1]
UsbLanguages1Strings    0x2000772c   0x10  Data  Gb  usb_dev_desc.o [1]
UsbLanguages2Strings    0x2000773c   0x10  Data  Gb  usb_dev_desc.o [1]
UsbLanguagesStr         0x20007780    0x8  Data  Gb  usb_dev_desc.o [1]
UsbMalloc               0x200017f5   0x34  Code  Lc  STR75x_USB.o [1]
UsbSetAddress           0x20000e01   0x64  Code  Lc  STR75x_USB.o [1]
UsbSetConfiguration     0x200011a1   0x5c  Code  Lc  STR75x_USB.o [1]
UsbSetConfigurtonState  0x200008e1   0x9e  Code  Lc  STR75x_USB.o [1]
UsbSetDescriptor        0x20001105   0x2c  Code  Lc  STR75x_USB.o [1]
UsbSetDevFeature        0x20000c7d   0x30  Code  Lc  STR75x_USB.o [1]
UsbSetDevState          0x200007a5   0x9c  Code  Lc  STR75x_USB.o [1]
UsbSetDevSuspend        0x20000851   0x20  Code  Lc  STR75x_USB.o [1]
UsbSetEpFeature         0x20000cb5   0x58  Code  Lc  STR75x_USB.o [1]
UsbSetFeature           0x20000d0d   0xf4  Code  Lc  STR75x_USB.o [1]
UsbSetInterface         0x2000127d   0xa8  Code  Lc  STR75x_USB.o [1]
UsbSetInterfaceFeature  0x20000cad    0x6  Code  Lc  STR75x_USB.o [1]
UsbStandardConfigurationDescriptor
                        0x20007480   0x44  Data  Gb  usb_dev_desc.o [1]
UsbStandardDeviceDescriptorStr
                        0x200076f0   0x14  Data  Gb  usb_dev_desc.o [1]
UsbString               0x20007788    0x8  Data  Gb  usb_dev_desc.o [1]
UsbSynchFrame           0x20001325    0xc  Code  Lc  STR75x_USB.o [1]
UsbUserFun              0x400016e4   0xb0  Data  Gb  STR75x_USB.o [1]
WAKUP_Addr              0x20000040         Code  Gb  75x_vect.o [1]
WAKUP_IRQHandler        0x20007149    0x2  Code  Gb  75x_it.o [1]
WriteCKOSCSELBit        0x2000555d   0x40  Code  Lc  75x_mrcc.o [1]
_A_USB_CNTR             0xffffa840    0x4  Data  Wk  STR75x_USB.o [1]
_A_USB_DADDR            0xffffa84c    0x4  Data  Wk  STR75x_USB.o [1]
_A_USB_EP0R             0xffffa800    0x4  Data  Wk  STR75x_USB.o [1]
_A_USB_FNR              0xffffa848    0x4  Data  Wk  STR75x_USB.o [1]
_A_USB_ISTR             0xffffa844    0x4  Data  Wk  STR75x_USB.o [1]
__aeabi_idiv            0x20006b40         Code  Gb  I32DivMod.o [4]
__aeabi_idiv0           0x20007798         Code  Gb  IntDivZer.o [4]
__aeabi_idivmod         0x20006b40         Code  Gb  I32DivMod.o [4]
__aeabi_memcpy          0x200072e4         Code  Gb  memcpy.o [4]
__aeabi_memcpy4         0x200072e4         Code  Gb  memcpy.o [4]
__aeabi_memcpy8         0x200072e4         Code  Gb  memcpy.o [4]
__aeabi_uidiv           0x20006b50         Code  Gb  I32DivMod.o [4]
__aeabi_uidivmod        0x20006b50         Code  Gb  I32DivMod.o [4]
__exit                  0x200076a8   0x18  Code  Gb  exit.o [5]
__iar_call_main         0x20007719   0x14  Code  Gb  call_main.o [3]
__iar_copy_init         0x20007610   0x1c  Code  Gb  copy_init.o [4]
__iar_data_init         0x200074c4   0x40  Code  Gb  data_init.o [4]
__iar_enable_interrupt  0x20007750         Code  Wk  main.o [1]
__iar_program_start     0x20007030         Code  Gb  75x_init.o [1]
__iar_return_from_swi   0x2000779c    0x4  Code  Gb  xreturnswi.o [5]
__iar_via_R1            0x200077a1         Code  Wk  STR75x_USB.o [1]
__iar_via_R6            0x200077a5         Code  Wk  STR75x_USB.o [1]
__iar_zero_init         0x200075f4   0x1c  Code  Gb  zero_init.o [4]
__low_level_init        0x20007795    0x4  Code  Gb  low_level_init.o [3]
_exit                   0x20007764         Code  Gb  cexit.o [4]
bBusOff                 0x400018d8    0x4  Data  Gb  main.o [1]
bBusWarn                0x400018dc    0x4  Data  Gb  main.o [1]
bErrorPassive           0x400018e0    0x4  Data  Gb  main.o [1]
blink                   0x2000415d  0x25c  Code  Gb  main.o [1]
blink_state             0x40001903    0x1  Data  Gb  main.o [1]
blink_state_time        0x400018e4    0x4  Data  Gb  main.o [1]
blink_type              0x40001904    0x1  Data  Gb  main.o [1]
canstatus               0x40001905    0x1  Data  Gb  main.o [1]
cntBusOff               0x400018cc    0x4  Data  Gb  main.o [1]
cntBusWarnings          0x400018c8    0x4  Data  Gb  main.o [1]
cntInFrames             0x400018fa    0x2  Data  Gb  main.o [1]
cntOutFrames            0x400018f4    0x2  Data  Gb  main.o [1]
cntReceiveOverruns      0x400018d0    0x4  Data  Gb  main.o [1]
cntReceivedData         0x400018c4    0x4  Data  Gb  main.o [1]
cntReceivedFrames       0x400018bc    0x4  Data  Gb  main.o [1]
cntSentData             0x400018c0    0x4  Data  Gb  main.o [1]
cntSentFrames           0x400018b8    0x4  Data  Gb  main.o [1]
cntTransmitOverruns     0x400018d4    0x4  Data  Gb  main.o [1]
exit                    0x20007775    0xc  Code  Gb  exit.o [3]
getElapsedSysTICs       0x2000740d   0x10  Code  Gb  sysTime75x.o [1]
getSysTICs              0x20007401    0x6  Code  Gb  sysTime75x.o [1]
initTimebase            0x200073a9   0x56  Code  Gb  sysTime75x.o [1]
init_CAN                0x200043b9   0xe4  Code  Gb  main.o [1]
inputFrames             0x400013c0  0x140  Data  Gb  main.o [1]
lastAck                 0x40001902    0x1  Data  Gb  main.o [1]
ledOff                  0x20004109   0x2e  Code  Gb  main.o [1]
ledOn                   0x200040d9   0x2e  Code  Gb  main.o [1]
main                    0x2000473d  0x548  Code  Gb  main.o [1]
memcpy                  0x2000762d   0x1a  Code  Wk  STR75x_USB.o [1]
outputFrames            0x40001280  0x140  Data  Gb  main.o [1]
pCDC_TransmitUserBuffer
                        0x400018b4    0x4  Data  Gb  cd_class.o [1]
pPacketMemUse           0x40001888    0x4  Data  Gb  STR75x_USB.o [1]
posInFetch              0x400018fc    0x2  Data  Gb  main.o [1]
posInPut                0x400018fe    0x2  Data  Gb  main.o [1]
posOutFetch             0x400018f6    0x2  Data  Gb  main.o [1]
posOutPut               0x400018f8    0x2  Data  Gb  main.o [1]
sendMessage             0x2000449d  0x11c  Code  Gb  main.o [1]
setBlinkType            0x2000413d   0x12  Code  Gb  main.o [1]
swReceive               0x40001500  0x124  Data  Gb  main.o [1]
sysTICs                 0x400018f0    0x4  Data  Gb  sysTime75x.o [1]
vs_bufferSerialByte     0x20006731   0x22  Code  Gb  vscp_serial.o [1]
vs_bufferSerialByteSubst
                        0x20006755   0x3c  Code  Gb  vscp_serial.o [1]
vs_buffer_cnt           0x40001908    0x1  Data  Gb  vscp_serial.o [1]
vs_checksum             0x40001909    0x1  Data  Gb  vscp_serial.o [1]
vs_feed                 0x200067ad  0x14a  Code  Gb  vscp_serial.o [1]
vs_getFrame             0x20006909   0x5c  Code  Gb  vscp_serial.o [1]
vs_init                 0x20006791   0x1a  Code  Gb  vscp_serial.o [1]
vs_main_state           0x40001906    0x1  Data  Gb  vscp_serial.o [1]
vs_msgbuffer            0x40001814   0x30  Data  Gb  vscp_serial.o [1]
vs_sendAck              0x20006a45   0x1e  Code  Gb  vscp_serial.o [1]
vs_sendBuffer           0x20004cb9   0x24  Code  Gb  main.o [1]
vs_sendFrame            0x20006a85   0xb8  Code  Gb  vscp_serial.o [1]
vs_sendNack             0x20006a65   0x1e  Code  Gb  vscp_serial.o [1]
vs_sendResponse         0x20006969   0xdc  Code  Gb  vscp_serial.o [1]
vs_sendSerialByte       0x20004cdd   0x1c  Code  Gb  main.o [1]
vs_sub_state            0x40001907    0x1  Data  Gb  vscp_serial.o [1]


[1] = D:\development\gediminas\CAN4USB\project\RELEASE\Obj
[2] = command line
[3] = dl4t_tl_in.a
[4] = rt4t_al.a
[5] = shs_l.a

  30 334 bytes of readonly  code memory
     313 bytes of readonly  data memory
   7 458 bytes of readwrite data memory

Errors: none
Warnings: none
