MPLINK 4.34, Linker
Linker Map File - Created Mon Sep 06 20:07:34 2010

                                 Section Info
                  Section       Type    Address   Location Size(Bytes)
                ---------  ---------  ---------  ---------  ---------
               _entry_scn       code   0x000000    program   0x000006
               low_vector       code   0x000018    program   0x000006
                   .cinit    romdata   0x00002a    program   0x000002
             .code_main.o       code   0x00002c    program   0x002a34
    .code_vscp_firmware.o       code   0x002a60    program   0x000d18
           .code_can18f.o       code   0x003778    program   0x000910
               _cinit_scn       code   0x004088    program   0x00009e
           .code_eeprom.o       code   0x004126    program   0x000088
           .code_t1open.o       code   0x0041ae    program   0x000042
           .code_t0open.o       code   0x0041f0    program   0x000038
           .code_t2open.o       code   0x004228    program   0x000036
          .romdata_main.o    romdata   0x00425e    program   0x000020
                    .code       code   0x00427e    program   0x000020
             _startup_scn       code   0x00429e    program   0x00001c
         .code_fxd0808u.o       code   0x0042ba    program   0x00001c
           .code___init.o       code   0x0042d6    program   0x000002
        .idata___init.o_i    romdata   0x0042d8    program   0x000000
        .romdata_t2open.o    romdata   0x0042d8    program   0x000000
        .idata_t2open.o_i    romdata   0x0042d8    program   0x000000
        .romdata___init.o    romdata   0x0042d8    program   0x000000
        .romdata_t1open.o    romdata   0x0042d8    program   0x000000
        .idata_t1open.o_i    romdata   0x0042d8    program   0x000000
        .romdata_t0open.o    romdata   0x0042d8    program   0x000000
        .idata_t0open.o_i    romdata   0x0042d8    program   0x000000
      .romdata_fxd0808u.o    romdata   0x0042d8    program   0x000000
         .idata_c018i.o_i    romdata   0x0042d8    program   0x000000
      .idata_fxd0808u.o_i    romdata   0x0042d8    program   0x000000
         .romdata_c018i.o    romdata   0x0042d8    program   0x000000
 .romdata_vscp_firmware.o    romdata   0x0042d8    program   0x000000
 .idata_vscp_firmware.o_i    romdata   0x0042d8    program   0x000000
            .code_c018i.o       code   0x0042d8    program   0x000000
        .romdata_can18f.o    romdata   0x0042d8    program   0x000000
        .idata_can18f.o_i    romdata   0x0042d8    program   0x000000
        .romdata_eeprom.o    romdata   0x0042d8    program   0x000000
        .idata_eeprom.o_i    romdata   0x0042d8    program   0x000000
             .stringtable    romdata   0x0042d8    program   0x000000
          .idata_main.o_i    romdata   0x0042d8    program   0x000000
    .config_300001_main.o    romdata   0x300001    program   0x000001
    .config_300002_main.o    romdata   0x300002    program   0x000001
    .config_300003_main.o    romdata   0x300003    program   0x000001
    .config_300006_main.o    romdata   0x300006    program   0x000001
    .config_300009_main.o    romdata   0x300009    program   0x000001
                MATH_DATA      udata   0x000000       data   0x000010
                 .tmpdata      udata   0x000010       data   0x000010
   .udata_vscp_firmware.o      udata   0x000060       data   0x00002d
            .udata_main.o      udata   0x00008d       data   0x000028
           .udata_c018i.o      udata   0x0000b5       data   0x00000a
        .udata_fxd0808u.o      udata   0x0000bf       data   0x000000
        .idata_fxd0808u.o      idata   0x0000bf       data   0x000000
          .udata_t0open.o      udata   0x0000bf       data   0x000000
          .idata_t0open.o      idata   0x0000bf       data   0x000000
          .udata_t1open.o      udata   0x0000bf       data   0x000000
          .idata_t1open.o      idata   0x0000bf       data   0x000000
          .udata_t2open.o      udata   0x0000bf       data   0x000000
          .idata_t2open.o      idata   0x0000bf       data   0x000000
          .udata___init.o      udata   0x0000bf       data   0x000000
          .idata___init.o      idata   0x0000bf       data   0x000000
   .idata_vscp_firmware.o      idata   0x0000bf       data   0x000000
          .idata_can18f.o      idata   0x0000bf       data   0x000000
          .udata_can18f.o      udata   0x0000bf       data   0x000000
          .idata_eeprom.o      idata   0x0000bf       data   0x000000
          .udata_eeprom.o      udata   0x0000bf       data   0x000000
            .idata_main.o      idata   0x0000bf       data   0x000000
           .idata_c018i.o      idata   0x0000bf       data   0x000000
                   .stack      udata   0x000500       data   0x000100
              SFR_BANKED0      udata   0x000d60       data   0x00000c
              SFR_BANKED1      udata   0x000d70       data   0x00000c
              SFR_BANKED2      udata   0x000d80       data   0x00000c
              SFR_BANKED3      udata   0x000d90       data   0x000004
              SFR_BANKED4      udata   0x000dd4       data   0x000002
              SFR_BANKED5      udata   0x000dd8       data   0x000001
              SFR_BANKED6      udata   0x000de0       data   0x000008
              SFR_BANKED7      udata   0x000df0       data   0x000004
              SFR_BANKED8      udata   0x000df8       data   0x000001
              SFR_BANKED9      udata   0x000dfa       data   0x000001
             SFR_BANKED10      udata   0x000dfc       data   0x000001
             SFR_BANKED11      udata   0x000e20       data   0x000060
             SFR_BANKED12      udata   0x000f00       data   0x000060
            SFR_UNBANKED0      udata   0x000f60       data   0x000018
            SFR_UNBANKED1      udata   0x000f80       data   0x000080



                              Program Memory Usage 
                               Start         End      
                           ---------   ---------      
                            0x000000    0x000005      
                            0x000018    0x00001d      
                            0x00002a    0x0042d7      
                            0x300001    0x300003      
                            0x300006    0x300006      
                            0x300009    0x300009      
            17087 out of 33048 program addresses used, program memory utilization is 51%



                              Symbols - Sorted by Name
                     Name    Address   Location    Storage File                     
                ---------  ---------  ---------  --------- ---------                
                 FXD0808U   0x0042ba    program     extern C:\MCC18\src\traditional\math\fxd0808u.c
               OpenTimer0   0x0041f0    program     extern C:\MCC18\src\pmc_common\Timers\t0open.c
               OpenTimer1   0x0041ae    program     extern C:\MCC18\src\pmc_common\Timers\t1open.c
               OpenTimer2   0x004228    program     extern C:\MCC18\src\pmc_common\Timers\t2open.c
     SendInformationEvent   0x00154a    program     extern C:\development\m2m\firmware\pic\paris_relay\project\main.c
       ___case_0_lbl00027   0x00018e    program     static                          
       ___case_1_lbl00028   0x0001aa    program     static                          
       ___case_2_lbl00029   0x0001b0    program     static                          
       ___case_3_lbl00031   0x0001b6    program     static                          
       ___case_4_lbl00032   0x0001c6    program     static                          
      ___default_lbl00033   0x0001cc    program     static                          
         ___else_lbl00025   0x003d8a    program     static                          
         ___else_lbl00026   0x00019e    program     static                          
         ___else_lbl00027   0x003d7c    program     static                          
         ___else_lbl00029   0x003d6c    program     static                          
         ___else_lbl00031   0x003dd0    program     static                          
          ___for_lbl00033   0x003e62    program     static                          
          ___for_lbl00034   0x003e66    program     static                          
          ___for_lbl00035   0x003e20    program     static                          
           ___if_lbl00014   0x0000d6    program     static                          
           ___if_lbl00018   0x000112    program     static                          
           ___if_lbl00019   0x000148    program     static                          
           ___if_lbl00020   0x000148    program     static                          
           ___if_lbl00021   0x000168    program     static                          
           ___if_lbl00022   0x000174    program     static                          
           ___if_lbl00023   0x000174    program     static                          
           ___if_lbl00024   0x003d8e    program     static                          
           ___if_lbl00025   0x0001a8    program     static                          
           ___if_lbl00026   0x003d8e    program     static                          
           ___if_lbl00028   0x003d8e    program     static                          
           ___if_lbl00030   0x003e00    program     static                          
           ___if_lbl00030   0x0001c4    program     static                          
           ___if_lbl00032   0x003e0c    program     static                          
       ___return_lbl00000   0x00001c    program     static                          
       ___return_lbl00000   0x0042d4    program     static                          
       ___return_lbl00000   0x000004    program     static                          
       ___return_lbl00001   0x0042b8    program     static                          
       ___return_lbl00002   0x004124    program     static                          
       ___return_lbl00013   0x0001d8    program     static                          
       ___return_lbl00023   0x003e70    program     static                          
       ___return_lbl00359   0x0026de    program     static                          
   ___switchexit_lbl00024   0x0001d2    program     static                          
        ___while_lbl00015   0x0000da    program     static                          
        ___while_lbl00016   0x0001d8    program     static                          
               __config_0   0x300001    program     static C:\development\m2m\firmware\pic\paris_relay\project\main.c
               __config_1   0x300002    program     static C:\development\m2m\firmware\pic\paris_relay\project\main.c
               __config_2   0x300003    program     static C:\development\m2m\firmware\pic\paris_relay\project\main.c
               __config_3   0x300006    program     static C:\development\m2m\firmware\pic\paris_relay\project\main.c
               __config_4   0x300009    program     static C:\development\m2m\firmware\pic\paris_relay\project\main.c
                   __init   0x0042d6    program     extern C:\MCC18\src\traditional\stdclib\__init.c
               __tmplbl_2   0x0000f8    program     static                          
               __tmplbl_3   0x0000f2    program     static                          
               __tmplbl_4   0x00012e    program     static                          
            __zero_memory   0x00427e    program     extern C:\MCC18\src\traditional\proc\p18F2580.asm
                _do_cinit   0x004088    program     extern C:\MCC18\src\traditional\startup\c018i.c
                   _entry   0x000000    program     extern C:\MCC18\src\traditional\startup\c018i.c
                 _startup   0x00429e    program     extern C:\MCC18\src\traditional\startup\c018i.c
                compare_l   0x004294    program     static C:\MCC18\src\traditional\proc\p18F2580.asm
                copy_loop   0x0040fa    program     static                          
            copy_one_byte   0x004100    program     static                          
          doActionDisable   0x002272    program     extern C:\development\m2m\firmware\pic\paris_relay\project\main.c
              doActionOff   0x001c78    program     extern C:\development\m2m\firmware\pic\paris_relay\project\main.c
               doActionOn   0x00188e    program     extern C:\development\m2m\firmware\pic\paris_relay\project\main.c
            doActionPulse   0x001d9c    program     extern C:\development\m2m\firmware\pic\paris_relay\project\main.c
           doActionStatus   0x0020c2    program     extern C:\development\m2m\firmware\pic\paris_relay\project\main.c
           doActionToggle   0x002310    program     extern C:\development\m2m\firmware\pic\paris_relay\project\main.c
doApplicationOneSecondWork   0x000716    program     extern C:\development\m2m\firmware\pic\paris_relay\project\main.c
                     doDM   0x0015a4    program     extern C:\development\m2m\firmware\pic\paris_relay\project\main.c
                   doWork   0x000aaa    program     extern C:\development\m2m\firmware\pic\paris_relay\project\main.c
                     done   0x004124    program     static                          
             done_copying   0x00410e    program     static                          
                  endloop   0x0042d0    program     static                          
   getBootLoaderAlgorithm   0x000a42    program     extern C:\development\m2m\firmware\pic\paris_relay\project\main.c
            getBufferSize   0x000a48    program     extern C:\development\m2m\firmware\pic\paris_relay\project\main.c
              getCANFrame   0x0029ee    program     extern C:\development\m2m\firmware\pic\paris_relay\project\main.c
          getMajorVersion   0x000a30    program     extern C:\development\m2m\firmware\pic\paris_relay\project\main.c
          getMinorVersion   0x000a36    program     extern C:\development\m2m\firmware\pic\paris_relay\project\main.c
       getSubMinorVersion   0x000a3c    program     extern C:\development\m2m\firmware\pic\paris_relay\project\main.c
             getVSCPFrame   0x00283e    program     extern C:\development\m2m\firmware\pic\paris_relay\project\main.c
                     init   0x0001ec    program     extern C:\development\m2m\firmware\pic\paris_relay\project\main.c
          init_app_eeprom   0x00032c    program     extern C:\development\m2m\firmware\pic\paris_relay\project\main.c
             init_app_ram   0x0002ce    program     extern C:\development\m2m\firmware\pic\paris_relay\project\main.c
  interrupt_at_low_vector   0x000018    program     extern C:\development\m2m\firmware\pic\paris_relay\project\main.c
                  isr_low   0x00002c    program     extern C:\development\m2m\firmware\pic\paris_relay\project\main.c
                     loop   0x0042ae    program     static                          
                     loop   0x0042c2    program     static                          
                   loop_h   0x00428c    program     static C:\MCC18\src\traditional\proc\p18F2580.asm
                   loop_l   0x004296    program     static C:\MCC18\src\traditional\proc\p18F2580.asm
                     main   0x0000be    program     extern C:\development\m2m\firmware\pic\paris_relay\project\main.c
               readEEPROM   0x004172    program     extern C:\development\m2m\firmware\pic\common\eeprom.c
             sendCANFrame   0x002990    program     extern C:\development\m2m\firmware\pic\paris_relay\project\main.c
          sendDMatrixInfo   0x00152c    program     extern C:\development\m2m\firmware\pic\paris_relay\project\main.c
            sendVSCPFrame   0x002720    program     extern C:\development\m2m\firmware\pic\paris_relay\project\main.c
                     test   0x0040a2    program     static                          
         vscp18F_readRegs   0x003a6a    program     static C:\development\m2m\firmware\pic\common\can18f.c
        vscp18F_writeRegs   0x0038a8    program     static C:\development\m2m\firmware\pic\common\can18f.c
       vscp18f_cansetmode   0x003882    program     extern C:\development\m2m\firmware\pic\common\can18f.c
             vscp18f_init   0x003778    program     extern C:\development\m2m\firmware\pic\common\can18f.c
          vscp18f_readMsg   0x003e88    program     extern C:\development\m2m\firmware\pic\common\can18f.c
          vscp18f_sendMsg   0x003d52    program     extern C:\development\m2m\firmware\pic\common\can18f.c
        vscp18f_setfilter   0x003caa    program     extern C:\development\m2m\firmware\pic\common\can18f.c
          vscp18f_setmask   0x003c3e    program     extern C:\development\m2m\firmware\pic\common\can18f.c
      vscp_check_pstorage   0x002aa4    program     extern C:\development\m2m\firmware\common\vscp_firmware.c
           vscp_deviceURL   0x00425e    program     extern C:\development\m2m\firmware\pic\paris_relay\project\main.c
     vscp_doOneSecondWork   0x002d00    program     extern C:\development\m2m\firmware\common\vscp_firmware.c
               vscp_error   0x002ad2    program     extern C:\development\m2m\firmware\common\vscp_firmware.c
vscp_getBootLoaderAlgorithm   0x0025fa    program     extern C:\development\m2m\firmware\pic\paris_relay\project\main.c
       vscp_getBufferSize   0x002600    program     extern C:\development\m2m\firmware\pic\paris_relay\project\main.c
      vscp_getControlByte   0x00269c    program     extern C:\development\m2m\firmware\pic\paris_relay\project\main.c
  vscp_getEmbeddedMdfInfo   0x0026ae    program     extern C:\development\m2m\firmware\pic\paris_relay\project\main.c
            vscp_getEvent   0x003710    program     extern C:\development\m2m\firmware\common\vscp_firmware.c
             vscp_getGUID   0x002516    program     extern C:\development\m2m\firmware\pic\paris_relay\project\main.c
          vscp_getMDF_URL   0x00253a    program     extern C:\development\m2m\firmware\pic\paris_relay\project\main.c
     vscp_getMajorVersion   0x002504    program     extern C:\development\m2m\firmware\pic\paris_relay\project\main.c
   vscp_getManufacturerId   0x0025ac    program     extern C:\development\m2m\firmware\pic\paris_relay\project\main.c
       vscp_getMatrixInfo   0x0026e0    program     extern C:\development\m2m\firmware\pic\paris_relay\project\main.c
     vscp_getMinorVersion   0x00250a    program     extern C:\development\m2m\firmware\pic\paris_relay\project\main.c
         vscp_getNickname   0x002606    program     extern C:\development\m2m\firmware\pic\paris_relay\project\main.c
vscp_getRegisterPagesUsed   0x00271a    program     extern C:\development\m2m\firmware\pic\paris_relay\project\main.c
       vscp_getSegmentCRC   0x00263e    program     extern C:\development\m2m\firmware\pic\paris_relay\project\main.c
  vscp_getSubMinorVersion   0x002510    program     extern C:\development\m2m\firmware\pic\paris_relay\project\main.c
          vscp_getSubzone   0x000a98    program     extern C:\development\m2m\firmware\pic\paris_relay\project\main.c
           vscp_getUserID   0x00255e    program     extern C:\development\m2m\firmware\pic\paris_relay\project\main.c
             vscp_getZone   0x000a86    program     extern C:\development\m2m\firmware\pic\paris_relay\project\main.c
       vscp_goActiveState   0x002bfc    program     extern C:\development\m2m\firmware\common\vscp_firmware.c
    vscp_goBootloaderMode   0x0026ca    program     extern C:\development\m2m\firmware\pic\paris_relay\project\main.c
  vscp_handleDropNickname   0x002cb6    program     extern C:\development\m2m\firmware\common\vscp_firmware.c
     vscp_handleHeartbeat   0x002c52    program     extern C:\development\m2m\firmware\common\vscp_firmware.c
vscp_handlePreActiveState   0x002baa    program     extern C:\development\m2m\firmware\common\vscp_firmware.c
    vscp_handleProbeState   0x002ad8    program     extern C:\development\m2m\firmware\common\vscp_firmware.c
 vscp_handleProtocolEvent   0x002faa    program     extern C:\development\m2m\firmware\common\vscp_firmware.c
   vscp_handleSetNickname   0x002c88    program     extern C:\development\m2m\firmware\common\vscp_firmware.c
                vscp_init   0x002a60    program     extern C:\development\m2m\firmware\common\vscp_firmware.c
       vscp_newNodeOnline   0x002cd8    program     extern C:\development\m2m\firmware\common\vscp_firmware.c
          vscp_readAppReg   0x000ac6    program     extern C:\development\m2m\firmware\pic\paris_relay\project\main.c
vscp_readNicknamePermanent   0x000a4e    program     extern C:\development\m2m\firmware\pic\paris_relay\project\main.c
        vscp_readRegister   0x002d54    program     extern C:\development\m2m\firmware\common\vscp_firmware.c
          vscp_readStdReg   0x002d90    program     extern C:\development\m2m\firmware\common\vscp_firmware.c
           vscp_sendEvent   0x0036be    program     extern C:\development\m2m\firmware\common\vscp_firmware.c
       vscp_sendHeartBeat   0x002c1c    program     extern C:\development\m2m\firmware\common\vscp_firmware.c
      vscp_setControlByte   0x002676    program     extern C:\development\m2m\firmware\pic\paris_relay\project\main.c
   vscp_setManufacturerId   0x0025d0    program     extern C:\development\m2m\firmware\pic\paris_relay\project\main.c
         vscp_setNickname   0x002618    program     extern C:\development\m2m\firmware\pic\paris_relay\project\main.c
       vscp_setSegmentCRC   0x002650    program     extern C:\development\m2m\firmware\pic\paris_relay\project\main.c
           vscp_setUserID   0x002582    program     extern C:\development\m2m\firmware\pic\paris_relay\project\main.c
         vscp_writeAppReg   0x000bd6    program     extern C:\development\m2m\firmware\pic\paris_relay\project\main.c
vscp_writeNicknamePermanent   0x000a60    program     extern C:\development\m2m\firmware\pic\paris_relay\project\main.c
       vscp_writeRegister   0x002eb6    program     extern C:\development\m2m\firmware\common\vscp_firmware.c
         vscp_writeStdReg   0x002f02    program     extern C:\development\m2m\firmware\common\vscp_firmware.c
              writeEEPROM   0x004126    program     extern C:\development\m2m\firmware\pic\common\eeprom.c
               zero_block   0x00428c    program     static C:\MCC18\src\traditional\proc\p18F2580.asm
                   ADCON0   0x000fc2       data     extern C:\MCC18\src\traditional\proc\p18F2580.asm
               ADCON0bits   0x000fc2       data     extern C:\MCC18\src\traditional\proc\p18F2580.asm
                   ADCON1   0x000fc1       data     extern C:\MCC18\src\traditional\proc\p18F2580.asm
               ADCON1bits   0x000fc1       data     extern C:\MCC18\src\traditional\proc\p18F2580.asm
                   ADCON2   0x000fc0       data     extern C:\MCC18\src\traditional\proc\p18F2580.asm
               ADCON2bits   0x000fc0       data     extern C:\MCC18\src\traditional\proc\p18F2580.asm
                    ADRES   0x000fc3       data     extern C:\MCC18\src\traditional\proc\p18F2580.asm
                   ADRESH   0x000fc4       data     extern C:\MCC18\src\traditional\proc\p18F2580.asm
                   ADRESL   0x000fc3       data     extern C:\MCC18\src\traditional\proc\p18F2580.asm
                    B0CON   0x000e20       data     extern C:\MCC18\src\traditional\proc\p18F2580.asm
                B0CONbits   0x000e20       data     extern C:\MCC18\src\traditional\proc\p18F2580.asm
                     B0D0   0x000e26       data     extern C:\MCC18\src\traditional\proc\p18F2580.asm
                 B0D0bits   0x000e26       data     extern C:\MCC18\src\traditional\proc\p18F2580.asm
                     B0D1   0x000e27       data     extern C:\MCC18\src\traditional\proc\p18F2580.asm
                 B0D1bits   0x000e27       data     extern C:\MCC18\src\traditional\proc\p18F2580.asm
                     B0D2   0x000e28       data     extern C:\MCC18\src\traditional\proc\p18F2580.asm
                 B0D2bits   0x000e28       data     extern C:\MCC18\src\traditional\proc\p18F2580.asm
                     B0D3   0x000e29       data     extern C:\MCC18\src\traditional\proc\p18F2580.asm
                 B0D3bits   0x000e29       data     extern C:\MCC18\src\traditional\proc\p18F2580.asm
                     B0D4   0x000e2a       data     extern C:\MCC18\src\traditional\proc\p18F2580.asm
                 B0D4bits   0x000e2a       data     extern C:\MCC18\src\traditional\proc\p18F2580.asm
                     B0D5   0x000e2b       data     extern C:\MCC18\src\traditional\proc\p18F2580.asm
                 B0D5bits   0x000e2b       data     extern C:\MCC18\src\traditional\proc\p18F2580.asm
                     B0D6   0x000e2c       data     extern C:\MCC18\src\traditional\proc\p18F2580.asm
                 B0D6bits   0x000e2c       data     extern C:\MCC18\src\traditional\proc\p18F2580.asm
                     B0D7   0x000e2d       data     extern C:\MCC18\src\traditional\proc\p18F2580.asm
                 B0D7bits   0x000e2d       data     extern C:\MCC18\src\traditional\proc\p18F2580.asm
                    B0DLC   0x000e25       data     extern C:\MCC18\src\traditional\proc\p18F2580.asm
                B0DLCbits   0x000e25       data     extern C:\MCC18\src\traditional\proc\p18F2580.asm
                   B0EIDH   0x000e23       data     extern C:\MCC18\src\traditional\proc\p18F2580.asm
               B0EIDHbits   0x000e23       data     extern C:\MCC18\src\traditional\proc\p18F2580.asm
                   B0EIDL   0x000e24       data     extern C:\MCC18\src\traditional\proc\p18F2580.asm
               B0EIDLbits   0x000e24       data     extern C:\MCC18\src\traditional\proc\p18F2580.asm
                   B0SIDH   0x000e21       data     extern C:\MCC18\src\traditional\proc\p18F2580.asm
               B0SIDHbits   0x000e21       data     extern C:\MCC18\src\traditional\proc\p18F2580.asm
                   B0SIDL   0x000e22       data     extern C:\MCC18\src\traditional\proc\p18F2580.asm
               B0SIDLbits   0x000e22       data     extern C:\MCC18\src\traditional\proc\p18F2580.asm
                    B1CON   0x000e30       data     extern C:\MCC18\src\traditional\proc\p18F2580.asm
                B1CONbits   0x000e30       data     extern C:\MCC18\src\traditional\proc\p18F2580.asm
                     B1D0   0x000e36       data     extern C:\MCC18\src\traditional\proc\p18F2580.asm
                 B1D0bits   0x000e36       data     extern C:\MCC18\src\traditional\proc\p18F2580.asm
                     B1D1   0x000e37       data     extern C:\MCC18\src\traditional\proc\p18F2580.asm
                 B1D1bits   0x000e37       data     extern C:\MCC18\src\traditional\proc\p18F2580.asm
                     B1D2   0x000e38       data     extern C:\MCC18\src\traditional\proc\p18F2580.asm
                 B1D2bits   0x000e38       data     extern C:\MCC18\src\traditional\proc\p18F2580.asm
                     B1D3   0x000e39       data     extern C:\MCC18\src\traditional\proc\p18F2580.asm
                 B1D3bits   0x000e39       data     extern C:\MCC18\src\traditional\proc\p18F2580.asm
                     B1D4   0x000e3a       data     extern C:\MCC18\src\traditional\proc\p18F2580.asm
                 B1D4bits   0x000e3a       data     extern C:\MCC18\src\traditional\proc\p18F2580.asm
                     B1D5   0x000e3b       data     extern C:\MCC18\src\traditional\proc\p18F2580.asm
                 B1D5bits   0x000e3b       data     extern C:\MCC18\src\traditional\proc\p18F2580.asm
                     B1D6   0x000e3c       data     extern C:\MCC18\src\traditional\proc\p18F2580.asm
                 B1D6bits   0x000e3c       data     extern C:\MCC18\src\traditional\proc\p18F2580.asm
                     B1D7   0x000e3d       data     extern C:\MCC18\src\traditional\proc\p18F2580.asm
                 B1D7bits   0x000e3d       data     extern C:\MCC18\src\traditional\proc\p18F2580.asm
                    B1DLC   0x000e35       data     extern C:\MCC18\src\traditional\proc\p18F2580.asm
                B1DLCbits   0x000e35       data     extern C:\MCC18\src\traditional\proc\p18F2580.asm
                   B1EIDH   0x000e33       data     extern C:\MCC18\src\traditional\proc\p18F2580.asm
               B1EIDHbits   0x000e33       data     extern C:\MCC18\src\traditional\proc\p18F2580.asm
                   B1EIDL   0x000e34       data     extern C:\MCC18\src\traditional\proc\p18F2580.asm
               B1EIDLbits   0x000e34       data     extern C:\MCC18\src\traditional\proc\p18F2580.asm
                   B1SIDH   0x000e31       data     extern C:\MCC18\src\traditional\proc\p18F2580.asm
               B1SIDHbits   0x000e31       data     extern C:\MCC18\src\traditional\proc\p18F2580.asm
                   B1SIDL   0x000e32       data     extern C:\MCC18\src\traditional\proc\p18F2580.asm
               B1SIDLbits   0x000e32       data     extern C:\MCC18\src\traditional\proc\p18F2580.asm
                    B2CON   0x000e40       data     extern C:\MCC18\src\traditional\proc\p18F2580.asm
                B2CONbits   0x000e40       data     extern C:\MCC18\src\traditional\proc\p18F2580.asm
                     B2D0   0x000e46       data     extern C:\MCC18\src\traditional\proc\p18F2580.asm
                 B2D0bits   0x000e46       data     extern C:\MCC18\src\traditional\proc\p18F2580.asm
                     B2D1   0x000e47       data     extern C:\MCC18\src\traditional\proc\p18F2580.asm
                 B2D1bits   0x000e47       data     extern C:\MCC18\src\traditional\proc\p18F2580.asm
                     B2D2   0x000e48       data     extern C:\MCC18\src\traditional\proc\p18F2580.asm
                 B2D2bits   0x000e48       data     extern C:\MCC18\src\traditional\proc\p18F2580.asm
                     B2D3   0x000e49       data     extern C:\MCC18\src\traditional\proc\p18F2580.asm
                 B2D3bits   0x000e49       data     extern C:\MCC18\src\traditional\proc\p18F2580.asm
                     B2D4   0x000e4a       data     extern C:\MCC18\src\traditional\proc\p18F2580.asm
                 B2D4bits   0x000e4a       data     extern C:\MCC18\src\traditional\proc\p18F2580.asm
                     B2D5   0x000e4b       data     extern C:\MCC18\src\traditional\proc\p18F2580.asm
                 B2D5bits   0x000e4b       data     extern C:\MCC18\src\traditional\proc\p18F2580.asm
                     B2D6   0x000e4c       data     extern C:\MCC18\src\traditional\proc\p18F2580.asm
                 B2D6bits   0x000e4c       data     extern C:\MCC18\src\traditional\proc\p18F2580.asm
                     B2D7   0x000e4d       data     extern C:\MCC18\src\traditional\proc\p18F2580.asm
                 B2D7bits   0x000e4d       data     extern C:\MCC18\src\traditional\proc\p18F2580.asm
                    B2DLC   0x000e45       data     extern C:\MCC18\src\traditional\proc\p18F2580.asm
                B2DLCbits   0x000e45       data     extern C:\MCC18\src\traditional\proc\p18F2580.asm
                   B2EIDH   0x000e43       data     extern C:\MCC18\src\traditional\proc\p18F2580.asm
               B2EIDHbits   0x000e43       data     extern C:\MCC18\src\traditional\proc\p18F2580.asm
                   B2EIDL   0x000e44       data     extern C:\MCC18\src\traditional\proc\p18F2580.asm
               B2EIDLbits   0x000e44       data     extern C:\MCC18\src\traditional\proc\p18F2580.asm
                   B2SIDH   0x000e41       data     extern C:\MCC18\src\traditional\proc\p18F2580.asm
               B2SIDHbits   0x000e41       data     extern C:\MCC18\src\traditional\proc\p18F2580.asm
                   B2SIDL   0x000e42       data     extern C:\MCC18\src\traditional\proc\p18F2580.asm
               B2SIDLbits   0x000e42       data     extern C:\MCC18\src\traditional\proc\p18F2580.asm
                    B3CON   0x000e50       data     extern C:\MCC18\src\traditional\proc\p18F2580.asm
                B3CONbits   0x000e50       data     extern C:\MCC18\src\traditional\proc\p18F2580.asm
                     B3D0   0x000e56       data     extern C:\MCC18\src\traditional\proc\p18F2580.asm
                 B3D0bits   0x000e56       data     extern C:\MCC18\src\traditional\proc\p18F2580.asm
                     B3D1   0x000e57       data     extern C:\MCC18\src\traditional\proc\p18F2580.asm
                 B3D1bits   0x000e57       data     extern C:\MCC18\src\traditional\proc\p18F2580.asm
                     B3D2   0x000e58       data     extern C:\MCC18\src\traditional\proc\p18F2580.asm
                 B3D2bits   0x000e58       data     extern C:\MCC18\src\traditional\proc\p18F2580.asm
                     B3D3   0x000e59       data     extern C:\MCC18\src\traditional\proc\p18F2580.asm
                 B3D3bits   0x000e59       data     extern C:\MCC18\src\traditional\proc\p18F2580.asm
                     B3D4   0x000e5a       data     extern C:\MCC18\src\traditional\proc\p18F2580.asm
                 B3D4bits   0x000e5a       data     extern C:\MCC18\src\traditional\proc\p18F2580.asm
                     B3D5   0x000e5b       data     extern C:\MCC18\src\traditional\proc\p18F2580.asm
                 B3D5bits   0x000e5b       data     extern C:\MCC18\src\traditional\proc\p18F2580.asm
                     B3D6   0x000e5c       data     extern C:\MCC18\src\traditional\proc\p18F2580.asm
                 B3D6bits   0x000e5c       data     extern C:\MCC18\src\traditional\proc\p18F2580.asm
                     B3D7   0x000e5d       data     extern C:\MCC18\src\traditional\proc\p18F2580.asm
                 B3D7bits   0x000e5d       data     extern C:\MCC18\src\traditional\proc\p18F2580.asm
                    B3DLC   0x000e55       data     extern C:\MCC18\src\traditional\proc\p18F2580.asm
                B3DLCbits   0x000e55       data     extern C:\MCC18\src\traditional\proc\p18F2580.asm
                   B3EIDH   0x000e53       data     extern C:\MCC18\src\traditional\proc\p18F2580.asm
               B3EIDHbits   0x000e53       data     extern C:\MCC18\src\traditional\proc\p18F2580.asm
                   B3EIDL   0x000e54       data     extern C:\MCC18\src\traditional\proc\p18F2580.asm
               B3EIDLbits   0x000e54       data     extern C:\MCC18\src\traditional\proc\p18F2580.asm
                   B3SIDH   0x000e51       data     extern C:\MCC18\src\traditional\proc\p18F2580.asm
               B3SIDHbits   0x000e51       data     extern C:\MCC18\src\traditional\proc\p18F2580.asm
                   B3SIDL   0x000e52       data     extern C:\MCC18\src\traditional\proc\p18F2580.asm
               B3SIDLbits   0x000e52       data     extern C:\MCC18\src\traditional\proc\p18F2580.asm
                    B4CON   0x000e60       data     extern C:\MCC18\src\traditional\proc\p18F2580.asm
                B4CONbits   0x000e60       data     extern C:\MCC18\src\traditional\proc\p18F2580.asm
                     B4D0   0x000e66       data     extern C:\MCC18\src\traditional\proc\p18F2580.asm
                 B4D0bits   0x000e66       data     extern C:\MCC18\src\traditional\proc\p18F2580.asm
                     B4D1   0x000e67       data     extern C:\MCC18\src\traditional\proc\p18F2580.asm
                 B4D1bits   0x000e67       data     extern C:\MCC18\src\traditional\proc\p18F2580.asm
                     B4D2   0x000e68       data     extern C:\MCC18\src\traditional\proc\p18F2580.asm
                 B4D2bits   0x000e68       data     extern C:\MCC18\src\traditional\proc\p18F2580.asm
                     B4D3   0x000e69       data     extern C:\MCC18\src\traditional\proc\p18F2580.asm
                 B4D3bits   0x000e69       data     extern C:\MCC18\src\traditional\proc\p18F2580.asm
                     B4D4   0x000e6a       data     extern C:\MCC18\src\traditional\proc\p18F2580.asm
                 B4D4bits   0x000e6a       data     extern C:\MCC18\src\traditional\proc\p18F2580.asm
                     B4D5   0x000e6b       data     extern C:\MCC18\src\traditional\proc\p18F2580.asm
                 B4D5bits   0x000e6b       data     extern C:\MCC18\src\traditional\proc\p18F2580.asm
                     B4D6   0x000e6c       data     extern C:\MCC18\src\traditional\proc\p18F2580.asm
                 B4D6bits   0x000e6c       data     extern C:\MCC18\src\traditional\proc\p18F2580.asm
                     B4D7   0x000e6d       data     extern C:\MCC18\src\traditional\proc\p18F2580.asm
                 B4D7bits   0x000e6d       data     extern C:\MCC18\src\traditional\proc\p18F2580.asm
                    B4DLC   0x000e65       data     extern C:\MCC18\src\traditional\proc\p18F2580.asm
                B4DLCbits   0x000e65       data     extern C:\MCC18\src\traditional\proc\p18F2580.asm
                   B4EIDH   0x000e63       data     extern C:\MCC18\src\traditional\proc\p18F2580.asm
               B4EIDHbits   0x000e63       data     extern C:\MCC18\src\traditional\proc\p18F2580.asm
                   B4EIDL   0x000e64       data     extern C:\MCC18\src\traditional\proc\p18F2580.asm
               B4EIDLbits   0x000e64       data     extern C:\MCC18\src\traditional\proc\p18F2580.asm
                   B4SIDH   0x000e61       data     extern C:\MCC18\src\traditional\proc\p18F2580.asm
               B4SIDHbits   0x000e61       data     extern C:\MCC18\src\traditional\proc\p18F2580.asm
                   B4SIDL   0x000e62       data     extern C:\MCC18\src\traditional\proc\p18F2580.asm
               B4SIDLbits   0x000e62       data     extern C:\MCC18\src\traditional\proc\p18F2580.asm
                    B5CON   0x000e70       data     extern C:\MCC18\src\traditional\proc\p18F2580.asm
                B5CONbits   0x000e70       data     extern C:\MCC18\src\traditional\proc\p18F2580.asm
                     B5D0   0x000e76       data     extern C:\MCC18\src\traditional\proc\p18F2580.asm
                 B5D0bits   0x000e76       data     extern C:\MCC18\src\traditional\proc\p18F2580.asm
                     B5D1   0x000e77       data     extern C:\MCC18\src\traditional\proc\p18F2580.asm
                 B5D1bits   0x000e77       data     extern C:\MCC18\src\traditional\proc\p18F2580.asm
                     B5D2   0x000e78       data     extern C:\MCC18\src\traditional\proc\p18F2580.asm
                 B5D2bits   0x000e78       data     extern C:\MCC18\src\traditional\proc\p18F2580.asm
                     B5D3   0x000e79       data     extern C:\MCC18\src\traditional\proc\p18F2580.asm
                 B5D3bits   0x000e79       data     extern C:\MCC18\src\traditional\proc\p18F2580.asm
                     B5D4   0x000e7a       data     extern C:\MCC18\src\traditional\proc\p18F2580.asm
                 B5D4bits   0x000e7a       data     extern C:\MCC18\src\traditional\proc\p18F2580.asm
                     B5D5   0x000e7b       data     extern C:\MCC18\src\traditional\proc\p18F2580.asm
                 B5D5bits   0x000e7b       data     extern C:\MCC18\src\traditional\proc\p18F2580.asm
                     B5D6   0x000e7c       data     extern C:\MCC18\src\traditional\proc\p18F2580.asm
                 B5D6bits   0x000e7c       data     extern C:\MCC18\src\traditional\proc\p18F2580.asm
                     B5D7   0x000e7d       data     extern C:\MCC18\src\traditional\proc\p18F2580.asm
                 B5D7bits   0x000e7d       data     extern C:\MCC18\src\traditional\proc\p18F2580.asm
                    B5DLC   0x000e75       data     extern C:\MCC18\src\traditional\proc\p18F2580.asm
                B5DLCbits   0x000e75       data     extern C:\MCC18\src\traditional\proc\p18F2580.asm
                   B5EIDH   0x000e73       data     extern C:\MCC18\src\traditional\proc\p18F2580.asm
               B5EIDHbits   0x000e73       data     extern C:\MCC18\src\traditional\proc\p18F2580.asm
                   B5EIDL   0x000e74       data     extern C:\MCC18\src\traditional\proc\p18F2580.asm
               B5EIDLbits   0x000e74       data     extern C:\MCC18\src\traditional\proc\p18F2580.asm
                   B5SIDH   0x000e71       data     extern C:\MCC18\src\traditional\proc\p18F2580.asm
               B5SIDHbits   0x000e71       data     extern C:\MCC18\src\traditional\proc\p18F2580.asm
                   B5SIDL   0x000e72       data     extern C:\MCC18\src\traditional\proc\p18F2580.asm
               B5SIDLbits   0x000e72       data     extern C:\MCC18\src\traditional\proc\p18F2580.asm
                  BAUDCON   0x000fb8       data     extern C:\MCC18\src\traditional\proc\p18F2580.asm
              BAUDCONbits   0x000fb8       data     extern C:\MCC18\src\traditional\proc\p18F2580.asm
                     BIE0   0x000dfa       data     extern C:\MCC18\src\traditional\proc\p18F2580.asm
                 BIE0bits   0x000dfa       data     extern C:\MCC18\src\traditional\proc\p18F2580.asm
                  BRGCON1   0x000f70       data     extern C:\MCC18\src\traditional\proc\p18F2580.asm
              BRGCON1bits   0x000f70       data     extern C:\MCC18\src\traditional\proc\p18F2580.asm
                  BRGCON2   0x000f71       data     extern C:\MCC18\src\traditional\proc\p18F2580.asm
              BRGCON2bits   0x000f71       data     extern C:\MCC18\src\traditional\proc\p18F2580.asm
                  BRGCON3   0x000f72       data     extern C:\MCC18\src\traditional\proc\p18F2580.asm
              BRGCON3bits   0x000f72       data     extern C:\MCC18\src\traditional\proc\p18F2580.asm
                    BSEL0   0x000df8       data     extern C:\MCC18\src\traditional\proc\p18F2580.asm
                BSEL0bits   0x000df8       data     extern C:\MCC18\src\traditional\proc\p18F2580.asm
                      BSR   0x000fe0       data     extern C:\MCC18\src\traditional\proc\p18F2580.asm
                   CANCON   0x000f6f       data     extern C:\MCC18\src\traditional\proc\p18F2580.asm
               CANCON_RO0   0x000f5f       data     extern C:\MCC18\src\traditional\proc\p18F2580.asm
           CANCON_RO0bits   0x000f5f       data     extern C:\MCC18\src\traditional\proc\p18F2580.asm
               CANCON_RO1   0x000f4f       data     extern C:\MCC18\src\traditional\proc\p18F2580.asm
           CANCON_RO1bits   0x000f4f       data     extern C:\MCC18\src\traditional\proc\p18F2580.asm
               CANCON_RO2   0x000f3f       data     extern C:\MCC18\src\traditional\proc\p18F2580.asm
           CANCON_RO2bits   0x000f3f       data     extern C:\MCC18\src\traditional\proc\p18F2580.asm
               CANCON_RO3   0x000f2f       data     extern C:\MCC18\src\traditional\proc\p18F2580.asm
           CANCON_RO3bits   0x000f2f       data     extern C:\MCC18\src\traditional\proc\p18F2580.asm
               CANCON_RO4   0x000e7f       data     extern C:\MCC18\src\traditional\proc\p18F2580.asm
           CANCON_RO4bits   0x000e7f       data     extern C:\MCC18\src\traditional\proc\p18F2580.asm
               CANCON_RO5   0x000e6f       data     extern C:\MCC18\src\traditional\proc\p18F2580.asm
           CANCON_RO5bits   0x000e6f       data     extern C:\MCC18\src\traditional\proc\p18F2580.asm
               CANCON_RO6   0x000e5f       data     extern C:\MCC18\src\traditional\proc\p18F2580.asm
           CANCON_RO6bits   0x000e5f       data     extern C:\MCC18\src\traditional\proc\p18F2580.asm
               CANCON_RO7   0x000e4f       data     extern C:\MCC18\src\traditional\proc\p18F2580.asm
           CANCON_RO7bits   0x000e4f       data     extern C:\MCC18\src\traditional\proc\p18F2580.asm
               CANCON_RO8   0x000e3f       data     extern C:\MCC18\src\traditional\proc\p18F2580.asm
           CANCON_RO8bits   0x000e3f       data     extern C:\MCC18\src\traditional\proc\p18F2580.asm
               CANCON_RO9   0x000e2f       data     extern C:\MCC18\src\traditional\proc\p18F2580.asm
           CANCON_RO9bits   0x000e2f       data     extern C:\MCC18\src\traditional\proc\p18F2580.asm
               CANCONbits   0x000f6f       data     extern C:\MCC18\src\traditional\proc\p18F2580.asm
                  CANSTAT   0x000f6e       data     extern C:\MCC18\src\traditional\proc\p18F2580.asm
              CANSTAT_RO0   0x000f5e       data     extern C:\MCC18\src\traditional\proc\p18F2580.asm
          CANSTAT_RO0bits   0x000f5e       data     extern C:\MCC18\src\traditional\proc\p18F2580.asm
              CANSTAT_RO1   0x000f4e       data     extern C:\MCC18\src\traditional\proc\p18F2580.asm
          CANSTAT_RO1bits   0x000f4e       data     extern C:\MCC18\src\traditional\proc\p18F2580.asm
              CANSTAT_RO2   0x000f3e       data     extern C:\MCC18\src\traditional\proc\p18F2580.asm
          CANSTAT_RO2bits   0x000f3e       data     extern C:\MCC18\src\traditional\proc\p18F2580.asm
              CANSTAT_RO3   0x000f2e       data     extern C:\MCC18\src\traditional\proc\p18F2580.asm
          CANSTAT_RO3bits   0x000f2e       data     extern C:\MCC18\src\traditional\proc\p18F2580.asm
              CANSTAT_RO4   0x000e7e       data     extern C:\MCC18\src\traditional\proc\p18F2580.asm
          CANSTAT_RO4bits   0x000e7e       data     extern C:\MCC18\src\traditional\proc\p18F2580.asm
              CANSTAT_RO5   0x000e6e       data     extern C:\MCC18\src\traditional\proc\p18F2580.asm
          CANSTAT_RO5bits   0x000e6e       data     extern C:\MCC18\src\traditional\proc\p18F2580.asm
              CANSTAT_RO6   0x000e5e       data     extern C:\MCC18\src\traditional\proc\p18F2580.asm
          CANSTAT_RO6bits   0x000e5e       data     extern C:\MCC18\src\traditional\proc\p18F2580.asm
              CANSTAT_RO7   0x000e4e       data     extern C:\MCC18\src\traditional\proc\p18F2580.asm
          CANSTAT_RO7bits   0x000e4e       data     extern C:\MCC18\src\traditional\proc\p18F2580.asm
              CANSTAT_RO8   0x000e3e       data     extern C:\MCC18\src\traditional\proc\p18F2580.asm
          CANSTAT_RO8bits   0x000e3e       data     extern C:\MCC18\src\traditional\proc\p18F2580.asm
              CANSTAT_RO9   0x000e2e       data     extern C:\MCC18\src\traditional\proc\p18F2580.asm
          CANSTAT_RO9bits   0x000e2e       data     extern C:\MCC18\src\traditional\proc\p18F2580.asm
              CANSTATbits   0x000f6e       data     extern C:\MCC18\src\traditional\proc\p18F2580.asm
                  CCP1CON   0x000fbd       data     extern C:\MCC18\src\traditional\proc\p18F2580.asm
              CCP1CONbits   0x000fbd       data     extern C:\MCC18\src\traditional\proc\p18F2580.asm
                    CCPR1   0x000fbe       data     extern C:\MCC18\src\traditional\proc\p18F2580.asm
                   CCPR1H   0x000fbf       data     extern C:\MCC18\src\traditional\proc\p18F2580.asm
                   CCPR1L   0x000fbe       data     extern C:\MCC18\src\traditional\proc\p18F2580.asm
                   CIOCON   0x000f73       data     extern C:\MCC18\src\traditional\proc\p18F2580.asm
               CIOCONbits   0x000f73       data     extern C:\MCC18\src\traditional\proc\p18F2580.asm
                  COMSTAT   0x000f74       data     extern C:\MCC18\src\traditional\proc\p18F2580.asm
              COMSTATbits   0x000f74       data     extern C:\MCC18\src\traditional\proc\p18F2580.asm
                     DDRA   0x000f92       data     extern C:\MCC18\src\traditional\proc\p18F2580.asm
                 DDRAbits   0x000f92       data     extern C:\MCC18\src\traditional\proc\p18F2580.asm
                     DDRB   0x000f93       data     extern C:\MCC18\src\traditional\proc\p18F2580.asm
                 DDRBbits   0x000f93       data     extern C:\MCC18\src\traditional\proc\p18F2580.asm
                     DDRC   0x000f94       data     extern C:\MCC18\src\traditional\proc\p18F2580.asm
                 DDRCbits   0x000f94       data     extern C:\MCC18\src\traditional\proc\p18F2580.asm
                  ECANCON   0x000f77       data     extern C:\MCC18\src\traditional\proc\p18F2580.asm
              ECANCONbits   0x000f77       data     extern C:\MCC18\src\traditional\proc\p18F2580.asm
                 ECCP1DEL   0x000fb7       data     extern C:\MCC18\src\traditional\proc\p18F2580.asm
             ECCP1DELbits   0x000fb7       data     extern C:\MCC18\src\traditional\proc\p18F2580.asm
                    EEADR   0x000fa9       data     extern C:\MCC18\src\traditional\proc\p18F2580.asm
                   EECON1   0x000fa6       data     extern C:\MCC18\src\traditional\proc\p18F2580.asm
               EECON1bits   0x000fa6       data     extern C:\MCC18\src\traditional\proc\p18F2580.asm
                   EECON2   0x000fa7       data     extern C:\MCC18\src\traditional\proc\p18F2580.asm
                   EEDATA   0x000fa8       data     extern C:\MCC18\src\traditional\proc\p18F2580.asm
                     FSR0   0x000fe9       data     extern C:\MCC18\src\traditional\proc\p18F2580.asm
                    FSR0H   0x000fea       data     extern C:\MCC18\src\traditional\proc\p18F2580.asm
                    FSR0L   0x000fe9       data     extern C:\MCC18\src\traditional\proc\p18F2580.asm
                     FSR1   0x000fe1       data     extern C:\MCC18\src\traditional\proc\p18F2580.asm
                    FSR1H   0x000fe2       data     extern C:\MCC18\src\traditional\proc\p18F2580.asm
                    FSR1L   0x000fe1       data     extern C:\MCC18\src\traditional\proc\p18F2580.asm
                     FSR2   0x000fd9       data     extern C:\MCC18\src\traditional\proc\p18F2580.asm
                    FSR2H   0x000fda       data     extern C:\MCC18\src\traditional\proc\p18F2580.asm
                    FSR2L   0x000fd9       data     extern C:\MCC18\src\traditional\proc\p18F2580.asm
                  HLVDCON   0x000fd2       data     extern C:\MCC18\src\traditional\proc\p18F2580.asm
              HLVDCONbits   0x000fd2       data     extern C:\MCC18\src\traditional\proc\p18F2580.asm
                    INDF0   0x000fef       data     extern C:\MCC18\src\traditional\proc\p18F2580.asm
                    INDF1   0x000fe7       data     extern C:\MCC18\src\traditional\proc\p18F2580.asm
                    INDF2   0x000fdf       data     extern C:\MCC18\src\traditional\proc\p18F2580.asm
                   INTCON   0x000ff2       data     extern C:\MCC18\src\traditional\proc\p18F2580.asm
                  INTCON2   0x000ff1       data     extern C:\MCC18\src\traditional\proc\p18F2580.asm
              INTCON2bits   0x000ff1       data     extern C:\MCC18\src\traditional\proc\p18F2580.asm
                  INTCON3   0x000ff0       data     extern C:\MCC18\src\traditional\proc\p18F2580.asm
              INTCON3bits   0x000ff0       data     extern C:\MCC18\src\traditional\proc\p18F2580.asm
               INTCONbits   0x000ff2       data     extern C:\MCC18\src\traditional\proc\p18F2580.asm
                     IPR1   0x000f9f       data     extern C:\MCC18\src\traditional\proc\p18F2580.asm
                 IPR1bits   0x000f9f       data     extern C:\MCC18\src\traditional\proc\p18F2580.asm
                     IPR2   0x000fa2       data     extern C:\MCC18\src\traditional\proc\p18F2580.asm
                 IPR2bits   0x000fa2       data     extern C:\MCC18\src\traditional\proc\p18F2580.asm
                     IPR3   0x000fa5       data     extern C:\MCC18\src\traditional\proc\p18F2580.asm
                 IPR3bits   0x000fa5       data     extern C:\MCC18\src\traditional\proc\p18F2580.asm
                     LATA   0x000f89       data     extern C:\MCC18\src\traditional\proc\p18F2580.asm
                 LATAbits   0x000f89       data     extern C:\MCC18\src\traditional\proc\p18F2580.asm
                     LATB   0x000f8a       data     extern C:\MCC18\src\traditional\proc\p18F2580.asm
                 LATBbits   0x000f8a       data     extern C:\MCC18\src\traditional\proc\p18F2580.asm
                     LATC   0x000f8b       data     extern C:\MCC18\src\traditional\proc\p18F2580.asm
                 LATCbits   0x000f8b       data     extern C:\MCC18\src\traditional\proc\p18F2580.asm
                   LVDCON   0x000fd2       data     extern C:\MCC18\src\traditional\proc\p18F2580.asm
               LVDCONbits   0x000fd2       data     extern C:\MCC18\src\traditional\proc\p18F2580.asm
                    MSEL0   0x000df0       data     extern C:\MCC18\src\traditional\proc\p18F2580.asm
                MSEL0bits   0x000df0       data     extern C:\MCC18\src\traditional\proc\p18F2580.asm
                    MSEL1   0x000df1       data     extern C:\MCC18\src\traditional\proc\p18F2580.asm
                MSEL1bits   0x000df1       data     extern C:\MCC18\src\traditional\proc\p18F2580.asm
                    MSEL2   0x000df2       data     extern C:\MCC18\src\traditional\proc\p18F2580.asm
                MSEL2bits   0x000df2       data     extern C:\MCC18\src\traditional\proc\p18F2580.asm
                    MSEL3   0x000df3       data     extern C:\MCC18\src\traditional\proc\p18F2580.asm
                MSEL3bits   0x000df3       data     extern C:\MCC18\src\traditional\proc\p18F2580.asm
                   OSCCON   0x000fd3       data     extern C:\MCC18\src\traditional\proc\p18F2580.asm
               OSCCONbits   0x000fd3       data     extern C:\MCC18\src\traditional\proc\p18F2580.asm
                  OSCTUNE   0x000f9b       data     extern C:\MCC18\src\traditional\proc\p18F2580.asm
              OSCTUNEbits   0x000f9b       data     extern C:\MCC18\src\traditional\proc\p18F2580.asm
                       PC   0x000ff9       data     extern C:\MCC18\src\traditional\proc\p18F2580.asm
                      PCL   0x000ff9       data     extern C:\MCC18\src\traditional\proc\p18F2580.asm
                   PCLATH   0x000ffa       data     extern C:\MCC18\src\traditional\proc\p18F2580.asm
                   PCLATU   0x000ffb       data     extern C:\MCC18\src\traditional\proc\p18F2580.asm
                     PIE1   0x000f9d       data     extern C:\MCC18\src\traditional\proc\p18F2580.asm
                 PIE1bits   0x000f9d       data     extern C:\MCC18\src\traditional\proc\p18F2580.asm
                     PIE2   0x000fa0       data     extern C:\MCC18\src\traditional\proc\p18F2580.asm
                 PIE2bits   0x000fa0       data     extern C:\MCC18\src\traditional\proc\p18F2580.asm
                     PIE3   0x000fa3       data     extern C:\MCC18\src\traditional\proc\p18F2580.asm
                 PIE3bits   0x000fa3       data     extern C:\MCC18\src\traditional\proc\p18F2580.asm
                     PIR1   0x000f9e       data     extern C:\MCC18\src\traditional\proc\p18F2580.asm
                 PIR1bits   0x000f9e       data     extern C:\MCC18\src\traditional\proc\p18F2580.asm
                     PIR2   0x000fa1       data     extern C:\MCC18\src\traditional\proc\p18F2580.asm
                 PIR2bits   0x000fa1       data     extern C:\MCC18\src\traditional\proc\p18F2580.asm
                     PIR3   0x000fa4       data     extern C:\MCC18\src\traditional\proc\p18F2580.asm
                 PIR3bits   0x000fa4       data     extern C:\MCC18\src\traditional\proc\p18F2580.asm
                   PLUSW0   0x000feb       data     extern C:\MCC18\src\traditional\proc\p18F2580.asm
                   PLUSW1   0x000fe3       data     extern C:\MCC18\src\traditional\proc\p18F2580.asm
                   PLUSW2   0x000fdb       data     extern C:\MCC18\src\traditional\proc\p18F2580.asm
                    PORTA   0x000f80       data     extern C:\MCC18\src\traditional\proc\p18F2580.asm
                PORTAbits   0x000f80       data     extern C:\MCC18\src\traditional\proc\p18F2580.asm
                    PORTB   0x000f81       data     extern C:\MCC18\src\traditional\proc\p18F2580.asm
                PORTBbits   0x000f81       data     extern C:\MCC18\src\traditional\proc\p18F2580.asm
                    PORTC   0x000f82       data     extern C:\MCC18\src\traditional\proc\p18F2580.asm
                PORTCbits   0x000f82       data     extern C:\MCC18\src\traditional\proc\p18F2580.asm
                    PORTE   0x000f84       data     extern C:\MCC18\src\traditional\proc\p18F2580.asm
                PORTEbits   0x000f84       data     extern C:\MCC18\src\traditional\proc\p18F2580.asm
                 POSTDEC0   0x000fed       data     extern C:\MCC18\src\traditional\proc\p18F2580.asm
                 POSTDEC1   0x000fe5       data     extern C:\MCC18\src\traditional\proc\p18F2580.asm
                 POSTDEC2   0x000fdd       data     extern C:\MCC18\src\traditional\proc\p18F2580.asm
                 POSTINC0   0x000fee       data     extern C:\MCC18\src\traditional\proc\p18F2580.asm
                 POSTINC1   0x000fe6       data     extern C:\MCC18\src\traditional\proc\p18F2580.asm
                 POSTINC2   0x000fde       data     extern C:\MCC18\src\traditional\proc\p18F2580.asm
                      PR2   0x000fcb       data     extern C:\MCC18\src\traditional\proc\p18F2580.asm
                  PREINC0   0x000fec       data     extern C:\MCC18\src\traditional\proc\p18F2580.asm
                  PREINC1   0x000fe4       data     extern C:\MCC18\src\traditional\proc\p18F2580.asm
                  PREINC2   0x000fdc       data     extern C:\MCC18\src\traditional\proc\p18F2580.asm
                     PROD   0x000ff3       data     extern C:\MCC18\src\traditional\proc\p18F2580.asm
                    PRODH   0x000ff4       data     extern C:\MCC18\src\traditional\proc\p18F2580.asm
                    PRODL   0x000ff3       data     extern C:\MCC18\src\traditional\proc\p18F2580.asm
                     RCON   0x000fd0       data     extern C:\MCC18\src\traditional\proc\p18F2580.asm
                 RCONbits   0x000fd0       data     extern C:\MCC18\src\traditional\proc\p18F2580.asm
                    RCREG   0x000fae       data     extern C:\MCC18\src\traditional\proc\p18F2580.asm
                    RCSTA   0x000fab       data     extern C:\MCC18\src\traditional\proc\p18F2580.asm
                RCSTAbits   0x000fab       data     extern C:\MCC18\src\traditional\proc\p18F2580.asm
                  RXB0CON   0x000f60       data     extern C:\MCC18\src\traditional\proc\p18F2580.asm
              RXB0CONbits   0x000f60       data     extern C:\MCC18\src\traditional\proc\p18F2580.asm
                   RXB0D0   0x000f66       data     extern C:\MCC18\src\traditional\proc\p18F2580.asm
               RXB0D0bits   0x000f66       data     extern C:\MCC18\src\traditional\proc\p18F2580.asm
                   RXB0D1   0x000f67       data     extern C:\MCC18\src\traditional\proc\p18F2580.asm
               RXB0D1bits   0x000f67       data     extern C:\MCC18\src\traditional\proc\p18F2580.asm
                   RXB0D2   0x000f68       data     extern C:\MCC18\src\traditional\proc\p18F2580.asm
               RXB0D2bits   0x000f68       data     extern C:\MCC18\src\traditional\proc\p18F2580.asm
                   RXB0D3   0x000f69       data     extern C:\MCC18\src\traditional\proc\p18F2580.asm
               RXB0D3bits   0x000f69       data     extern C:\MCC18\src\traditional\proc\p18F2580.asm
                   RXB0D4   0x000f6a       data     extern C:\MCC18\src\traditional\proc\p18F2580.asm
               RXB0D4bits   0x000f6a       data     extern C:\MCC18\src\traditional\proc\p18F2580.asm
                   RXB0D5   0x000f6b       data     extern C:\MCC18\src\traditional\proc\p18F2580.asm
               RXB0D5bits   0x000f6b       data     extern C:\MCC18\src\traditional\proc\p18F2580.asm
                   RXB0D6   0x000f6c       data     extern C:\MCC18\src\traditional\proc\p18F2580.asm
               RXB0D6bits   0x000f6c       data     extern C:\MCC18\src\traditional\proc\p18F2580.asm
                   RXB0D7   0x000f6d       data     extern C:\MCC18\src\traditional\proc\p18F2580.asm
               RXB0D7bits   0x000f6d       data     extern C:\MCC18\src\traditional\proc\p18F2580.asm
                  RXB0DLC   0x000f65       data     extern C:\MCC18\src\traditional\proc\p18F2580.asm
              RXB0DLCbits   0x000f65       data     extern C:\MCC18\src\traditional\proc\p18F2580.asm
                 RXB0EIDH   0x000f63       data     extern C:\MCC18\src\traditional\proc\p18F2580.asm
             RXB0EIDHbits   0x000f63       data     extern C:\MCC18\src\traditional\proc\p18F2580.asm
                 RXB0EIDL   0x000f64       data     extern C:\MCC18\src\traditional\proc\p18F2580.asm
             RXB0EIDLbits   0x000f64       data     extern C:\MCC18\src\traditional\proc\p18F2580.asm
                 RXB0SIDH   0x000f61       data     extern C:\MCC18\src\traditional\proc\p18F2580.asm
             RXB0SIDHbits   0x000f61       data     extern C:\MCC18\src\traditional\proc\p18F2580.asm
                 RXB0SIDL   0x000f62       data     extern C:\MCC18\src\traditional\proc\p18F2580.asm
             RXB0SIDLbits   0x000f62       data     extern C:\MCC18\src\traditional\proc\p18F2580.asm
                  RXB1CON   0x000f50       data     extern C:\MCC18\src\traditional\proc\p18F2580.asm
              RXB1CONbits   0x000f50       data     extern C:\MCC18\src\traditional\proc\p18F2580.asm
                   RXB1D0   0x000f56       data     extern C:\MCC18\src\traditional\proc\p18F2580.asm
               RXB1D0bits   0x000f56       data     extern C:\MCC18\src\traditional\proc\p18F2580.asm
                   RXB1D1   0x000f57       data     extern C:\MCC18\src\traditional\proc\p18F2580.asm
               RXB1D1bits   0x000f57       data     extern C:\MCC18\src\traditional\proc\p18F2580.asm
                   RXB1D2   0x000f58       data     extern C:\MCC18\src\traditional\proc\p18F2580.asm
               RXB1D2bits   0x000f58       data     extern C:\MCC18\src\traditional\proc\p18F2580.asm
                   RXB1D3   0x000f59       data     extern C:\MCC18\src\traditional\proc\p18F2580.asm
               RXB1D3bits   0x000f59       data     extern C:\MCC18\src\traditional\proc\p18F2580.asm
                   RXB1D4   0x000f5a       data     extern C:\MCC18\src\traditional\proc\p18F2580.asm
               RXB1D4bits   0x000f5a       data     extern C:\MCC18\src\traditional\proc\p18F2580.asm
                   RXB1D5   0x000f5b       data     extern C:\MCC18\src\traditional\proc\p18F2580.asm
               RXB1D5bits   0x000f5b       data     extern C:\MCC18\src\traditional\proc\p18F2580.asm
                   RXB1D6   0x000f5c       data     extern C:\MCC18\src\traditional\proc\p18F2580.asm
               RXB1D6bits   0x000f5c       data     extern C:\MCC18\src\traditional\proc\p18F2580.asm
                   RXB1D7   0x000f5d       data     extern C:\MCC18\src\traditional\proc\p18F2580.asm
               RXB1D7bits   0x000f5d       data     extern C:\MCC18\src\traditional\proc\p18F2580.asm
                  RXB1DLC   0x000f55       data     extern C:\MCC18\src\traditional\proc\p18F2580.asm
              RXB1DLCbits   0x000f55       data     extern C:\MCC18\src\traditional\proc\p18F2580.asm
                 RXB1EIDH   0x000f53       data     extern C:\MCC18\src\traditional\proc\p18F2580.asm
             RXB1EIDHbits   0x000f53       data     extern C:\MCC18\src\traditional\proc\p18F2580.asm
                 RXB1EIDL   0x000f54       data     extern C:\MCC18\src\traditional\proc\p18F2580.asm
             RXB1EIDLbits   0x000f54       data     extern C:\MCC18\src\traditional\proc\p18F2580.asm
                 RXB1SIDH   0x000f51       data     extern C:\MCC18\src\traditional\proc\p18F2580.asm
             RXB1SIDHbits   0x000f51       data     extern C:\MCC18\src\traditional\proc\p18F2580.asm
                 RXB1SIDL   0x000f52       data     extern C:\MCC18\src\traditional\proc\p18F2580.asm
             RXB1SIDLbits   0x000f52       data     extern C:\MCC18\src\traditional\proc\p18F2580.asm
                 RXERRCNT   0x000f75       data     extern C:\MCC18\src\traditional\proc\p18F2580.asm
             RXERRCNTbits   0x000f75       data     extern C:\MCC18\src\traditional\proc\p18F2580.asm
                 RXF0EIDH   0x000f02       data     extern C:\MCC18\src\traditional\proc\p18F2580.asm
             RXF0EIDHbits   0x000f02       data     extern C:\MCC18\src\traditional\proc\p18F2580.asm
                 RXF0EIDL   0x000f03       data     extern C:\MCC18\src\traditional\proc\p18F2580.asm
             RXF0EIDLbits   0x000f03       data     extern C:\MCC18\src\traditional\proc\p18F2580.asm
                 RXF0SIDH   0x000f00       data     extern C:\MCC18\src\traditional\proc\p18F2580.asm
             RXF0SIDHbits   0x000f00       data     extern C:\MCC18\src\traditional\proc\p18F2580.asm
                 RXF0SIDL   0x000f01       data     extern C:\MCC18\src\traditional\proc\p18F2580.asm
             RXF0SIDLbits   0x000f01       data     extern C:\MCC18\src\traditional\proc\p18F2580.asm
                RXF10EIDH   0x000d76       data     extern C:\MCC18\src\traditional\proc\p18F2580.asm
            RXF10EIDHbits   0x000d76       data     extern C:\MCC18\src\traditional\proc\p18F2580.asm
                RXF10EIDL   0x000d77       data     extern C:\MCC18\src\traditional\proc\p18F2580.asm
            RXF10EIDLbits   0x000d77       data     extern C:\MCC18\src\traditional\proc\p18F2580.asm
                RXF10SIDH   0x000d74       data     extern C:\MCC18\src\traditional\proc\p18F2580.asm
            RXF10SIDHbits   0x000d74       data     extern C:\MCC18\src\traditional\proc\p18F2580.asm
                RXF10SIDL   0x000d75       data     extern C:\MCC18\src\traditional\proc\p18F2580.asm
            RXF10SIDLbits   0x000d75       data     extern C:\MCC18\src\traditional\proc\p18F2580.asm
                RXF11EIDH   0x000d7a       data     extern C:\MCC18\src\traditional\proc\p18F2580.asm
            RXF11EIDHbits   0x000d7a       data     extern C:\MCC18\src\traditional\proc\p18F2580.asm
                RXF11EIDL   0x000d7b       data     extern C:\MCC18\src\traditional\proc\p18F2580.asm
            RXF11EIDLbits   0x000d7b       data     extern C:\MCC18\src\traditional\proc\p18F2580.asm
                RXF11SIDH   0x000d78       data     extern C:\MCC18\src\traditional\proc\p18F2580.asm
            RXF11SIDHbits   0x000d78       data     extern C:\MCC18\src\traditional\proc\p18F2580.asm
                RXF11SIDL   0x000d79       data     extern C:\MCC18\src\traditional\proc\p18F2580.asm
            RXF11SIDLbits   0x000d79       data     extern C:\MCC18\src\traditional\proc\p18F2580.asm
                RXF12EIDH   0x000d82       data     extern C:\MCC18\src\traditional\proc\p18F2580.asm
            RXF12EIDHbits   0x000d82       data     extern C:\MCC18\src\traditional\proc\p18F2580.asm
                RXF12EIDL   0x000d83       data     extern C:\MCC18\src\traditional\proc\p18F2580.asm
            RXF12EIDLbits   0x000d83       data     extern C:\MCC18\src\traditional\proc\p18F2580.asm
                RXF12SIDH   0x000d80       data     extern C:\MCC18\src\traditional\proc\p18F2580.asm
            RXF12SIDHbits   0x000d80       data     extern C:\MCC18\src\traditional\proc\p18F2580.asm
                RXF12SIDL   0x000d81       data     extern C:\MCC18\src\traditional\proc\p18F2580.asm
            RXF12SIDLbits   0x000d81       data     extern C:\MCC18\src\traditional\proc\p18F2580.asm
                RXF13EIDH   0x000d86       data     extern C:\MCC18\src\traditional\proc\p18F2580.asm
            RXF13EIDHbits   0x000d86       data     extern C:\MCC18\src\traditional\proc\p18F2580.asm
                RXF13EIDL   0x000d87       data     extern C:\MCC18\src\traditional\proc\p18F2580.asm
            RXF13EIDLbits   0x000d87       data     extern C:\MCC18\src\traditional\proc\p18F2580.asm
                RXF13SIDH   0x000d84       data     extern C:\MCC18\src\traditional\proc\p18F2580.asm
            RXF13SIDHbits   0x000d84       data     extern C:\MCC18\src\traditional\proc\p18F2580.asm
                RXF13SIDL   0x000d85       data     extern C:\MCC18\src\traditional\proc\p18F2580.asm
            RXF13SIDLbits   0x000d85       data     extern C:\MCC18\src\traditional\proc\p18F2580.asm
                RXF14EIDH   0x000d8a       data     extern C:\MCC18\src\traditional\proc\p18F2580.asm
            RXF14EIDHbits   0x000d8a       data     extern C:\MCC18\src\traditional\proc\p18F2580.asm
                RXF14EIDL   0x000d8b       data     extern C:\MCC18\src\traditional\proc\p18F2580.asm
            RXF14EIDLbits   0x000d8b       data     extern C:\MCC18\src\traditional\proc\p18F2580.asm
                RXF14SIDH   0x000d88       data     extern C:\MCC18\src\traditional\proc\p18F2580.asm
            RXF14SIDHbits   0x000d88       data     extern C:\MCC18\src\traditional\proc\p18F2580.asm
                RXF14SIDL   0x000d89       data     extern C:\MCC18\src\traditional\proc\p18F2580.asm
            RXF14SIDLbits   0x000d89       data     extern C:\MCC18\src\traditional\proc\p18F2580.asm
                RXF15EIDH   0x000d92       data     extern C:\MCC18\src\traditional\proc\p18F2580.asm
            RXF15EIDHbits   0x000d92       data     extern C:\MCC18\src\traditional\proc\p18F2580.asm
                RXF15EIDL   0x000d93       data     extern C:\MCC18\src\traditional\proc\p18F2580.asm
            RXF15EIDLbits   0x000d93       data     extern C:\MCC18\src\traditional\proc\p18F2580.asm
                RXF15SIDH   0x000d90       data     extern C:\MCC18\src\traditional\proc\p18F2580.asm
            RXF15SIDHbits   0x000d90       data     extern C:\MCC18\src\traditional\proc\p18F2580.asm
                RXF15SIDL   0x000d91       data     extern C:\MCC18\src\traditional\proc\p18F2580.asm
            RXF15SIDLbits   0x000d91       data     extern C:\MCC18\src\traditional\proc\p18F2580.asm
                 RXF1EIDH   0x000f06       data     extern C:\MCC18\src\traditional\proc\p18F2580.asm
             RXF1EIDHbits   0x000f06       data     extern C:\MCC18\src\traditional\proc\p18F2580.asm
                 RXF1EIDL   0x000f07       data     extern C:\MCC18\src\traditional\proc\p18F2580.asm
             RXF1EIDLbits   0x000f07       data     extern C:\MCC18\src\traditional\proc\p18F2580.asm
                 RXF1SIDH   0x000f04       data     extern C:\MCC18\src\traditional\proc\p18F2580.asm
             RXF1SIDHbits   0x000f04       data     extern C:\MCC18\src\traditional\proc\p18F2580.asm
                 RXF1SIDL   0x000f05       data     extern C:\MCC18\src\traditional\proc\p18F2580.asm
             RXF1SIDLbits   0x000f05       data     extern C:\MCC18\src\traditional\proc\p18F2580.asm
                 RXF2EIDH   0x000f0a       data     extern C:\MCC18\src\traditional\proc\p18F2580.asm
             RXF2EIDHbits   0x000f0a       data     extern C:\MCC18\src\traditional\proc\p18F2580.asm
                 RXF2EIDL   0x000f0b       data     extern C:\MCC18\src\traditional\proc\p18F2580.asm
             RXF2EIDLbits   0x000f0b       data     extern C:\MCC18\src\traditional\proc\p18F2580.asm
                 RXF2SIDH   0x000f08       data     extern C:\MCC18\src\traditional\proc\p18F2580.asm
             RXF2SIDHbits   0x000f08       data     extern C:\MCC18\src\traditional\proc\p18F2580.asm
                 RXF2SIDL   0x000f09       data     extern C:\MCC18\src\traditional\proc\p18F2580.asm
             RXF2SIDLbits   0x000f09       data     extern C:\MCC18\src\traditional\proc\p18F2580.asm
                 RXF3EIDH   0x000f0e       data     extern C:\MCC18\src\traditional\proc\p18F2580.asm
             RXF3EIDHbits   0x000f0e       data     extern C:\MCC18\src\traditional\proc\p18F2580.asm
                 RXF3EIDL   0x000f0f       data     extern C:\MCC18\src\traditional\proc\p18F2580.asm
             RXF3EIDLbits   0x000f0f       data     extern C:\MCC18\src\traditional\proc\p18F2580.asm
                 RXF3SIDH   0x000f0c       data     extern C:\MCC18\src\traditional\proc\p18F2580.asm
             RXF3SIDHbits   0x000f0c       data     extern C:\MCC18\src\traditional\proc\p18F2580.asm
                 RXF3SIDL   0x000f0d       data     extern C:\MCC18\src\traditional\proc\p18F2580.asm
             RXF3SIDLbits   0x000f0d       data     extern C:\MCC18\src\traditional\proc\p18F2580.asm
                 RXF4EIDH   0x000f12       data     extern C:\MCC18\src\traditional\proc\p18F2580.asm
             RXF4EIDHbits   0x000f12       data     extern C:\MCC18\src\traditional\proc\p18F2580.asm
                 RXF4EIDL   0x000f13       data     extern C:\MCC18\src\traditional\proc\p18F2580.asm
             RXF4EIDLbits   0x000f13       data     extern C:\MCC18\src\traditional\proc\p18F2580.asm
                 RXF4SIDH   0x000f10       data     extern C:\MCC18\src\traditional\proc\p18F2580.asm
             RXF4SIDHbits   0x000f10       data     extern C:\MCC18\src\traditional\proc\p18F2580.asm
                 RXF4SIDL   0x000f11       data     extern C:\MCC18\src\traditional\proc\p18F2580.asm
             RXF4SIDLbits   0x000f11       data     extern C:\MCC18\src\traditional\proc\p18F2580.asm
                 RXF5EIDH   0x000f16       data     extern C:\MCC18\src\traditional\proc\p18F2580.asm
             RXF5EIDHbits   0x000f16       data     extern C:\MCC18\src\traditional\proc\p18F2580.asm
                 RXF5EIDL   0x000f17       data     extern C:\MCC18\src\traditional\proc\p18F2580.asm
             RXF5EIDLbits   0x000f17       data     extern C:\MCC18\src\traditional\proc\p18F2580.asm
                 RXF5SIDH   0x000f14       data     extern C:\MCC18\src\traditional\proc\p18F2580.asm
             RXF5SIDHbits   0x000f14       data     extern C:\MCC18\src\traditional\proc\p18F2580.asm
                 RXF5SIDL   0x000f15       data     extern C:\MCC18\src\traditional\proc\p18F2580.asm
             RXF5SIDLbits   0x000f15       data     extern C:\MCC18\src\traditional\proc\p18F2580.asm
                 RXF6EIDH   0x000d62       data     extern C:\MCC18\src\traditional\proc\p18F2580.asm
             RXF6EIDHbits   0x000d62       data     extern C:\MCC18\src\traditional\proc\p18F2580.asm
                 RXF6EIDL   0x000d63       data     extern C:\MCC18\src\traditional\proc\p18F2580.asm
             RXF6EIDLbits   0x000d63       data     extern C:\MCC18\src\traditional\proc\p18F2580.asm
                 RXF6SIDH   0x000d60       data     extern C:\MCC18\src\traditional\proc\p18F2580.asm
             RXF6SIDHbits   0x000d60       data     extern C:\MCC18\src\traditional\proc\p18F2580.asm
                 RXF6SIDL   0x000d61       data     extern C:\MCC18\src\traditional\proc\p18F2580.asm
             RXF6SIDLbits   0x000d61       data     extern C:\MCC18\src\traditional\proc\p18F2580.asm
                 RXF7EIDH   0x000d66       data     extern C:\MCC18\src\traditional\proc\p18F2580.asm
             RXF7EIDHbits   0x000d66       data     extern C:\MCC18\src\traditional\proc\p18F2580.asm
                 RXF7EIDL   0x000d67       data     extern C:\MCC18\src\traditional\proc\p18F2580.asm
             RXF7EIDLbits   0x000d67       data     extern C:\MCC18\src\traditional\proc\p18F2580.asm
                 RXF7SIDH   0x000d64       data     extern C:\MCC18\src\traditional\proc\p18F2580.asm
             RXF7SIDHbits   0x000d64       data     extern C:\MCC18\src\traditional\proc\p18F2580.asm
                 RXF7SIDL   0x000d65       data     extern C:\MCC18\src\traditional\proc\p18F2580.asm
             RXF7SIDLbits   0x000d65       data     extern C:\MCC18\src\traditional\proc\p18F2580.asm
                 RXF8EIDH   0x000d6a       data     extern C:\MCC18\src\traditional\proc\p18F2580.asm
             RXF8EIDHbits   0x000d6a       data     extern C:\MCC18\src\traditional\proc\p18F2580.asm
                 RXF8EIDL   0x000d6b       data     extern C:\MCC18\src\traditional\proc\p18F2580.asm
             RXF8EIDLbits   0x000d6b       data     extern C:\MCC18\src\traditional\proc\p18F2580.asm
                 RXF8SIDH   0x000d68       data     extern C:\MCC18\src\traditional\proc\p18F2580.asm
             RXF8SIDHbits   0x000d68       data     extern C:\MCC18\src\traditional\proc\p18F2580.asm
                 RXF8SIDL   0x000d69       data     extern C:\MCC18\src\traditional\proc\p18F2580.asm
             RXF8SIDLbits   0x000d69       data     extern C:\MCC18\src\traditional\proc\p18F2580.asm
                 RXF9EIDH   0x000d72       data     extern C:\MCC18\src\traditional\proc\p18F2580.asm
             RXF9EIDHbits   0x000d72       data     extern C:\MCC18\src\traditional\proc\p18F2580.asm
                 RXF9EIDL   0x000d73       data     extern C:\MCC18\src\traditional\proc\p18F2580.asm
             RXF9EIDLbits   0x000d73       data     extern C:\MCC18\src\traditional\proc\p18F2580.asm
                 RXF9SIDH   0x000d70       data     extern C:\MCC18\src\traditional\proc\p18F2580.asm
             RXF9SIDHbits   0x000d70       data     extern C:\MCC18\src\traditional\proc\p18F2580.asm
                 RXF9SIDL   0x000d71       data     extern C:\MCC18\src\traditional\proc\p18F2580.asm
             RXF9SIDLbits   0x000d71       data     extern C:\MCC18\src\traditional\proc\p18F2580.asm
                 RXFBCON0   0x000de0       data     extern C:\MCC18\src\traditional\proc\p18F2580.asm
             RXFBCON0bits   0x000de0       data     extern C:\MCC18\src\traditional\proc\p18F2580.asm
                 RXFBCON1   0x000de1       data     extern C:\MCC18\src\traditional\proc\p18F2580.asm
             RXFBCON1bits   0x000de1       data     extern C:\MCC18\src\traditional\proc\p18F2580.asm
                 RXFBCON2   0x000de2       data     extern C:\MCC18\src\traditional\proc\p18F2580.asm
             RXFBCON2bits   0x000de2       data     extern C:\MCC18\src\traditional\proc\p18F2580.asm
                 RXFBCON3   0x000de3       data     extern C:\MCC18\src\traditional\proc\p18F2580.asm
             RXFBCON3bits   0x000de3       data     extern C:\MCC18\src\traditional\proc\p18F2580.asm
                 RXFBCON4   0x000de4       data     extern C:\MCC18\src\traditional\proc\p18F2580.asm
             RXFBCON4bits   0x000de4       data     extern C:\MCC18\src\traditional\proc\p18F2580.asm
                 RXFBCON5   0x000de5       data     extern C:\MCC18\src\traditional\proc\p18F2580.asm
             RXFBCON5bits   0x000de5       data     extern C:\MCC18\src\traditional\proc\p18F2580.asm
                 RXFBCON6   0x000de6       data     extern C:\MCC18\src\traditional\proc\p18F2580.asm
             RXFBCON6bits   0x000de6       data     extern C:\MCC18\src\traditional\proc\p18F2580.asm
                 RXFBCON7   0x000de7       data     extern C:\MCC18\src\traditional\proc\p18F2580.asm
             RXFBCON7bits   0x000de7       data     extern C:\MCC18\src\traditional\proc\p18F2580.asm
                  RXFCON0   0x000dd4       data     extern C:\MCC18\src\traditional\proc\p18F2580.asm
              RXFCON0bits   0x000dd4       data     extern C:\MCC18\src\traditional\proc\p18F2580.asm
                  RXFCON1   0x000dd5       data     extern C:\MCC18\src\traditional\proc\p18F2580.asm
              RXFCON1bits   0x000dd5       data     extern C:\MCC18\src\traditional\proc\p18F2580.asm
                 RXM0EIDH   0x000f1a       data     extern C:\MCC18\src\traditional\proc\p18F2580.asm
             RXM0EIDHbits   0x000f1a       data     extern C:\MCC18\src\traditional\proc\p18F2580.asm
                 RXM0EIDL   0x000f1b       data     extern C:\MCC18\src\traditional\proc\p18F2580.asm
             RXM0EIDLbits   0x000f1b       data     extern C:\MCC18\src\traditional\proc\p18F2580.asm
                 RXM0SIDH   0x000f18       data     extern C:\MCC18\src\traditional\proc\p18F2580.asm
             RXM0SIDHbits   0x000f18       data     extern C:\MCC18\src\traditional\proc\p18F2580.asm
                 RXM0SIDL   0x000f19       data     extern C:\MCC18\src\traditional\proc\p18F2580.asm
             RXM0SIDLbits   0x000f19       data     extern C:\MCC18\src\traditional\proc\p18F2580.asm
                 RXM1EIDH   0x000f1e       data     extern C:\MCC18\src\traditional\proc\p18F2580.asm
             RXM1EIDHbits   0x000f1e       data     extern C:\MCC18\src\traditional\proc\p18F2580.asm
[...]
                   RXB0D1   0x000f67       data     extern C:\MCC18\src\traditional\proc\p18F2580.asm
               RXB0D2bits   0x000f68       data     extern C:\MCC18\src\traditional\proc\p18F2580.asm
                   RXB0D2   0x000f68       data     extern C:\MCC18\src\traditional\proc\p18F2580.asm
               RXB0D3bits   0x000f69       data     extern C:\MCC18\src\traditional\proc\p18F2580.asm
                   RXB0D3   0x000f69       data     extern C:\MCC18\src\traditional\proc\p18F2580.asm
               RXB0D4bits   0x000f6a       data     extern C:\MCC18\src\traditional\proc\p18F2580.asm
                   RXB0D4   0x000f6a       data     extern C:\MCC18\src\traditional\proc\p18F2580.asm
                   RXB0D5   0x000f6b       data     extern C:\MCC18\src\traditional\proc\p18F2580.asm
               RXB0D5bits   0x000f6b       data     extern C:\MCC18\src\traditional\proc\p18F2580.asm
               RXB0D6bits   0x000f6c       data     extern C:\MCC18\src\traditional\proc\p18F2580.asm
                   RXB0D6   0x000f6c       data     extern C:\MCC18\src\traditional\proc\p18F2580.asm
               RXB0D7bits   0x000f6d       data     extern C:\MCC18\src\traditional\proc\p18F2580.asm
                   RXB0D7   0x000f6d       data     extern C:\MCC18\src\traditional\proc\p18F2580.asm
                  CANSTAT   0x000f6e       data     extern C:\MCC18\src\traditional\proc\p18F2580.asm
              CANSTATbits   0x000f6e       data     extern C:\MCC18\src\traditional\proc\p18F2580.asm
                   CANCON   0x000f6f       data     extern C:\MCC18\src\traditional\proc\p18F2580.asm
               CANCONbits   0x000f6f       data     extern C:\MCC18\src\traditional\proc\p18F2580.asm
                  BRGCON1   0x000f70       data     extern C:\MCC18\src\traditional\proc\p18F2580.asm
              BRGCON1bits   0x000f70       data     extern C:\MCC18\src\traditional\proc\p18F2580.asm
                  BRGCON2   0x000f71       data     extern C:\MCC18\src\traditional\proc\p18F2580.asm
              BRGCON2bits   0x000f71       data     extern C:\MCC18\src\traditional\proc\p18F2580.asm
                  BRGCON3   0x000f72       data     extern C:\MCC18\src\traditional\proc\p18F2580.asm
              BRGCON3bits   0x000f72       data     extern C:\MCC18\src\traditional\proc\p18F2580.asm
                   CIOCON   0x000f73       data     extern C:\MCC18\src\traditional\proc\p18F2580.asm
               CIOCONbits   0x000f73       data     extern C:\MCC18\src\traditional\proc\p18F2580.asm
                  COMSTAT   0x000f74       data     extern C:\MCC18\src\traditional\proc\p18F2580.asm
              COMSTATbits   0x000f74       data     extern C:\MCC18\src\traditional\proc\p18F2580.asm
             RXERRCNTbits   0x000f75       data     extern C:\MCC18\src\traditional\proc\p18F2580.asm
                 RXERRCNT   0x000f75       data     extern C:\MCC18\src\traditional\proc\p18F2580.asm
             TXERRCNTbits   0x000f76       data     extern C:\MCC18\src\traditional\proc\p18F2580.asm
                 TXERRCNT   0x000f76       data     extern C:\MCC18\src\traditional\proc\p18F2580.asm
              ECANCONbits   0x000f77       data     extern C:\MCC18\src\traditional\proc\p18F2580.asm
                  ECANCON   0x000f77       data     extern C:\MCC18\src\traditional\proc\p18F2580.asm
                PORTAbits   0x000f80       data     extern C:\MCC18\src\traditional\proc\p18F2580.asm
                    PORTA   0x000f80       data     extern C:\MCC18\src\traditional\proc\p18F2580.asm
                    PORTB   0x000f81       data     extern C:\MCC18\src\traditional\proc\p18F2580.asm
                PORTBbits   0x000f81       data     extern C:\MCC18\src\traditional\proc\p18F2580.asm
                    PORTC   0x000f82       data     extern C:\MCC18\src\traditional\proc\p18F2580.asm
                PORTCbits   0x000f82       data     extern C:\MCC18\src\traditional\proc\p18F2580.asm
                    PORTE   0x000f84       data     extern C:\MCC18\src\traditional\proc\p18F2580.asm
                PORTEbits   0x000f84       data     extern C:\MCC18\src\traditional\proc\p18F2580.asm
                 LATAbits   0x000f89       data     extern C:\MCC18\src\traditional\proc\p18F2580.asm
                     LATA   0x000f89       data     extern C:\MCC18\src\traditional\proc\p18F2580.asm
                     LATB   0x000f8a       data     extern C:\MCC18\src\traditional\proc\p18F2580.asm
                 LATBbits   0x000f8a       data     extern C:\MCC18\src\traditional\proc\p18F2580.asm
                     LATC   0x000f8b       data     extern C:\MCC18\src\traditional\proc\p18F2580.asm
                 LATCbits   0x000f8b       data     extern C:\MCC18\src\traditional\proc\p18F2580.asm
                 DDRAbits   0x000f92       data     extern C:\MCC18\src\traditional\proc\p18F2580.asm
                     DDRA   0x000f92       data     extern C:\MCC18\src\traditional\proc\p18F2580.asm
                    TRISA   0x000f92       data     extern C:\MCC18\src\traditional\proc\p18F2580.asm
                TRISAbits   0x000f92       data     extern C:\MCC18\src\traditional\proc\p18F2580.asm
                    TRISB   0x000f93       data     extern C:\MCC18\src\traditional\proc\p18F2580.asm
                TRISBbits   0x000f93       data     extern C:\MCC18\src\traditional\proc\p18F2580.asm
                     DDRB   0x000f93       data     extern C:\MCC18\src\traditional\proc\p18F2580.asm
                 DDRBbits   0x000f93       data     extern C:\MCC18\src\traditional\proc\p18F2580.asm
                TRISCbits   0x000f94       data     extern C:\MCC18\src\traditional\proc\p18F2580.asm
                 DDRCbits   0x000f94       data     extern C:\MCC18\src\traditional\proc\p18F2580.asm
                     DDRC   0x000f94       data     extern C:\MCC18\src\traditional\proc\p18F2580.asm
                    TRISC   0x000f94       data     extern C:\MCC18\src\traditional\proc\p18F2580.asm
              OSCTUNEbits   0x000f9b       data     extern C:\MCC18\src\traditional\proc\p18F2580.asm
                  OSCTUNE   0x000f9b       data     extern C:\MCC18\src\traditional\proc\p18F2580.asm
                     PIE1   0x000f9d       data     extern C:\MCC18\src\traditional\proc\p18F2580.asm
                 PIE1bits   0x000f9d       data     extern C:\MCC18\src\traditional\proc\p18F2580.asm
                 PIR1bits   0x000f9e       data     extern C:\MCC18\src\traditional\proc\p18F2580.asm
                     PIR1   0x000f9e       data     extern C:\MCC18\src\traditional\proc\p18F2580.asm
                     IPR1   0x000f9f       data     extern C:\MCC18\src\traditional\proc\p18F2580.asm
                 IPR1bits   0x000f9f       data     extern C:\MCC18\src\traditional\proc\p18F2580.asm
                 PIE2bits   0x000fa0       data     extern C:\MCC18\src\traditional\proc\p18F2580.asm
                     PIE2   0x000fa0       data     extern C:\MCC18\src\traditional\proc\p18F2580.asm
                     PIR2   0x000fa1       data     extern C:\MCC18\src\traditional\proc\p18F2580.asm
                 PIR2bits   0x000fa1       data     extern C:\MCC18\src\traditional\proc\p18F2580.asm
                 IPR2bits   0x000fa2       data     extern C:\MCC18\src\traditional\proc\p18F2580.asm
                     IPR2   0x000fa2       data     extern C:\MCC18\src\traditional\proc\p18F2580.asm
                     PIE3   0x000fa3       data     extern C:\MCC18\src\traditional\proc\p18F2580.asm
                 PIE3bits   0x000fa3       data     extern C:\MCC18\src\traditional\proc\p18F2580.asm
                     PIR3   0x000fa4       data     extern C:\MCC18\src\traditional\proc\p18F2580.asm
                 PIR3bits   0x000fa4       data     extern C:\MCC18\src\traditional\proc\p18F2580.asm
                 IPR3bits   0x000fa5       data     extern C:\MCC18\src\traditional\proc\p18F2580.asm
                     IPR3   0x000fa5       data     extern C:\MCC18\src\traditional\proc\p18F2580.asm
               EECON1bits   0x000fa6       data     extern C:\MCC18\src\traditional\proc\p18F2580.asm
                   EECON1   0x000fa6       data     extern C:\MCC18\src\traditional\proc\p18F2580.asm
                   EECON2   0x000fa7       data     extern C:\MCC18\src\traditional\proc\p18F2580.asm
                   EEDATA   0x000fa8       data     extern C:\MCC18\src\traditional\proc\p18F2580.asm
                    EEADR   0x000fa9       data     extern C:\MCC18\src\traditional\proc\p18F2580.asm
                    RCSTA   0x000fab       data     extern C:\MCC18\src\traditional\proc\p18F2580.asm
                RCSTAbits   0x000fab       data     extern C:\MCC18\src\traditional\proc\p18F2580.asm
                TXSTAbits   0x000fac       data     extern C:\MCC18\src\traditional\proc\p18F2580.asm
                    TXSTA   0x000fac       data     extern C:\MCC18\src\traditional\proc\p18F2580.asm
                    TXREG   0x000fad       data     extern C:\MCC18\src\traditional\proc\p18F2580.asm
                    RCREG   0x000fae       data     extern C:\MCC18\src\traditional\proc\p18F2580.asm
                    SPBRG   0x000faf       data     extern C:\MCC18\src\traditional\proc\p18F2580.asm
                   SPBRGH   0x000fb0       data     extern C:\MCC18\src\traditional\proc\p18F2580.asm
                T3CONbits   0x000fb1       data     extern C:\MCC18\src\traditional\proc\p18F2580.asm
                    T3CON   0x000fb1       data     extern C:\MCC18\src\traditional\proc\p18F2580.asm
                    TMR3L   0x000fb2       data     extern C:\MCC18\src\traditional\proc\p18F2580.asm
                    TMR3H   0x000fb3       data     extern C:\MCC18\src\traditional\proc\p18F2580.asm
             ECCP1DELbits   0x000fb7       data     extern C:\MCC18\src\traditional\proc\p18F2580.asm
                 ECCP1DEL   0x000fb7       data     extern C:\MCC18\src\traditional\proc\p18F2580.asm
              BAUDCONbits   0x000fb8       data     extern C:\MCC18\src\traditional\proc\p18F2580.asm
                  BAUDCON   0x000fb8       data     extern C:\MCC18\src\traditional\proc\p18F2580.asm
                  CCP1CON   0x000fbd       data     extern C:\MCC18\src\traditional\proc\p18F2580.asm
              CCP1CONbits   0x000fbd       data     extern C:\MCC18\src\traditional\proc\p18F2580.asm
                    CCPR1   0x000fbe       data     extern C:\MCC18\src\traditional\proc\p18F2580.asm
                   CCPR1L   0x000fbe       data     extern C:\MCC18\src\traditional\proc\p18F2580.asm
                   CCPR1H   0x000fbf       data     extern C:\MCC18\src\traditional\proc\p18F2580.asm
               ADCON2bits   0x000fc0       data     extern C:\MCC18\src\traditional\proc\p18F2580.asm
                   ADCON2   0x000fc0       data     extern C:\MCC18\src\traditional\proc\p18F2580.asm
               ADCON1bits   0x000fc1       data     extern C:\MCC18\src\traditional\proc\p18F2580.asm
                   ADCON1   0x000fc1       data     extern C:\MCC18\src\traditional\proc\p18F2580.asm
               ADCON0bits   0x000fc2       data     extern C:\MCC18\src\traditional\proc\p18F2580.asm
                   ADCON0   0x000fc2       data     extern C:\MCC18\src\traditional\proc\p18F2580.asm
                    ADRES   0x000fc3       data     extern C:\MCC18\src\traditional\proc\p18F2580.asm
                   ADRESL   0x000fc3       data     extern C:\MCC18\src\traditional\proc\p18F2580.asm
                   ADRESH   0x000fc4       data     extern C:\MCC18\src\traditional\proc\p18F2580.asm
                  SSPCON2   0x000fc5       data     extern C:\MCC18\src\traditional\proc\p18F2580.asm
              SSPCON2bits   0x000fc5       data     extern C:\MCC18\src\traditional\proc\p18F2580.asm
                  SSPCON1   0x000fc6       data     extern C:\MCC18\src\traditional\proc\p18F2580.asm
              SSPCON1bits   0x000fc6       data     extern C:\MCC18\src\traditional\proc\p18F2580.asm
                  SSPSTAT   0x000fc7       data     extern C:\MCC18\src\traditional\proc\p18F2580.asm
              SSPSTATbits   0x000fc7       data     extern C:\MCC18\src\traditional\proc\p18F2580.asm
                   SSPADD   0x000fc8       data     extern C:\MCC18\src\traditional\proc\p18F2580.asm
                   SSPBUF   0x000fc9       data     extern C:\MCC18\src\traditional\proc\p18F2580.asm
                    T2CON   0x000fca       data     extern C:\MCC18\src\traditional\proc\p18F2580.asm
                T2CONbits   0x000fca       data     extern C:\MCC18\src\traditional\proc\p18F2580.asm
                      PR2   0x000fcb       data     extern C:\MCC18\src\traditional\proc\p18F2580.asm
                     TMR2   0x000fcc       data     extern C:\MCC18\src\traditional\proc\p18F2580.asm
                T1CONbits   0x000fcd       data     extern C:\MCC18\src\traditional\proc\p18F2580.asm
                    T1CON   0x000fcd       data     extern C:\MCC18\src\traditional\proc\p18F2580.asm
                    TMR1L   0x000fce       data     extern C:\MCC18\src\traditional\proc\p18F2580.asm
                    TMR1H   0x000fcf       data     extern C:\MCC18\src\traditional\proc\p18F2580.asm
                 RCONbits   0x000fd0       data     extern C:\MCC18\src\traditional\proc\p18F2580.asm
                     RCON   0x000fd0       data     extern C:\MCC18\src\traditional\proc\p18F2580.asm
               WDTCONbits   0x000fd1       data     extern C:\MCC18\src\traditional\proc\p18F2580.asm
                   WDTCON   0x000fd1       data     extern C:\MCC18\src\traditional\proc\p18F2580.asm
                   LVDCON   0x000fd2       data     extern C:\MCC18\src\traditional\proc\p18F2580.asm
               LVDCONbits   0x000fd2       data     extern C:\MCC18\src\traditional\proc\p18F2580.asm
              HLVDCONbits   0x000fd2       data     extern C:\MCC18\src\traditional\proc\p18F2580.asm
                  HLVDCON   0x000fd2       data     extern C:\MCC18\src\traditional\proc\p18F2580.asm
                   OSCCON   0x000fd3       data     extern C:\MCC18\src\traditional\proc\p18F2580.asm
               OSCCONbits   0x000fd3       data     extern C:\MCC18\src\traditional\proc\p18F2580.asm
                    T0CON   0x000fd5       data     extern C:\MCC18\src\traditional\proc\p18F2580.asm
                T0CONbits   0x000fd5       data     extern C:\MCC18\src\traditional\proc\p18F2580.asm
                    TMR0L   0x000fd6       data     extern C:\MCC18\src\traditional\proc\p18F2580.asm
                    TMR0H   0x000fd7       data     extern C:\MCC18\src\traditional\proc\p18F2580.asm
                   STATUS   0x000fd8       data     extern C:\MCC18\src\traditional\proc\p18F2580.asm
               STATUSbits   0x000fd8       data     extern C:\MCC18\src\traditional\proc\p18F2580.asm
                    FSR2L   0x000fd9       data     extern C:\MCC18\src\traditional\proc\p18F2580.asm
                     FSR2   0x000fd9       data     extern C:\MCC18\src\traditional\proc\p18F2580.asm
                    FSR2H   0x000fda       data     extern C:\MCC18\src\traditional\proc\p18F2580.asm
                   PLUSW2   0x000fdb       data     extern C:\MCC18\src\traditional\proc\p18F2580.asm
                  PREINC2   0x000fdc       data     extern C:\MCC18\src\traditional\proc\p18F2580.asm
                 POSTDEC2   0x000fdd       data     extern C:\MCC18\src\traditional\proc\p18F2580.asm
                 POSTINC2   0x000fde       data     extern C:\MCC18\src\traditional\proc\p18F2580.asm
                    INDF2   0x000fdf       data     extern C:\MCC18\src\traditional\proc\p18F2580.asm
                      BSR   0x000fe0       data     extern C:\MCC18\src\traditional\proc\p18F2580.asm
                     FSR1   0x000fe1       data     extern C:\MCC18\src\traditional\proc\p18F2580.asm
                    FSR1L   0x000fe1       data     extern C:\MCC18\src\traditional\proc\p18F2580.asm
                    FSR1H   0x000fe2       data     extern C:\MCC18\src\traditional\proc\p18F2580.asm
                   PLUSW1   0x000fe3       data     extern C:\MCC18\src\traditional\proc\p18F2580.asm
                  PREINC1   0x000fe4       data     extern C:\MCC18\src\traditional\proc\p18F2580.asm
                 POSTDEC1   0x000fe5       data     extern C:\MCC18\src\traditional\proc\p18F2580.asm
                 POSTINC1   0x000fe6       data     extern C:\MCC18\src\traditional\proc\p18F2580.asm
                    INDF1   0x000fe7       data     extern C:\MCC18\src\traditional\proc\p18F2580.asm
                     WREG   0x000fe8       data     extern C:\MCC18\src\traditional\proc\p18F2580.asm
                    FSR0L   0x000fe9       data     extern C:\MCC18\src\traditional\proc\p18F2580.asm
                     FSR0   0x000fe9       data     extern C:\MCC18\src\traditional\proc\p18F2580.asm
                    FSR0H   0x000fea       data     extern C:\MCC18\src\traditional\proc\p18F2580.asm
                   PLUSW0   0x000feb       data     extern C:\MCC18\src\traditional\proc\p18F2580.asm
                  PREINC0   0x000fec       data     extern C:\MCC18\src\traditional\proc\p18F2580.asm
                 POSTDEC0   0x000fed       data     extern C:\MCC18\src\traditional\proc\p18F2580.asm
                 POSTINC0   0x000fee       data     extern C:\MCC18\src\traditional\proc\p18F2580.asm
                    INDF0   0x000fef       data     extern C:\MCC18\src\traditional\proc\p18F2580.asm
              INTCON3bits   0x000ff0       data     extern C:\MCC18\src\traditional\proc\p18F2580.asm
                  INTCON3   0x000ff0       data     extern C:\MCC18\src\traditional\proc\p18F2580.asm
              INTCON2bits   0x000ff1       data     extern C:\MCC18\src\traditional\proc\p18F2580.asm
                  INTCON2   0x000ff1       data     extern C:\MCC18\src\traditional\proc\p18F2580.asm
               INTCONbits   0x000ff2       data     extern C:\MCC18\src\traditional\proc\p18F2580.asm
                   INTCON   0x000ff2       data     extern C:\MCC18\src\traditional\proc\p18F2580.asm
                     PROD   0x000ff3       data     extern C:\MCC18\src\traditional\proc\p18F2580.asm
                    PRODL   0x000ff3       data     extern C:\MCC18\src\traditional\proc\p18F2580.asm
                    PRODH   0x000ff4       data     extern C:\MCC18\src\traditional\proc\p18F2580.asm
                   TABLAT   0x000ff5       data     extern C:\MCC18\src\traditional\proc\p18F2580.asm
                   TBLPTR   0x000ff6       data     extern C:\MCC18\src\traditional\proc\p18F2580.asm
                  TBLPTRL   0x000ff6       data     extern C:\MCC18\src\traditional\proc\p18F2580.asm
                  TBLPTRH   0x000ff7       data     extern C:\MCC18\src\traditional\proc\p18F2580.asm
                  TBLPTRU   0x000ff8       data     extern C:\MCC18\src\traditional\proc\p18F2580.asm
                      PCL   0x000ff9       data     extern C:\MCC18\src\traditional\proc\p18F2580.asm
                       PC   0x000ff9       data     extern C:\MCC18\src\traditional\proc\p18F2580.asm
                   PCLATH   0x000ffa       data     extern C:\MCC18\src\traditional\proc\p18F2580.asm
                   PCLATU   0x000ffb       data     extern C:\MCC18\src\traditional\proc\p18F2580.asm
               STKPTRbits   0x000ffc       data     extern C:\MCC18\src\traditional\proc\p18F2580.asm
                   STKPTR   0x000ffc       data     extern C:\MCC18\src\traditional\proc\p18F2580.asm
                      TOS   0x000ffd       data     extern C:\MCC18\src\traditional\proc\p18F2580.asm
                     TOSL   0x000ffd       data     extern C:\MCC18\src\traditional\proc\p18F2580.asm
                     TOSH   0x000ffe       data     extern C:\MCC18\src\traditional\proc\p18F2580.asm
                     TOSU   0x000fff       data     extern C:\MCC18\src\traditional\proc\p18F2580.asm


